[0.006s] Invoking command in '/home/jon/ws11/build/grid_path_searcher': CMAKE_PREFIX_PATH=/home/jon/ws11/install/waypoint_generator:/home/jon/ws11/install/rviz_plugins:/home/jon/ws11/install/grid_path_searcher:/home/jon/ws02/install/cpp02_rosbag:/home/jon/ws02/install/cpp01_launch:/home/jon/ws01/install/tutorails_plumbing:/home/jon/ws01/install/cpp07_exercise:/home/jon/ws01/install/turtlesim:/home/jon/ws01/install/cpp06_time:/home/jon/ws01/install/cpp05_names:/home/jon/ws01/install/cpp04_param:/home/jon/ws01/install/cpp03_action:/home/jon/ws01/install/cpp02_service:/home/jon/ws01/install/cpp01_topic:/home/jon/ws01/install/base_demo:/opt/ros/humble /usr/bin/cmake --build /home/jon/ws11/build/grid_path_searcher -- -j24 -l24
[0.034s] [35m[1mConsolidate compiler generated dependencies of target demo_node[0m
[0.036s] [35m[1mConsolidate compiler generated dependencies of target random_complex[0m
[0.036s] [35m[1mConsolidate compiler generated dependencies of target occupancy_demo_node[0m
[0.046s] [ 28%] Built target random_complex
[0.047s] [ 57%] Built target occupancy_demo_node
[0.047s] [ 71%] [32mBuilding CXX object CMakeFiles/demo_node.dir/src/demo_node.cpp.o[0m
[6.017s] [ 85%] [32m[1mLinking CXX executable demo_node[0m
[6.306s] [100%] Built target demo_node
[6.320s] Invoked command in '/home/jon/ws11/build/grid_path_searcher' returned '0': CMAKE_PREFIX_PATH=/home/jon/ws11/install/waypoint_generator:/home/jon/ws11/install/rviz_plugins:/home/jon/ws11/install/grid_path_searcher:/home/jon/ws02/install/cpp02_rosbag:/home/jon/ws02/install/cpp01_launch:/home/jon/ws01/install/tutorails_plumbing:/home/jon/ws01/install/cpp07_exercise:/home/jon/ws01/install/turtlesim:/home/jon/ws01/install/cpp06_time:/home/jon/ws01/install/cpp05_names:/home/jon/ws01/install/cpp04_param:/home/jon/ws01/install/cpp03_action:/home/jon/ws01/install/cpp02_service:/home/jon/ws01/install/cpp01_topic:/home/jon/ws01/install/base_demo:/opt/ros/humble /usr/bin/cmake --build /home/jon/ws11/build/grid_path_searcher -- -j24 -l24
[6.320s] Invoking command in '/home/jon/ws11/build/grid_path_searcher': CMAKE_PREFIX_PATH=/home/jon/ws11/install/waypoint_generator:/home/jon/ws11/install/rviz_plugins:/home/jon/ws11/install/grid_path_searcher:/home/jon/ws02/install/cpp02_rosbag:/home/jon/ws02/install/cpp01_launch:/home/jon/ws01/install/tutorails_plumbing:/home/jon/ws01/install/cpp07_exercise:/home/jon/ws01/install/turtlesim:/home/jon/ws01/install/cpp06_time:/home/jon/ws01/install/cpp05_names:/home/jon/ws01/install/cpp04_param:/home/jon/ws01/install/cpp03_action:/home/jon/ws01/install/cpp02_service:/home/jon/ws01/install/cpp01_topic:/home/jon/ws01/install/base_demo:/opt/ros/humble /usr/bin/cmake --install /home/jon/ws11/build/grid_path_searcher
[6.323s] -- Install configuration: ""
[6.325s] -- Execute custom install script
[6.325s] -- Up-to-date symlink: /home/jon/ws11/install/grid_path_searcher/lib/grid_path_searcher/demo_node
[6.325s] -- Up-to-date symlink: /home/jon/ws11/install/grid_path_searcher/lib/grid_path_searcher/random_complex
[6.325s] -- Up-to-date symlink: /home/jon/ws11/install/grid_path_searcher/lib/grid_path_searcher/occupancy_demo_node
[6.325s] -- Up-to-date symlink: /home/jon/ws11/install/grid_path_searcher/include/graph_searcher.hpp
[6.325s] -- Up-to-date symlink: /home/jon/ws11/install/grid_path_searcher/share/grid_path_searcher/launch/demo_launch.py
[6.325s] -- Up-to-date symlink: /home/jon/ws11/install/grid_path_searcher/share/grid_path_searcher/launch/demo_with_data_launch.py
[6.325s] -- Up-to-date symlink: /home/jon/ws11/install/grid_path_searcher/share/grid_path_searcher/launch/occupancy_demo_launch.py
[6.325s] -- Up-to-date symlink: /home/jon/ws11/install/grid_path_searcher/share/grid_path_searcher/data/qos_overrides.yaml
[6.325s] -- Up-to-date symlink: /home/jon/ws11/install/grid_path_searcher/share/grid_path_searcher/data/tutorial_demo/metadata.yaml
[6.325s] -- Up-to-date symlink: /home/jon/ws11/install/grid_path_searcher/share/grid_path_searcher/data/tutorial_demo/tutorial_demo.db3
[6.325s] -- Up-to-date symlink: /home/jon/ws11/install/grid_path_searcher/share/ament_index/resource_index/package_run_dependencies/grid_path_searcher
[6.325s] -- Up-to-date symlink: /home/jon/ws11/install/grid_path_searcher/share/ament_index/resource_index/parent_prefix_path/grid_path_searcher
[6.325s] -- Up-to-date symlink: /home/jon/ws11/install/grid_path_searcher/share/grid_path_searcher/environment/ament_prefix_path.sh
[6.326s] -- Up-to-date symlink: /home/jon/ws11/install/grid_path_searcher/share/grid_path_searcher/environment/ament_prefix_path.dsv
[6.326s] -- Up-to-date symlink: /home/jon/ws11/install/grid_path_searcher/share/grid_path_searcher/environment/path.sh
[6.326s] -- Up-to-date symlink: /home/jon/ws11/install/grid_path_searcher/share/grid_path_searcher/environment/path.dsv
[6.326s] -- Up-to-date symlink: /home/jon/ws11/install/grid_path_searcher/share/grid_path_searcher/local_setup.bash
[6.326s] -- Up-to-date symlink: /home/jon/ws11/install/grid_path_searcher/share/grid_path_searcher/local_setup.sh
[6.326s] -- Up-to-date symlink: /home/jon/ws11/install/grid_path_searcher/share/grid_path_searcher/local_setup.zsh
[6.326s] -- Up-to-date symlink: /home/jon/ws11/install/grid_path_searcher/share/grid_path_searcher/local_setup.dsv
[6.326s] -- Symlinking: /home/jon/ws11/install/grid_path_searcher/share/grid_path_searcher/package.dsv
[6.332s] -- Up-to-date symlink: /home/jon/ws11/install/grid_path_searcher/share/ament_index/resource_index/packages/grid_path_searcher
[6.332s] -- Up-to-date symlink: /home/jon/ws11/install/grid_path_searcher/share/grid_path_searcher/cmake/grid_path_searcherConfig.cmake
[6.332s] -- Up-to-date symlink: /home/jon/ws11/install/grid_path_searcher/share/grid_path_searcher/cmake/grid_path_searcherConfig-version.cmake
[6.332s] -- Up-to-date symlink: /home/jon/ws11/install/grid_path_searcher/share/grid_path_searcher/package.xml
[6.335s] Invoked command in '/home/jon/ws11/build/grid_path_searcher' returned '0': CMAKE_PREFIX_PATH=/home/jon/ws11/install/waypoint_generator:/home/jon/ws11/install/rviz_plugins:/home/jon/ws11/install/grid_path_searcher:/home/jon/ws02/install/cpp02_rosbag:/home/jon/ws02/install/cpp01_launch:/home/jon/ws01/install/tutorails_plumbing:/home/jon/ws01/install/cpp07_exercise:/home/jon/ws01/install/turtlesim:/home/jon/ws01/install/cpp06_time:/home/jon/ws01/install/cpp05_names:/home/jon/ws01/install/cpp04_param:/home/jon/ws01/install/cpp03_action:/home/jon/ws01/install/cpp02_service:/home/jon/ws01/install/cpp01_topic:/home/jon/ws01/install/base_demo:/opt/ros/humble /usr/bin/cmake --install /home/jon/ws11/build/grid_path_searcher
