[0.014s] Invoking command in '/home/jon/ws11/build/waypoint_generator': CMAKE_PREFIX_PATH=${CMAKE_PREFIX_PATH}:/opt/ros/humble /usr/bin/cmake /home/jon/ws11/src/waypoint_generator -DAMENT_CMAKE_SYMLINK_INSTALL=1 -DCMAKE_INSTALL_PREFIX=/home/jon/ws11/install/waypoint_generator
[0.016s] -- Found ament_cmake: 1.3.14 (/opt/ros/humble/share/ament_cmake/cmake)
[0.080s] -- Override CMake install command with custom implementation using symlinks instead of copying resources
[0.084s] -- Found geometry_msgs: 4.9.2 (/opt/ros/humble/share/geometry_msgs/cmake)
[0.097s] -- Found rosidl_generator_c: 3.1.9 (/opt/ros/humble/share/rosidl_generator_c/cmake)
[0.098s] -- Found rosidl_adapter: 3.1.9 (/opt/ros/humble/share/rosidl_adapter/cmake)
[0.101s] -- Found rosidl_generator_cpp: 3.1.9 (/opt/ros/humble/share/rosidl_generator_cpp/cmake)
[0.105s] -- Using all available rosidl_typesupport_c: rosidl_typesupport_fastrtps_c;rosidl_typesupport_introspection_c
[0.110s] -- Using all available rosidl_typesupport_cpp: rosidl_typesupport_fastrtps_cpp;rosidl_typesupport_introspection_cpp
[0.126s] -- Found nav_msgs: 4.9.2 (/opt/ros/humble/share/nav_msgs/cmake)
[0.133s] -- Found rclcpp: 16.0.21 (/opt/ros/humble/share/rclcpp/cmake)
[0.143s] -- Found rmw_implementation_cmake: 6.1.4 (/opt/ros/humble/share/rmw_implementation_cmake/cmake)
[0.144s] -- Found rmw_fastrtps_cpp: 6.2.10 (/opt/ros/humble/share/rmw_fastrtps_cpp/cmake)
[0.193s] -- Using RMW implementation 'rmw_fastrtps_cpp' as default
[0.211s] -- Found tf2: 0.25.23 (/opt/ros/humble/share/tf2/cmake)
[0.212s] -- Found tf2_geometry_msgs: 0.25.23 (/opt/ros/humble/share/tf2_geometry_msgs/cmake)
[0.213s] -- Found eigen3_cmake_module: 0.1.1 (/opt/ros/humble/share/eigen3_cmake_module/cmake)
[0.215s] -- Ensuring Eigen3 include directory is part of orocos-kdl CMake target
[0.280s] -- Configuring done
[0.286s] -- Generating done
[0.286s] -- Build files have been written to: /home/jon/ws11/build/waypoint_generator
[0.291s] Invoked command in '/home/jon/ws11/build/waypoint_generator' returned '0': CMAKE_PREFIX_PATH=${CMAKE_PREFIX_PATH}:/opt/ros/humble /usr/bin/cmake /home/jon/ws11/src/waypoint_generator -DAMENT_CMAKE_SYMLINK_INSTALL=1 -DCMAKE_INSTALL_PREFIX=/home/jon/ws11/install/waypoint_generator
[0.292s] Invoking command in '/home/jon/ws11/build/waypoint_generator': CMAKE_PREFIX_PATH=${CMAKE_PREFIX_PATH}:/opt/ros/humble /usr/bin/cmake --build /home/jon/ws11/build/waypoint_generator -- -j24 -l24
[0.322s] Consolidate compiler generated dependencies of target waypoint_generator
[0.334s] [ 50%] Linking CXX executable waypoint_generator
[0.650s] [100%] Built target waypoint_generator
[0.660s] Invoked command in '/home/jon/ws11/build/waypoint_generator' returned '0': CMAKE_PREFIX_PATH=${CMAKE_PREFIX_PATH}:/opt/ros/humble /usr/bin/cmake --build /home/jon/ws11/build/waypoint_generator -- -j24 -l24
[0.671s] Invoking command in '/home/jon/ws11/build/waypoint_generator': CMAKE_PREFIX_PATH=${CMAKE_PREFIX_PATH}:/opt/ros/humble /usr/bin/cmake --install /home/jon/ws11/build/waypoint_generator
[0.675s] -- Install configuration: ""
[0.675s] -- Execute custom install script
[0.675s] -- Symlinking: /home/jon/ws11/install/waypoint_generator/lib/waypoint_generator/waypoint_generator
[0.682s] -- Symlinking: /home/jon/ws11/install/waypoint_generator/share/ament_index/resource_index/package_run_dependencies/waypoint_generator
[0.688s] -- Symlinking: /home/jon/ws11/install/waypoint_generator/share/ament_index/resource_index/parent_prefix_path/waypoint_generator
[0.696s] -- Symlinking: /home/jon/ws11/install/waypoint_generator/share/waypoint_generator/environment/ament_prefix_path.sh
[0.703s] -- Symlinking: /home/jon/ws11/install/waypoint_generator/share/waypoint_generator/environment/ament_prefix_path.dsv
[0.708s] -- Symlinking: /home/jon/ws11/install/waypoint_generator/share/waypoint_generator/environment/path.sh
[0.716s] -- Symlinking: /home/jon/ws11/install/waypoint_generator/share/waypoint_generator/environment/path.dsv
[0.721s] -- Symlinking: /home/jon/ws11/install/waypoint_generator/share/waypoint_generator/local_setup.bash
[0.726s] -- Symlinking: /home/jon/ws11/install/waypoint_generator/share/waypoint_generator/local_setup.sh
[0.735s] -- Symlinking: /home/jon/ws11/install/waypoint_generator/share/waypoint_generator/local_setup.zsh
[0.741s] -- Symlinking: /home/jon/ws11/install/waypoint_generator/share/waypoint_generator/local_setup.dsv
[0.748s] -- Symlinking: /home/jon/ws11/install/waypoint_generator/share/waypoint_generator/package.dsv
[0.755s] -- Symlinking: /home/jon/ws11/install/waypoint_generator/share/ament_index/resource_index/packages/waypoint_generator
[0.763s] -- Symlinking: /home/jon/ws11/install/waypoint_generator/share/waypoint_generator/cmake/waypoint_generatorConfig.cmake
[0.768s] -- Symlinking: /home/jon/ws11/install/waypoint_generator/share/waypoint_generator/cmake/waypoint_generatorConfig-version.cmake
[0.775s] -- Symlinking: /home/jon/ws11/install/waypoint_generator/share/waypoint_generator/package.xml
[0.782s] Invoked command in '/home/jon/ws11/build/waypoint_generator' returned '0': CMAKE_PREFIX_PATH=${CMAKE_PREFIX_PATH}:/opt/ros/humble /usr/bin/cmake --install /home/jon/ws11/build/waypoint_generator
