[0.013s] Invoking command in '/home/jon/ws11/build/grid_path_searcher_2d': CMAKE_PREFIX_PATH=/home/jon/ws11/install/waypoint_generator:/home/jon/ws11/install/rviz_plugins:/home/jon/ws11/install/grid_path_searcher_2d:/home/jon/ws11/install/grid_path_searcher:/home/jon/ws02/install/cpp02_rosbag:/home/jon/ws02/install/cpp01_launch:/home/jon/ws01/install/tutorails_plumbing:/home/jon/ws01/install/cpp07_exercise:/home/jon/ws01/install/turtlesim:/home/jon/ws01/install/cpp06_time:/home/jon/ws01/install/cpp05_names:/home/jon/ws01/install/cpp04_param:/home/jon/ws01/install/cpp03_action:/home/jon/ws01/install/cpp02_service:/home/jon/ws01/install/cpp01_topic:/home/jon/ws01/install/base_demo:/opt/ros/humble /usr/bin/cmake --build /home/jon/ws11/build/grid_path_searcher_2d -- -j24 -l24
[0.057s] Consolidate compiler generated dependencies of target grid_searcher_2d
[0.064s] [ 33%] Built target random_map_2d
[0.064s] [ 50%] Building CXX object CMakeFiles/grid_searcher_2d.dir/src/grid_searcher_2d.cpp.o
[1.718s] [ 66%] Linking CXX static library libgrid_searcher_2d.a
[1.747s] [ 66%] Built target grid_searcher_2d
[1.758s] Consolidate compiler generated dependencies of target demo_node_2d
[1.767s] [ 83%] Building CXX object CMakeFiles/demo_node_2d.dir/src/demo_node.cpp.o
[7.479s] [100%] Linking CXX executable demo_node_2d
[7.847s] [100%] Built target demo_node_2d
[7.856s] Invoked command in '/home/jon/ws11/build/grid_path_searcher_2d' returned '0': CMAKE_PREFIX_PATH=/home/jon/ws11/install/waypoint_generator:/home/jon/ws11/install/rviz_plugins:/home/jon/ws11/install/grid_path_searcher_2d:/home/jon/ws11/install/grid_path_searcher:/home/jon/ws02/install/cpp02_rosbag:/home/jon/ws02/install/cpp01_launch:/home/jon/ws01/install/tutorails_plumbing:/home/jon/ws01/install/cpp07_exercise:/home/jon/ws01/install/turtlesim:/home/jon/ws01/install/cpp06_time:/home/jon/ws01/install/cpp05_names:/home/jon/ws01/install/cpp04_param:/home/jon/ws01/install/cpp03_action:/home/jon/ws01/install/cpp02_service:/home/jon/ws01/install/cpp01_topic:/home/jon/ws01/install/base_demo:/opt/ros/humble /usr/bin/cmake --build /home/jon/ws11/build/grid_path_searcher_2d -- -j24 -l24
[7.861s] Invoking command in '/home/jon/ws11/build/grid_path_searcher_2d': CMAKE_PREFIX_PATH=/home/jon/ws11/install/waypoint_generator:/home/jon/ws11/install/rviz_plugins:/home/jon/ws11/install/grid_path_searcher_2d:/home/jon/ws11/install/grid_path_searcher:/home/jon/ws02/install/cpp02_rosbag:/home/jon/ws02/install/cpp01_launch:/home/jon/ws01/install/tutorails_plumbing:/home/jon/ws01/install/cpp07_exercise:/home/jon/ws01/install/turtlesim:/home/jon/ws01/install/cpp06_time:/home/jon/ws01/install/cpp05_names:/home/jon/ws01/install/cpp04_param:/home/jon/ws01/install/cpp03_action:/home/jon/ws01/install/cpp02_service:/home/jon/ws01/install/cpp01_topic:/home/jon/ws01/install/base_demo:/opt/ros/humble /usr/bin/cmake --install /home/jon/ws11/build/grid_path_searcher_2d
[7.866s] -- Install configuration: ""
[7.867s] -- Execute custom install script
[7.867s] -- Up-to-date symlink: /home/jon/ws11/install/grid_path_searcher_2d/lib/libgrid_searcher_2d.a
[7.867s] -- Up-to-date symlink: /home/jon/ws11/install/grid_path_searcher_2d/lib/grid_path_searcher_2d/demo_node_2d
[7.867s] -- Up-to-date symlink: /home/jon/ws11/install/grid_path_searcher_2d/lib/grid_path_searcher_2d/random_map_2d
[7.869s] -- Up-to-date symlink: /home/jon/ws11/install/grid_path_searcher_2d/include/grid_path_searcher_2d/grid_searcher_2d.hpp
[7.869s] -- Up-to-date symlink: /home/jon/ws11/install/grid_path_searcher_2d/share/grid_path_searcher_2d/launch/demo_launch.py
[7.869s] -- Up-to-date symlink: /home/jon/ws11/install/grid_path_searcher_2d/share/grid_path_searcher_2d/config/demo_2d.rviz
[7.869s] -- Up-to-date symlink: /home/jon/ws11/install/grid_path_searcher_2d/share/ament_index/resource_index/package_run_dependencies/grid_path_searcher_2d
[7.869s] -- Up-to-date symlink: /home/jon/ws11/install/grid_path_searcher_2d/share/ament_index/resource_index/parent_prefix_path/grid_path_searcher_2d
[7.869s] -- Up-to-date symlink: /home/jon/ws11/install/grid_path_searcher_2d/share/grid_path_searcher_2d/environment/ament_prefix_path.sh
[7.869s] -- Up-to-date symlink: /home/jon/ws11/install/grid_path_searcher_2d/share/grid_path_searcher_2d/environment/ament_prefix_path.dsv
[7.869s] -- Up-to-date symlink: /home/jon/ws11/install/grid_path_searcher_2d/share/grid_path_searcher_2d/environment/path.sh
[7.869s] -- Up-to-date symlink: /home/jon/ws11/install/grid_path_searcher_2d/share/grid_path_searcher_2d/environment/path.dsv
[7.869s] -- Up-to-date symlink: /home/jon/ws11/install/grid_path_searcher_2d/share/grid_path_searcher_2d/local_setup.bash
[7.869s] -- Up-to-date symlink: /home/jon/ws11/install/grid_path_searcher_2d/share/grid_path_searcher_2d/local_setup.sh
[7.869s] -- Up-to-date symlink: /home/jon/ws11/install/grid_path_searcher_2d/share/grid_path_searcher_2d/local_setup.zsh
[7.869s] -- Up-to-date symlink: /home/jon/ws11/install/grid_path_searcher_2d/share/grid_path_searcher_2d/local_setup.dsv
[7.869s] -- Symlinking: /home/jon/ws11/install/grid_path_searcher_2d/share/grid_path_searcher_2d/package.dsv
[7.874s] -- Up-to-date symlink: /home/jon/ws11/install/grid_path_searcher_2d/share/ament_index/resource_index/packages/grid_path_searcher_2d
[7.874s] -- Up-to-date symlink: /home/jon/ws11/install/grid_path_searcher_2d/share/grid_path_searcher_2d/cmake/ament_cmake_export_include_directories-extras.cmake
[7.875s] -- Up-to-date symlink: /home/jon/ws11/install/grid_path_searcher_2d/share/grid_path_searcher_2d/cmake/ament_cmake_export_dependencies-extras.cmake
[7.875s] -- Up-to-date symlink: /home/jon/ws11/install/grid_path_searcher_2d/share/grid_path_searcher_2d/cmake/grid_path_searcher_2dConfig.cmake
[7.875s] -- Up-to-date symlink: /home/jon/ws11/install/grid_path_searcher_2d/share/grid_path_searcher_2d/cmake/grid_path_searcher_2dConfig-version.cmake
[7.875s] -- Up-to-date symlink: /home/jon/ws11/install/grid_path_searcher_2d/share/grid_path_searcher_2d/package.xml
[7.875s] Invoked command in '/home/jon/ws11/build/grid_path_searcher_2d' returned '0': CMAKE_PREFIX_PATH=/home/jon/ws11/install/waypoint_generator:/home/jon/ws11/install/rviz_plugins:/home/jon/ws11/install/grid_path_searcher_2d:/home/jon/ws11/install/grid_path_searcher:/home/jon/ws02/install/cpp02_rosbag:/home/jon/ws02/install/cpp01_launch:/home/jon/ws01/install/tutorails_plumbing:/home/jon/ws01/install/cpp07_exercise:/home/jon/ws01/install/turtlesim:/home/jon/ws01/install/cpp06_time:/home/jon/ws01/install/cpp05_names:/home/jon/ws01/install/cpp04_param:/home/jon/ws01/install/cpp03_action:/home/jon/ws01/install/cpp02_service:/home/jon/ws01/install/cpp01_topic:/home/jon/ws01/install/base_demo:/opt/ros/humble /usr/bin/cmake --install /home/jon/ws11/build/grid_path_searcher_2d
