[0.010s] Invoking command in '/home/jon/ws11/build/waypoint_generator': CMAKE_PREFIX_PATH=${CMAKE_PREFIX_PATH}:/opt/ros/humble /usr/bin/cmake --build /home/jon/ws11/build/waypoint_generator -- -j24 -l24
[0.062s] [100%] Built target waypoint_generator
[0.072s] Invoked command in '/home/jon/ws11/build/waypoint_generator' returned '0': CMAKE_PREFIX_PATH=${CMAKE_PREFIX_PATH}:/opt/ros/humble /usr/bin/cmake --build /home/jon/ws11/build/waypoint_generator -- -j24 -l24
[0.077s] Invoking command in '/home/jon/ws11/build/waypoint_generator': CMAKE_PREFIX_PATH=${CMAKE_PREFIX_PATH}:/opt/ros/humble /usr/bin/cmake --install /home/jon/ws11/build/waypoint_generator
[0.081s] -- Install configuration: ""
[0.081s] -- Execute custom install script
[0.081s] -- Up-to-date symlink: /home/jon/ws11/install/waypoint_generator/lib/waypoint_generator/waypoint_generator
[0.082s] -- Up-to-date symlink: /home/jon/ws11/install/waypoint_generator/include/sample_waypoints.hpp
[0.082s] -- Up-to-date symlink: /home/jon/ws11/install/waypoint_generator/share/ament_index/resource_index/package_run_dependencies/waypoint_generator
[0.082s] -- Up-to-date symlink: /home/jon/ws11/install/waypoint_generator/share/ament_index/resource_index/parent_prefix_path/waypoint_generator
[0.082s] -- Up-to-date symlink: /home/jon/ws11/install/waypoint_generator/share/waypoint_generator/environment/ament_prefix_path.sh
[0.082s] -- Up-to-date symlink: /home/jon/ws11/install/waypoint_generator/share/waypoint_generator/environment/ament_prefix_path.dsv
[0.082s] -- Up-to-date symlink: /home/jon/ws11/install/waypoint_generator/share/waypoint_generator/environment/path.sh
[0.082s] -- Up-to-date symlink: /home/jon/ws11/install/waypoint_generator/share/waypoint_generator/environment/path.dsv
[0.082s] -- Up-to-date symlink: /home/jon/ws11/install/waypoint_generator/share/waypoint_generator/local_setup.bash
[0.083s] -- Up-to-date symlink: /home/jon/ws11/install/waypoint_generator/share/waypoint_generator/local_setup.sh
[0.083s] -- Up-to-date symlink: /home/jon/ws11/install/waypoint_generator/share/waypoint_generator/local_setup.zsh
[0.083s] -- Up-to-date symlink: /home/jon/ws11/install/waypoint_generator/share/waypoint_generator/local_setup.dsv
[0.083s] -- Symlinking: /home/jon/ws11/install/waypoint_generator/share/waypoint_generator/package.dsv
[0.087s] -- Up-to-date symlink: /home/jon/ws11/install/waypoint_generator/share/ament_index/resource_index/packages/waypoint_generator
[0.087s] -- Up-to-date symlink: /home/jon/ws11/install/waypoint_generator/share/waypoint_generator/cmake/waypoint_generatorConfig.cmake
[0.089s] -- Up-to-date symlink: /home/jon/ws11/install/waypoint_generator/share/waypoint_generator/cmake/waypoint_generatorConfig-version.cmake
[0.089s] -- Up-to-date symlink: /home/jon/ws11/install/waypoint_generator/share/waypoint_generator/package.xml
[0.091s] Invoked command in '/home/jon/ws11/build/waypoint_generator' returned '0': CMAKE_PREFIX_PATH=${CMAKE_PREFIX_PATH}:/opt/ros/humble /usr/bin/cmake --install /home/jon/ws11/build/waypoint_generator
