[0.135s] DEBUG:colcon:Command line arguments: ['/usr/bin/colcon', 'build', '--symlink-install', '--cmake-args', '-DCMAKE_EXPORT_COMPILE_COMMANDS=ON']
[0.135s] DEBUG:colcon:Parsed command line arguments: Namespace(log_base=None, log_level=None, verb_name='build', build_base='build', install_base='install', merge_install=False, symlink_install=True, test_result_base=None, continue_on_error=False, executor='parallel', parallel_workers=24, event_handlers=None, ignore_user_meta=False, metas=['./colcon.meta'], base_paths=['.'], packages_ignore=None, packages_ignore_regex=None, paths=None, packages_up_to=None, packages_up_to_regex=None, packages_above=None, packages_above_and_dependencies=None, packages_above_depth=None, packages_select_by_dep=None, packages_skip_by_dep=None, packages_skip_up_to=None, packages_select_build_failed=False, packages_skip_build_finished=False, packages_select_test_failures=False, packages_skip_test_passed=False, packages_select=None, packages_skip=None, packages_select_regex=None, packages_skip_regex=None, packages_start=None, packages_end=None, allow_overriding=[], cmake_args=['-DCMAKE_EXPORT_COMPILE_COMMANDS=ON'], cmake_target=None, cmake_target_skip_unavailable=False, cmake_clean_cache=False, cmake_clean_first=False, cmake_force_configure=False, ament_cmake_args=None, catkin_cmake_args=None, catkin_skip_building_tests=False, mixin_files=None, mixin=None, verb_parser=<colcon_mixin.mixin.mixin_argument.MixinArgumentDecorator object at 0x794b2164a500>, verb_extension=<colcon_core.verb.build.BuildVerb object at 0x794b21649b40>, main=<bound method BuildVerb.main of <colcon_core.verb.build.BuildVerb object at 0x794b21649b40>>, mixin_verb=('build',))
[0.244s] Level 1:colcon.colcon_core.package_discovery:discover_packages(colcon_meta) check parameters
[0.244s] Level 1:colcon.colcon_core.package_discovery:discover_packages(recursive) check parameters
[0.244s] Level 1:colcon.colcon_core.package_discovery:discover_packages(ignore) check parameters
[0.244s] Level 1:colcon.colcon_core.package_discovery:discover_packages(path) check parameters
[0.244s] Level 1:colcon.colcon_core.package_discovery:discover_packages(colcon_meta) discover
[0.244s] Level 1:colcon.colcon_core.package_discovery:discover_packages(recursive) discover
[0.244s] INFO:colcon.colcon_core.package_discovery:Crawling recursively for packages in '/home/jon/ws11'
[0.244s] Level 1:colcon.colcon_core.package_identification:_identify(.) by extensions ['ignore', 'ignore_ament_install']
[0.244s] Level 1:colcon.colcon_core.package_identification:_identify(.) by extension 'ignore'
[0.244s] Level 1:colcon.colcon_core.package_identification:_identify(.) by extension 'ignore_ament_install'
[0.244s] Level 1:colcon.colcon_core.package_identification:_identify(.) by extensions ['colcon_pkg']
[0.244s] Level 1:colcon.colcon_core.package_identification:_identify(.) by extension 'colcon_pkg'
[0.244s] Level 1:colcon.colcon_core.package_identification:_identify(.) by extensions ['colcon_meta']
[0.244s] Level 1:colcon.colcon_core.package_identification:_identify(.) by extension 'colcon_meta'
[0.244s] Level 1:colcon.colcon_core.package_identification:_identify(.) by extensions ['ros']
[0.244s] Level 1:colcon.colcon_core.package_identification:_identify(.) by extension 'ros'
[0.251s] Level 1:colcon.colcon_core.package_identification:_identify(.) by extensions ['cmake', 'python']
[0.251s] Level 1:colcon.colcon_core.package_identification:_identify(.) by extension 'cmake'
[0.251s] Level 1:colcon.colcon_core.package_identification:_identify(.) by extension 'python'
[0.251s] Level 1:colcon.colcon_core.package_identification:_identify(.) by extensions ['python_setup_py']
[0.251s] Level 1:colcon.colcon_core.package_identification:_identify(.) by extension 'python_setup_py'
[0.251s] Level 1:colcon.colcon_core.package_identification:_identify(build) by extensions ['ignore', 'ignore_ament_install']
[0.251s] Level 1:colcon.colcon_core.package_identification:_identify(build) by extension 'ignore'
[0.251s] Level 1:colcon.colcon_core.package_identification:_identify(build) ignored
[0.251s] Level 1:colcon.colcon_core.package_identification:_identify(install) by extensions ['ignore', 'ignore_ament_install']
[0.252s] Level 1:colcon.colcon_core.package_identification:_identify(install) by extension 'ignore'
[0.252s] Level 1:colcon.colcon_core.package_identification:_identify(install) ignored
[0.252s] Level 1:colcon.colcon_core.package_identification:_identify(log) by extensions ['ignore', 'ignore_ament_install']
[0.252s] Level 1:colcon.colcon_core.package_identification:_identify(log) by extension 'ignore'
[0.252s] Level 1:colcon.colcon_core.package_identification:_identify(log) ignored
[0.252s] Level 1:colcon.colcon_core.package_identification:_identify(src) by extensions ['ignore', 'ignore_ament_install']
[0.252s] Level 1:colcon.colcon_core.package_identification:_identify(src) by extension 'ignore'
[0.252s] Level 1:colcon.colcon_core.package_identification:_identify(src) by extension 'ignore_ament_install'
[0.252s] Level 1:colcon.colcon_core.package_identification:_identify(src) by extensions ['colcon_pkg']
[0.252s] Level 1:colcon.colcon_core.package_identification:_identify(src) by extension 'colcon_pkg'
[0.252s] Level 1:colcon.colcon_core.package_identification:_identify(src) by extensions ['colcon_meta']
[0.252s] Level 1:colcon.colcon_core.package_identification:_identify(src) by extension 'colcon_meta'
[0.252s] Level 1:colcon.colcon_core.package_identification:_identify(src) by extensions ['ros']
[0.252s] Level 1:colcon.colcon_core.package_identification:_identify(src) by extension 'ros'
[0.252s] Level 1:colcon.colcon_core.package_identification:_identify(src) by extensions ['cmake', 'python']
[0.252s] Level 1:colcon.colcon_core.package_identification:_identify(src) by extension 'cmake'
[0.252s] Level 1:colcon.colcon_core.package_identification:_identify(src) by extension 'python'
[0.252s] Level 1:colcon.colcon_core.package_identification:_identify(src) by extensions ['python_setup_py']
[0.252s] Level 1:colcon.colcon_core.package_identification:_identify(src) by extension 'python_setup_py'
[0.252s] Level 1:colcon.colcon_core.package_identification:_identify(src/grid_path_searcher) by extensions ['ignore', 'ignore_ament_install']
[0.252s] Level 1:colcon.colcon_core.package_identification:_identify(src/grid_path_searcher) by extension 'ignore'
[0.252s] Level 1:colcon.colcon_core.package_identification:_identify(src/grid_path_searcher) by extension 'ignore_ament_install'
[0.252s] Level 1:colcon.colcon_core.package_identification:_identify(src/grid_path_searcher) by extensions ['colcon_pkg']
[0.252s] Level 1:colcon.colcon_core.package_identification:_identify(src/grid_path_searcher) by extension 'colcon_pkg'
[0.252s] Level 1:colcon.colcon_core.package_identification:_identify(src/grid_path_searcher) by extensions ['colcon_meta']
[0.252s] Level 1:colcon.colcon_core.package_identification:_identify(src/grid_path_searcher) by extension 'colcon_meta'
[0.252s] Level 1:colcon.colcon_core.package_identification:_identify(src/grid_path_searcher) by extensions ['ros']
[0.252s] Level 1:colcon.colcon_core.package_identification:_identify(src/grid_path_searcher) by extension 'ros'
[0.254s] DEBUG:colcon.colcon_core.package_identification:Package 'src/grid_path_searcher' with type 'ros.ament_cmake' and name 'grid_path_searcher'
[0.254s] Level 1:colcon.colcon_core.package_identification:_identify(src/grid_path_searcher_2d) by extensions ['ignore', 'ignore_ament_install']
[0.254s] Level 1:colcon.colcon_core.package_identification:_identify(src/grid_path_searcher_2d) by extension 'ignore'
[0.254s] Level 1:colcon.colcon_core.package_identification:_identify(src/grid_path_searcher_2d) by extension 'ignore_ament_install'
[0.254s] Level 1:colcon.colcon_core.package_identification:_identify(src/grid_path_searcher_2d) by extensions ['colcon_pkg']
[0.254s] Level 1:colcon.colcon_core.package_identification:_identify(src/grid_path_searcher_2d) by extension 'colcon_pkg'
[0.254s] Level 1:colcon.colcon_core.package_identification:_identify(src/grid_path_searcher_2d) by extensions ['colcon_meta']
[0.254s] Level 1:colcon.colcon_core.package_identification:_identify(src/grid_path_searcher_2d) by extension 'colcon_meta'
[0.254s] Level 1:colcon.colcon_core.package_identification:_identify(src/grid_path_searcher_2d) by extensions ['ros']
[0.254s] Level 1:colcon.colcon_core.package_identification:_identify(src/grid_path_searcher_2d) by extension 'ros'
[0.255s] DEBUG:colcon.colcon_core.package_identification:Failed to parse potential ROS package manifest in'src/grid_path_searcher_2d': Error(s) in package 'src/grid_path_searcher_2d/package.xml':
Invalid email "jon@localhost" for person "jon"
[0.255s] Level 1:colcon.colcon_core.package_identification:_identify(src/grid_path_searcher_2d) by extensions ['cmake', 'python']
[0.255s] Level 1:colcon.colcon_core.package_identification:_identify(src/grid_path_searcher_2d) by extension 'cmake'
[0.256s] Level 1:colcon.colcon_core.package_identification:_identify(src/grid_path_searcher_2d) by extension 'python'
[0.256s] DEBUG:colcon.colcon_core.package_identification:Package 'src/grid_path_searcher_2d' with type 'cmake' and name 'grid_path_searcher_2d'
[0.256s] Level 1:colcon.colcon_core.package_identification:_identify(src/rviz_plugins) by extensions ['ignore', 'ignore_ament_install']
[0.256s] Level 1:colcon.colcon_core.package_identification:_identify(src/rviz_plugins) by extension 'ignore'
[0.256s] Level 1:colcon.colcon_core.package_identification:_identify(src/rviz_plugins) by extension 'ignore_ament_install'
[0.256s] Level 1:colcon.colcon_core.package_identification:_identify(src/rviz_plugins) by extensions ['colcon_pkg']
[0.256s] Level 1:colcon.colcon_core.package_identification:_identify(src/rviz_plugins) by extension 'colcon_pkg'
[0.256s] Level 1:colcon.colcon_core.package_identification:_identify(src/rviz_plugins) by extensions ['colcon_meta']
[0.256s] Level 1:colcon.colcon_core.package_identification:_identify(src/rviz_plugins) by extension 'colcon_meta'
[0.256s] Level 1:colcon.colcon_core.package_identification:_identify(src/rviz_plugins) by extensions ['ros']
[0.256s] Level 1:colcon.colcon_core.package_identification:_identify(src/rviz_plugins) by extension 'ros'
[0.257s] DEBUG:colcon.colcon_core.package_identification:Package 'src/rviz_plugins' with type 'ros.ament_cmake' and name 'rviz_plugins'
[0.257s] Level 1:colcon.colcon_core.package_identification:_identify(src/waypoint_generator) by extensions ['ignore', 'ignore_ament_install']
[0.257s] Level 1:colcon.colcon_core.package_identification:_identify(src/waypoint_generator) by extension 'ignore'
[0.257s] Level 1:colcon.colcon_core.package_identification:_identify(src/waypoint_generator) by extension 'ignore_ament_install'
[0.257s] Level 1:colcon.colcon_core.package_identification:_identify(src/waypoint_generator) by extensions ['colcon_pkg']
[0.257s] Level 1:colcon.colcon_core.package_identification:_identify(src/waypoint_generator) by extension 'colcon_pkg'
[0.257s] Level 1:colcon.colcon_core.package_identification:_identify(src/waypoint_generator) by extensions ['colcon_meta']
[0.257s] Level 1:colcon.colcon_core.package_identification:_identify(src/waypoint_generator) by extension 'colcon_meta'
[0.257s] Level 1:colcon.colcon_core.package_identification:_identify(src/waypoint_generator) by extensions ['ros']
[0.257s] Level 1:colcon.colcon_core.package_identification:_identify(src/waypoint_generator) by extension 'ros'
[0.257s] DEBUG:colcon.colcon_core.package_identification:Package 'src/waypoint_generator' with type 'ros.ament_cmake' and name 'waypoint_generator'
[0.257s] Level 1:colcon.colcon_core.package_discovery:discover_packages(recursive) using defaults
[0.257s] Level 1:colcon.colcon_core.package_discovery:discover_packages(ignore) discover
[0.257s] Level 1:colcon.colcon_core.package_discovery:discover_packages(ignore) using defaults
[0.257s] Level 1:colcon.colcon_core.package_discovery:discover_packages(path) discover
[0.257s] Level 1:colcon.colcon_core.package_discovery:discover_packages(path) using defaults
[0.281s] Level 1:colcon.colcon_core.package_discovery:discover_packages(prefix_path) check parameters
[0.281s] Level 1:colcon.colcon_core.package_discovery:discover_packages(prefix_path) discover
[0.282s] DEBUG:colcon.colcon_installed_package_information.package_discovery:Found 3 installed packages in /home/jon/ws11/install
[0.282s] DEBUG:colcon.colcon_installed_package_information.package_discovery:Found 2 installed packages in /home/jon/ws02/install
[0.283s] DEBUG:colcon.colcon_installed_package_information.package_discovery:Found 10 installed packages in /home/jon/ws01/install
[0.283s] DEBUG:colcon.colcon_installed_package_information.package_discovery:Found 273 installed packages in /opt/ros/humble
[0.284s] Level 1:colcon.colcon_core.package_discovery:discover_packages(prefix_path) using defaults
[0.301s] Level 5:colcon.colcon_core.verb:set package 'grid_path_searcher_2d' build argument 'cmake_args' from command line to '['-DCMAKE_EXPORT_COMPILE_COMMANDS=ON']'
[0.301s] Level 5:colcon.colcon_core.verb:set package 'grid_path_searcher_2d' build argument 'cmake_target' from command line to 'None'
[0.301s] Level 5:colcon.colcon_core.verb:set package 'grid_path_searcher_2d' build argument 'cmake_target_skip_unavailable' from command line to 'False'
[0.301s] Level 5:colcon.colcon_core.verb:set package 'grid_path_searcher_2d' build argument 'cmake_clean_cache' from command line to 'False'
[0.301s] Level 5:colcon.colcon_core.verb:set package 'grid_path_searcher_2d' build argument 'cmake_clean_first' from command line to 'False'
[0.301s] Level 5:colcon.colcon_core.verb:set package 'grid_path_searcher_2d' build argument 'cmake_force_configure' from command line to 'False'
[0.301s] Level 5:colcon.colcon_core.verb:set package 'grid_path_searcher_2d' build argument 'ament_cmake_args' from command line to 'None'
[0.301s] Level 5:colcon.colcon_core.verb:set package 'grid_path_searcher_2d' build argument 'catkin_cmake_args' from command line to 'None'
[0.301s] Level 5:colcon.colcon_core.verb:set package 'grid_path_searcher_2d' build argument 'catkin_skip_building_tests' from command line to 'False'
[0.301s] DEBUG:colcon.colcon_core.verb:Building package 'grid_path_searcher_2d' with the following arguments: {'ament_cmake_args': None, 'build_base': '/home/jon/ws11/build/grid_path_searcher_2d', 'catkin_cmake_args': None, 'catkin_skip_building_tests': False, 'cmake_args': ['-DCMAKE_EXPORT_COMPILE_COMMANDS=ON'], 'cmake_clean_cache': False, 'cmake_clean_first': False, 'cmake_force_configure': False, 'cmake_target': None, 'cmake_target_skip_unavailable': False, 'install_base': '/home/jon/ws11/install/grid_path_searcher_2d', 'merge_install': False, 'path': '/home/jon/ws11/src/grid_path_searcher_2d', 'symlink_install': True, 'test_result_base': None}
[0.301s] Level 5:colcon.colcon_core.verb:set package 'rviz_plugins' build argument 'cmake_args' from command line to '['-DCMAKE_EXPORT_COMPILE_COMMANDS=ON']'
[0.301s] Level 5:colcon.colcon_core.verb:set package 'rviz_plugins' build argument 'cmake_target' from command line to 'None'
[0.301s] Level 5:colcon.colcon_core.verb:set package 'rviz_plugins' build argument 'cmake_target_skip_unavailable' from command line to 'False'
[0.301s] Level 5:colcon.colcon_core.verb:set package 'rviz_plugins' build argument 'cmake_clean_cache' from command line to 'False'
[0.301s] Level 5:colcon.colcon_core.verb:set package 'rviz_plugins' build argument 'cmake_clean_first' from command line to 'False'
[0.301s] Level 5:colcon.colcon_core.verb:set package 'rviz_plugins' build argument 'cmake_force_configure' from command line to 'False'
[0.301s] Level 5:colcon.colcon_core.verb:set package 'rviz_plugins' build argument 'ament_cmake_args' from command line to 'None'
[0.301s] Level 5:colcon.colcon_core.verb:set package 'rviz_plugins' build argument 'catkin_cmake_args' from command line to 'None'
[0.301s] Level 5:colcon.colcon_core.verb:set package 'rviz_plugins' build argument 'catkin_skip_building_tests' from command line to 'False'
[0.301s] DEBUG:colcon.colcon_core.verb:Building package 'rviz_plugins' with the following arguments: {'ament_cmake_args': None, 'build_base': '/home/jon/ws11/build/rviz_plugins', 'catkin_cmake_args': None, 'catkin_skip_building_tests': False, 'cmake_args': ['-DCMAKE_EXPORT_COMPILE_COMMANDS=ON'], 'cmake_clean_cache': False, 'cmake_clean_first': False, 'cmake_force_configure': False, 'cmake_target': None, 'cmake_target_skip_unavailable': False, 'install_base': '/home/jon/ws11/install/rviz_plugins', 'merge_install': False, 'path': '/home/jon/ws11/src/rviz_plugins', 'symlink_install': True, 'test_result_base': None}
[0.301s] Level 5:colcon.colcon_core.verb:set package 'waypoint_generator' build argument 'cmake_args' from command line to '['-DCMAKE_EXPORT_COMPILE_COMMANDS=ON']'
[0.301s] Level 5:colcon.colcon_core.verb:set package 'waypoint_generator' build argument 'cmake_target' from command line to 'None'
[0.301s] Level 5:colcon.colcon_core.verb:set package 'waypoint_generator' build argument 'cmake_target_skip_unavailable' from command line to 'False'
[0.301s] Level 5:colcon.colcon_core.verb:set package 'waypoint_generator' build argument 'cmake_clean_cache' from command line to 'False'
[0.301s] Level 5:colcon.colcon_core.verb:set package 'waypoint_generator' build argument 'cmake_clean_first' from command line to 'False'
[0.301s] Level 5:colcon.colcon_core.verb:set package 'waypoint_generator' build argument 'cmake_force_configure' from command line to 'False'
[0.301s] Level 5:colcon.colcon_core.verb:set package 'waypoint_generator' build argument 'ament_cmake_args' from command line to 'None'
[0.301s] Level 5:colcon.colcon_core.verb:set package 'waypoint_generator' build argument 'catkin_cmake_args' from command line to 'None'
[0.301s] Level 5:colcon.colcon_core.verb:set package 'waypoint_generator' build argument 'catkin_skip_building_tests' from command line to 'False'
[0.301s] DEBUG:colcon.colcon_core.verb:Building package 'waypoint_generator' with the following arguments: {'ament_cmake_args': None, 'build_base': '/home/jon/ws11/build/waypoint_generator', 'catkin_cmake_args': None, 'catkin_skip_building_tests': False, 'cmake_args': ['-DCMAKE_EXPORT_COMPILE_COMMANDS=ON'], 'cmake_clean_cache': False, 'cmake_clean_first': False, 'cmake_force_configure': False, 'cmake_target': None, 'cmake_target_skip_unavailable': False, 'install_base': '/home/jon/ws11/install/waypoint_generator', 'merge_install': False, 'path': '/home/jon/ws11/src/waypoint_generator', 'symlink_install': True, 'test_result_base': None}
[0.302s] Level 5:colcon.colcon_core.verb:set package 'grid_path_searcher' build argument 'cmake_args' from command line to '['-DCMAKE_EXPORT_COMPILE_COMMANDS=ON']'
[0.302s] Level 5:colcon.colcon_core.verb:set package 'grid_path_searcher' build argument 'cmake_target' from command line to 'None'
[0.302s] Level 5:colcon.colcon_core.verb:set package 'grid_path_searcher' build argument 'cmake_target_skip_unavailable' from command line to 'False'
[0.302s] Level 5:colcon.colcon_core.verb:set package 'grid_path_searcher' build argument 'cmake_clean_cache' from command line to 'False'
[0.302s] Level 5:colcon.colcon_core.verb:set package 'grid_path_searcher' build argument 'cmake_clean_first' from command line to 'False'
[0.302s] Level 5:colcon.colcon_core.verb:set package 'grid_path_searcher' build argument 'cmake_force_configure' from command line to 'False'
[0.302s] Level 5:colcon.colcon_core.verb:set package 'grid_path_searcher' build argument 'ament_cmake_args' from command line to 'None'
[0.302s] Level 5:colcon.colcon_core.verb:set package 'grid_path_searcher' build argument 'catkin_cmake_args' from command line to 'None'
[0.302s] Level 5:colcon.colcon_core.verb:set package 'grid_path_searcher' build argument 'catkin_skip_building_tests' from command line to 'False'
[0.302s] DEBUG:colcon.colcon_core.verb:Building package 'grid_path_searcher' with the following arguments: {'ament_cmake_args': None, 'build_base': '/home/jon/ws11/build/grid_path_searcher', 'catkin_cmake_args': None, 'catkin_skip_building_tests': False, 'cmake_args': ['-DCMAKE_EXPORT_COMPILE_COMMANDS=ON'], 'cmake_clean_cache': False, 'cmake_clean_first': False, 'cmake_force_configure': False, 'cmake_target': None, 'cmake_target_skip_unavailable': False, 'install_base': '/home/jon/ws11/install/grid_path_searcher', 'merge_install': False, 'path': '/home/jon/ws11/src/grid_path_searcher', 'symlink_install': True, 'test_result_base': None}
[0.302s] INFO:colcon.colcon_core.executor:Executing jobs using 'parallel' executor
[0.305s] DEBUG:colcon.colcon_parallel_executor.executor.parallel:run_until_complete
[0.305s] INFO:colcon.colcon_ros.task.ament_cmake.build:Building ROS package in '/home/jon/ws11/src/rviz_plugins' with build type 'ament_cmake'
[0.305s] INFO:colcon.colcon_cmake.task.cmake.build:Building CMake package in '/home/jon/ws11/src/rviz_plugins'
[0.308s] INFO:colcon.colcon_core.plugin_system:Skipping extension 'colcon_core.shell.bat': Not used on non-Windows systems
[0.308s] INFO:colcon.colcon_core.shell:Skip shell extension 'powershell' for command environment: Not usable outside of PowerShell
[0.308s] DEBUG:colcon.colcon_core.shell:Skip shell extension 'dsv' for command environment
[0.311s] INFO:colcon.colcon_ros.task.ament_cmake.build:Building ROS package in '/home/jon/ws11/src/waypoint_generator' with build type 'ament_cmake'
[0.311s] INFO:colcon.colcon_cmake.task.cmake.build:Building CMake package in '/home/jon/ws11/src/waypoint_generator'
[0.311s] INFO:colcon.colcon_core.shell:Skip shell extension 'powershell' for command environment: Not usable outside of PowerShell
[0.311s] DEBUG:colcon.colcon_core.shell:Skip shell extension 'dsv' for command environment
[0.313s] INFO:colcon.colcon_cmake.task.cmake.build:Building CMake package in '/home/jon/ws11/src/grid_path_searcher_2d'
[0.313s] INFO:colcon.colcon_core.shell:Skip shell extension 'powershell' for command environment: Not usable outside of PowerShell
[0.313s] DEBUG:colcon.colcon_core.shell:Skip shell extension 'dsv' for command environment
[0.321s] DEBUG:colcon.colcon_core.event_handler.log_command:Invoking command in '/home/jon/ws11/build/rviz_plugins': CMAKE_PREFIX_PATH=${CMAKE_PREFIX_PATH}:/opt/ros/humble /usr/bin/cmake --build /home/jon/ws11/build/rviz_plugins -- -j24 -l24
[0.322s] DEBUG:colcon.colcon_core.event_handler.log_command:Invoking command in '/home/jon/ws11/build/waypoint_generator': CMAKE_PREFIX_PATH=${CMAKE_PREFIX_PATH}:/opt/ros/humble /usr/bin/cmake --build /home/jon/ws11/build/waypoint_generator -- -j24 -l24
[0.326s] DEBUG:colcon.colcon_core.event_handler.log_command:Invoking command in '/home/jon/ws11/build/grid_path_searcher_2d': /usr/bin/cmake /home/jon/ws11/src/grid_path_searcher_2d -DCMAKE_EXPORT_COMPILE_COMMANDS=ON -DCMAKE_INSTALL_PREFIX=/home/jon/ws11/install/grid_path_searcher_2d
[0.383s] DEBUG:colcon.colcon_core.event_handler.log_command:Invoked command in '/home/jon/ws11/build/waypoint_generator' returned '0': CMAKE_PREFIX_PATH=${CMAKE_PREFIX_PATH}:/opt/ros/humble /usr/bin/cmake --build /home/jon/ws11/build/waypoint_generator -- -j24 -l24
[0.388s] DEBUG:colcon.colcon_core.event_handler.log_command:Invoking command in '/home/jon/ws11/build/waypoint_generator': CMAKE_PREFIX_PATH=${CMAKE_PREFIX_PATH}:/opt/ros/humble /usr/bin/cmake --install /home/jon/ws11/build/waypoint_generator
[0.401s] Level 1:colcon.colcon_core.environment:create_environment_scripts_only(waypoint_generator)
[0.402s] DEBUG:colcon.colcon_core.event_handler.log_command:Invoked command in '/home/jon/ws11/build/waypoint_generator' returned '0': CMAKE_PREFIX_PATH=${CMAKE_PREFIX_PATH}:/opt/ros/humble /usr/bin/cmake --install /home/jon/ws11/build/waypoint_generator
[0.405s] Level 1:colcon.colcon_core.environment:checking '/home/jon/ws11/install/waypoint_generator' for CMake module files
[0.405s] Level 1:colcon.colcon_core.environment:checking '/home/jon/ws11/install/waypoint_generator' for CMake config files
[0.406s] Level 1:colcon.colcon_core.shell:create_environment_hook('waypoint_generator', 'cmake_prefix_path')
[0.406s] INFO:colcon.colcon_core.shell:Creating environment hook '/home/jon/ws11/install/waypoint_generator/share/waypoint_generator/hook/cmake_prefix_path.ps1'
[0.407s] INFO:colcon.colcon_core.shell:Creating environment descriptor '/home/jon/ws11/install/waypoint_generator/share/waypoint_generator/hook/cmake_prefix_path.dsv'
[0.408s] INFO:colcon.colcon_core.shell:Creating environment hook '/home/jon/ws11/install/waypoint_generator/share/waypoint_generator/hook/cmake_prefix_path.sh'
[0.409s] Level 1:colcon.colcon_core.environment:checking '/home/jon/ws11/install/waypoint_generator/lib'
[0.409s] Level 1:colcon.colcon_core.environment:checking '/home/jon/ws11/install/waypoint_generator/bin'
[0.409s] Level 1:colcon.colcon_core.environment:checking '/home/jon/ws11/install/waypoint_generator/lib/pkgconfig/waypoint_generator.pc'
[0.409s] Level 1:colcon.colcon_core.environment:checking '/home/jon/ws11/install/waypoint_generator/lib/python3.10/site-packages'
[0.409s] Level 1:colcon.colcon_core.environment:checking '/home/jon/ws11/install/waypoint_generator/bin'
[0.409s] INFO:colcon.colcon_core.shell:Creating package script '/home/jon/ws11/install/waypoint_generator/share/waypoint_generator/package.ps1'
[0.410s] INFO:colcon.colcon_core.shell:Creating package descriptor '/home/jon/ws11/install/waypoint_generator/share/waypoint_generator/package.dsv'
[0.410s] INFO:colcon.colcon_core.shell:Creating package script '/home/jon/ws11/install/waypoint_generator/share/waypoint_generator/package.sh'
[0.411s] INFO:colcon.colcon_core.shell:Creating package script '/home/jon/ws11/install/waypoint_generator/share/waypoint_generator/package.bash'
[0.412s] INFO:colcon.colcon_core.shell:Creating package script '/home/jon/ws11/install/waypoint_generator/share/waypoint_generator/package.zsh'
[0.413s] Level 1:colcon.colcon_core.environment:create_file_with_runtime_dependencies(/home/jon/ws11/install/waypoint_generator/share/colcon-core/packages/waypoint_generator)
[0.414s] Level 1:colcon.colcon_core.environment:create_environment_scripts_only(waypoint_generator)
[0.414s] Level 1:colcon.colcon_core.environment:checking '/home/jon/ws11/install/waypoint_generator' for CMake module files
[0.414s] Level 1:colcon.colcon_core.environment:checking '/home/jon/ws11/install/waypoint_generator' for CMake config files
[0.414s] Level 1:colcon.colcon_core.shell:create_environment_hook('waypoint_generator', 'cmake_prefix_path')
[0.414s] INFO:colcon.colcon_core.shell:Creating environment hook '/home/jon/ws11/install/waypoint_generator/share/waypoint_generator/hook/cmake_prefix_path.ps1'
[0.415s] INFO:colcon.colcon_core.shell:Creating environment descriptor '/home/jon/ws11/install/waypoint_generator/share/waypoint_generator/hook/cmake_prefix_path.dsv'
[0.415s] INFO:colcon.colcon_core.shell:Creating environment hook '/home/jon/ws11/install/waypoint_generator/share/waypoint_generator/hook/cmake_prefix_path.sh'
[0.415s] Level 1:colcon.colcon_core.environment:checking '/home/jon/ws11/install/waypoint_generator/lib'
[0.415s] Level 1:colcon.colcon_core.environment:checking '/home/jon/ws11/install/waypoint_generator/bin'
[0.415s] Level 1:colcon.colcon_core.environment:checking '/home/jon/ws11/install/waypoint_generator/lib/pkgconfig/waypoint_generator.pc'
[0.415s] Level 1:colcon.colcon_core.environment:checking '/home/jon/ws11/install/waypoint_generator/lib/python3.10/site-packages'
[0.415s] Level 1:colcon.colcon_core.environment:checking '/home/jon/ws11/install/waypoint_generator/bin'
[0.415s] INFO:colcon.colcon_core.shell:Creating package script '/home/jon/ws11/install/waypoint_generator/share/waypoint_generator/package.ps1'
[0.416s] INFO:colcon.colcon_core.shell:Creating package descriptor '/home/jon/ws11/install/waypoint_generator/share/waypoint_generator/package.dsv'
[0.416s] INFO:colcon.colcon_core.shell:Creating package script '/home/jon/ws11/install/waypoint_generator/share/waypoint_generator/package.sh'
[0.416s] INFO:colcon.colcon_core.shell:Creating package script '/home/jon/ws11/install/waypoint_generator/share/waypoint_generator/package.bash'
[0.416s] INFO:colcon.colcon_core.shell:Creating package script '/home/jon/ws11/install/waypoint_generator/share/waypoint_generator/package.zsh'
[0.416s] Level 1:colcon.colcon_core.environment:create_file_with_runtime_dependencies(/home/jon/ws11/install/waypoint_generator/share/colcon-core/packages/waypoint_generator)
[1.268s] DEBUG:colcon.colcon_core.event_handler.log_command:Invoked command in '/home/jon/ws11/build/grid_path_searcher_2d' returned '1': /usr/bin/cmake /home/jon/ws11/src/grid_path_searcher_2d -DCMAKE_EXPORT_COMPILE_COMMANDS=ON -DCMAKE_INSTALL_PREFIX=/home/jon/ws11/install/grid_path_searcher_2d
[3.580s] DEBUG:colcon.colcon_parallel_executor.executor.parallel:closing loop
[3.580s] DEBUG:colcon.colcon_parallel_executor.executor.parallel:loop closed
[3.580s] DEBUG:colcon.colcon_parallel_executor.executor.parallel:run_until_complete finished with '1'
[3.580s] DEBUG:colcon.colcon_core.event_reactor:joining thread
[3.583s] INFO:colcon.colcon_core.plugin_system:Skipping extension 'colcon_notification.desktop_notification.terminal_notifier': Not used on non-Darwin systems
[3.583s] INFO:colcon.colcon_core.plugin_system:Skipping extension 'colcon_notification.desktop_notification.win32': Not used on non-Windows systems
[3.583s] INFO:colcon.colcon_notification.desktop_notification:Sending desktop notification using 'notify2'
[3.593s] DEBUG:colcon.colcon_core.event_reactor:joined thread
[3.594s] INFO:colcon.colcon_core.shell:Creating prefix script '/home/jon/ws11/install/local_setup.ps1'
[3.594s] INFO:colcon.colcon_core.shell:Creating prefix util module '/home/jon/ws11/install/_local_setup_util_ps1.py'
[3.595s] INFO:colcon.colcon_core.shell:Creating prefix chain script '/home/jon/ws11/install/setup.ps1'
[3.596s] INFO:colcon.colcon_core.shell:Creating prefix script '/home/jon/ws11/install/local_setup.sh'
[3.596s] INFO:colcon.colcon_core.shell:Creating prefix util module '/home/jon/ws11/install/_local_setup_util_sh.py'
[3.596s] INFO:colcon.colcon_core.shell:Creating prefix chain script '/home/jon/ws11/install/setup.sh'
[3.597s] INFO:colcon.colcon_core.shell:Creating prefix script '/home/jon/ws11/install/local_setup.bash'
[3.597s] INFO:colcon.colcon_core.shell:Creating prefix chain script '/home/jon/ws11/install/setup.bash'
[3.598s] INFO:colcon.colcon_core.shell:Creating prefix script '/home/jon/ws11/install/local_setup.zsh'
[3.598s] INFO:colcon.colcon_core.shell:Creating prefix chain script '/home/jon/ws11/install/setup.zsh'
