[0.011s] Invoking command in '/home/jon/ws11/build/grid_path_searcher_2d': CMAKE_PREFIX_PATH=/home/jon/ws11/install/waypoint_generator:/home/jon/ws11/install/rviz_plugins:/home/jon/ws11/install/grid_path_searcher_2d:/home/jon/ws11/install/grid_path_searcher:/home/jon/ws02/install/cpp02_rosbag:/home/jon/ws02/install/cpp01_launch:/home/jon/ws01/install/tutorails_plumbing:/home/jon/ws01/install/cpp07_exercise:/home/jon/ws01/install/turtlesim:/home/jon/ws01/install/cpp06_time:/home/jon/ws01/install/cpp05_names:/home/jon/ws01/install/cpp04_param:/home/jon/ws01/install/cpp03_action:/home/jon/ws01/install/cpp02_service:/home/jon/ws01/install/cpp01_topic:/home/jon/ws01/install/base_demo:/opt/ros/humble LD_LIBRARY_PATH=/home/jon/ws11/install/rviz_plugins/lib:/home/jon/ws11/install/grid_path_searcher_2d/lib:/home/jon/ws01/install/turtlesim/lib:/home/jon/ws01/install/base_demo/lib:/opt/ros/humble/opt/rviz_ogre_vendor/lib:/opt/ros/humble/lib/x86_64-linux-gnu:/opt/ros/humble/lib /usr/bin/cmake --build /home/jon/ws11/build/grid_path_searcher_2d -- -j24 -l24
[0.066s] Consolidate compiler generated dependencies of target grid_searcher_2d
[0.070s] [  6%] Automatic MOC for target grid_path_searcher_2d_rviz_panel
[0.071s] [ 13%] Building CXX object CMakeFiles/random_map_2d.dir/src/random_map_node.cpp.o
[0.077s] [ 60%] Built target grid_searcher_2d
[0.087s] [ 60%] Built target grid_path_searcher_2d_rviz_panel_autogen
[0.089s] Consolidate compiler generated dependencies of target demo_node_2d
[0.101s] [ 73%] Built target demo_node_2d
[0.110s] [ 93%] Built target grid_path_searcher_2d_rviz_panel
[2.521s] [100%] Linking CXX executable random_map_2d
[2.656s] [100%] Built target random_map_2d
[2.665s] Invoked command in '/home/jon/ws11/build/grid_path_searcher_2d' returned '0': CMAKE_PREFIX_PATH=/home/jon/ws11/install/waypoint_generator:/home/jon/ws11/install/rviz_plugins:/home/jon/ws11/install/grid_path_searcher_2d:/home/jon/ws11/install/grid_path_searcher:/home/jon/ws02/install/cpp02_rosbag:/home/jon/ws02/install/cpp01_launch:/home/jon/ws01/install/tutorails_plumbing:/home/jon/ws01/install/cpp07_exercise:/home/jon/ws01/install/turtlesim:/home/jon/ws01/install/cpp06_time:/home/jon/ws01/install/cpp05_names:/home/jon/ws01/install/cpp04_param:/home/jon/ws01/install/cpp03_action:/home/jon/ws01/install/cpp02_service:/home/jon/ws01/install/cpp01_topic:/home/jon/ws01/install/base_demo:/opt/ros/humble LD_LIBRARY_PATH=/home/jon/ws11/install/rviz_plugins/lib:/home/jon/ws11/install/grid_path_searcher_2d/lib:/home/jon/ws01/install/turtlesim/lib:/home/jon/ws01/install/base_demo/lib:/opt/ros/humble/opt/rviz_ogre_vendor/lib:/opt/ros/humble/lib/x86_64-linux-gnu:/opt/ros/humble/lib /usr/bin/cmake --build /home/jon/ws11/build/grid_path_searcher_2d -- -j24 -l24
[2.673s] Invoking command in '/home/jon/ws11/build/grid_path_searcher_2d': CMAKE_PREFIX_PATH=/home/jon/ws11/install/waypoint_generator:/home/jon/ws11/install/rviz_plugins:/home/jon/ws11/install/grid_path_searcher_2d:/home/jon/ws11/install/grid_path_searcher:/home/jon/ws02/install/cpp02_rosbag:/home/jon/ws02/install/cpp01_launch:/home/jon/ws01/install/tutorails_plumbing:/home/jon/ws01/install/cpp07_exercise:/home/jon/ws01/install/turtlesim:/home/jon/ws01/install/cpp06_time:/home/jon/ws01/install/cpp05_names:/home/jon/ws01/install/cpp04_param:/home/jon/ws01/install/cpp03_action:/home/jon/ws01/install/cpp02_service:/home/jon/ws01/install/cpp01_topic:/home/jon/ws01/install/base_demo:/opt/ros/humble LD_LIBRARY_PATH=/home/jon/ws11/install/rviz_plugins/lib:/home/jon/ws11/install/grid_path_searcher_2d/lib:/home/jon/ws01/install/turtlesim/lib:/home/jon/ws01/install/base_demo/lib:/opt/ros/humble/opt/rviz_ogre_vendor/lib:/opt/ros/humble/lib/x86_64-linux-gnu:/opt/ros/humble/lib /usr/bin/cmake --install /home/jon/ws11/build/grid_path_searcher_2d
[2.678s] -- Install configuration: ""
[2.681s] -- Execute custom install script
[2.681s] -- Up-to-date symlink: /home/jon/ws11/install/grid_path_searcher_2d/share/grid_path_searcher_2d//plugin_description.xml
[2.681s] -- Up-to-date symlink: /home/jon/ws11/install/grid_path_searcher_2d/lib/libgrid_searcher_2d.a
[2.681s] -- Up-to-date symlink: /home/jon/ws11/install/grid_path_searcher_2d/lib/grid_path_searcher_2d/demo_node_2d
[2.681s] -- Up-to-date symlink: /home/jon/ws11/install/grid_path_searcher_2d/lib/grid_path_searcher_2d/random_map_2d
[2.681s] -- Up-to-date symlink: /home/jon/ws11/install/grid_path_searcher_2d/lib/libgrid_path_searcher_2d_rviz_panel.so
[2.682s] -- Up-to-date symlink: /home/jon/ws11/install/grid_path_searcher_2d/include/grid_path_searcher_2d/grid_searcher_2d.hpp
[2.682s] -- Up-to-date symlink: /home/jon/ws11/install/grid_path_searcher_2d/include/grid_path_searcher_2d/rrt_star_panel.hpp
[2.683s] -- Up-to-date symlink: /home/jon/ws11/install/grid_path_searcher_2d/share/grid_path_searcher_2d/launch/demo_launch.py
[2.683s] -- Up-to-date symlink: /home/jon/ws11/install/grid_path_searcher_2d/share/grid_path_searcher_2d/config/demo_2d.rviz
[2.683s] -- Up-to-date symlink: /home/jon/ws11/install/grid_path_searcher_2d/share/grid_path_searcher_2d/plugin_description.xml
[2.683s] -- Up-to-date symlink: /home/jon/ws11/install/grid_path_searcher_2d/share/ament_index/resource_index/package_run_dependencies/grid_path_searcher_2d
[2.683s] -- Up-to-date symlink: /home/jon/ws11/install/grid_path_searcher_2d/share/ament_index/resource_index/parent_prefix_path/grid_path_searcher_2d
[2.683s] -- Up-to-date symlink: /home/jon/ws11/install/grid_path_searcher_2d/share/grid_path_searcher_2d/environment/ament_prefix_path.sh
[2.683s] -- Up-to-date symlink: /home/jon/ws11/install/grid_path_searcher_2d/share/grid_path_searcher_2d/environment/ament_prefix_path.dsv
[2.683s] -- Up-to-date symlink: /home/jon/ws11/install/grid_path_searcher_2d/share/grid_path_searcher_2d/environment/path.sh
[2.683s] -- Up-to-date symlink: /home/jon/ws11/install/grid_path_searcher_2d/share/grid_path_searcher_2d/environment/path.dsv
[2.683s] -- Up-to-date symlink: /home/jon/ws11/install/grid_path_searcher_2d/share/grid_path_searcher_2d/local_setup.bash
[2.683s] -- Up-to-date symlink: /home/jon/ws11/install/grid_path_searcher_2d/share/grid_path_searcher_2d/local_setup.sh
[2.683s] -- Up-to-date symlink: /home/jon/ws11/install/grid_path_searcher_2d/share/grid_path_searcher_2d/local_setup.zsh
[2.683s] -- Up-to-date symlink: /home/jon/ws11/install/grid_path_searcher_2d/share/grid_path_searcher_2d/local_setup.dsv
[2.683s] -- Symlinking: /home/jon/ws11/install/grid_path_searcher_2d/share/grid_path_searcher_2d/package.dsv
[2.689s] -- Up-to-date symlink: /home/jon/ws11/install/grid_path_searcher_2d/share/ament_index/resource_index/packages/grid_path_searcher_2d
[2.689s] -- Up-to-date symlink: /home/jon/ws11/install/grid_path_searcher_2d/share/ament_index/resource_index/rviz_common__pluginlib__plugin/grid_path_searcher_2d
[2.689s] -- Up-to-date symlink: /home/jon/ws11/install/grid_path_searcher_2d/share/grid_path_searcher_2d/cmake/ament_cmake_export_include_directories-extras.cmake
[2.689s] -- Up-to-date symlink: /home/jon/ws11/install/grid_path_searcher_2d/share/grid_path_searcher_2d/cmake/ament_cmake_export_dependencies-extras.cmake
[2.689s] -- Up-to-date symlink: /home/jon/ws11/install/grid_path_searcher_2d/share/grid_path_searcher_2d/cmake/grid_path_searcher_2dConfig.cmake
[2.689s] -- Up-to-date symlink: /home/jon/ws11/install/grid_path_searcher_2d/share/grid_path_searcher_2d/cmake/grid_path_searcher_2dConfig-version.cmake
[2.689s] -- Up-to-date symlink: /home/jon/ws11/install/grid_path_searcher_2d/share/grid_path_searcher_2d/package.xml
[2.690s] Invoked command in '/home/jon/ws11/build/grid_path_searcher_2d' returned '0': CMAKE_PREFIX_PATH=/home/jon/ws11/install/waypoint_generator:/home/jon/ws11/install/rviz_plugins:/home/jon/ws11/install/grid_path_searcher_2d:/home/jon/ws11/install/grid_path_searcher:/home/jon/ws02/install/cpp02_rosbag:/home/jon/ws02/install/cpp01_launch:/home/jon/ws01/install/tutorails_plumbing:/home/jon/ws01/install/cpp07_exercise:/home/jon/ws01/install/turtlesim:/home/jon/ws01/install/cpp06_time:/home/jon/ws01/install/cpp05_names:/home/jon/ws01/install/cpp04_param:/home/jon/ws01/install/cpp03_action:/home/jon/ws01/install/cpp02_service:/home/jon/ws01/install/cpp01_topic:/home/jon/ws01/install/base_demo:/opt/ros/humble LD_LIBRARY_PATH=/home/jon/ws11/install/rviz_plugins/lib:/home/jon/ws11/install/grid_path_searcher_2d/lib:/home/jon/ws01/install/turtlesim/lib:/home/jon/ws01/install/base_demo/lib:/opt/ros/humble/opt/rviz_ogre_vendor/lib:/opt/ros/humble/lib/x86_64-linux-gnu:/opt/ros/humble/lib /usr/bin/cmake --install /home/jon/ws11/build/grid_path_searcher_2d
