[0.047s] DEBUG:colcon:Command line arguments: ['/usr/bin/colcon', 'build', '--symlink-install', '--cmake-args', '-DCMAKE_EXPORT_COMPILE_COMMANDS=ON']
[0.047s] DEBUG:colcon:Parsed command line arguments: Namespace(log_base=None, log_level=None, verb_name='build', build_base='build', install_base='install', merge_install=False, symlink_install=True, test_result_base=None, continue_on_error=False, executor='parallel', parallel_workers=24, event_handlers=None, ignore_user_meta=False, metas=['./colcon.meta'], base_paths=['.'], packages_ignore=None, packages_ignore_regex=None, paths=None, packages_up_to=None, packages_up_to_regex=None, packages_above=None, packages_above_and_dependencies=None, packages_above_depth=None, packages_select_by_dep=None, packages_skip_by_dep=None, packages_skip_up_to=None, packages_select_build_failed=False, packages_skip_build_finished=False, packages_select_test_failures=False, packages_skip_test_passed=False, packages_select=None, packages_skip=None, packages_select_regex=None, packages_skip_regex=None, packages_start=None, packages_end=None, allow_overriding=[], cmake_args=['-DCMAKE_EXPORT_COMPILE_COMMANDS=ON'], cmake_target=None, cmake_target_skip_unavailable=False, cmake_clean_cache=False, cmake_clean_first=False, cmake_force_configure=False, ament_cmake_args=None, catkin_cmake_args=None, catkin_skip_building_tests=False, mixin_files=None, mixin=None, verb_parser=<colcon_mixin.mixin.mixin_argument.MixinArgumentDecorator object at 0x7e5da8952500>, verb_extension=<colcon_core.verb.build.BuildVerb object at 0x7e5da8951b40>, main=<bound method BuildVerb.main of <colcon_core.verb.build.BuildVerb object at 0x7e5da8951b40>>, mixin_verb=('build',))
[0.108s] Level 1:colcon.colcon_core.package_discovery:discover_packages(colcon_meta) check parameters
[0.109s] Level 1:colcon.colcon_core.package_discovery:discover_packages(recursive) check parameters
[0.109s] Level 1:colcon.colcon_core.package_discovery:discover_packages(ignore) check parameters
[0.109s] Level 1:colcon.colcon_core.package_discovery:discover_packages(path) check parameters
[0.109s] Level 1:colcon.colcon_core.package_discovery:discover_packages(colcon_meta) discover
[0.109s] Level 1:colcon.colcon_core.package_discovery:discover_packages(recursive) discover
[0.109s] INFO:colcon.colcon_core.package_discovery:Crawling recursively for packages in '/home/jon/ws11'
[0.109s] Level 1:colcon.colcon_core.package_identification:_identify(.) by extensions ['ignore', 'ignore_ament_install']
[0.109s] Level 1:colcon.colcon_core.package_identification:_identify(.) by extension 'ignore'
[0.109s] Level 1:colcon.colcon_core.package_identification:_identify(.) by extension 'ignore_ament_install'
[0.109s] Level 1:colcon.colcon_core.package_identification:_identify(.) by extensions ['colcon_pkg']
[0.109s] Level 1:colcon.colcon_core.package_identification:_identify(.) by extension 'colcon_pkg'
[0.109s] Level 1:colcon.colcon_core.package_identification:_identify(.) by extensions ['colcon_meta']
[0.109s] Level 1:colcon.colcon_core.package_identification:_identify(.) by extension 'colcon_meta'
[0.109s] Level 1:colcon.colcon_core.package_identification:_identify(.) by extensions ['ros']
[0.109s] Level 1:colcon.colcon_core.package_identification:_identify(.) by extension 'ros'
[0.114s] Level 1:colcon.colcon_core.package_identification:_identify(.) by extensions ['cmake', 'python']
[0.114s] Level 1:colcon.colcon_core.package_identification:_identify(.) by extension 'cmake'
[0.114s] Level 1:colcon.colcon_core.package_identification:_identify(.) by extension 'python'
[0.114s] Level 1:colcon.colcon_core.package_identification:_identify(.) by extensions ['python_setup_py']
[0.114s] Level 1:colcon.colcon_core.package_identification:_identify(.) by extension 'python_setup_py'
[0.114s] Level 1:colcon.colcon_core.package_identification:_identify(build) by extensions ['ignore', 'ignore_ament_install']
[0.114s] Level 1:colcon.colcon_core.package_identification:_identify(build) by extension 'ignore'
[0.114s] Level 1:colcon.colcon_core.package_identification:_identify(build) ignored
[0.114s] Level 1:colcon.colcon_core.package_identification:_identify(install) by extensions ['ignore', 'ignore_ament_install']
[0.114s] Level 1:colcon.colcon_core.package_identification:_identify(install) by extension 'ignore'
[0.114s] Level 1:colcon.colcon_core.package_identification:_identify(install) ignored
[0.114s] Level 1:colcon.colcon_core.package_identification:_identify(log) by extensions ['ignore', 'ignore_ament_install']
[0.114s] Level 1:colcon.colcon_core.package_identification:_identify(log) by extension 'ignore'
[0.114s] Level 1:colcon.colcon_core.package_identification:_identify(log) ignored
[0.114s] Level 1:colcon.colcon_core.package_identification:_identify(src) by extensions ['ignore', 'ignore_ament_install']
[0.114s] Level 1:colcon.colcon_core.package_identification:_identify(src) by extension 'ignore'
[0.114s] Level 1:colcon.colcon_core.package_identification:_identify(src) by extension 'ignore_ament_install'
[0.114s] Level 1:colcon.colcon_core.package_identification:_identify(src) by extensions ['colcon_pkg']
[0.114s] Level 1:colcon.colcon_core.package_identification:_identify(src) by extension 'colcon_pkg'
[0.114s] Level 1:colcon.colcon_core.package_identification:_identify(src) by extensions ['colcon_meta']
[0.114s] Level 1:colcon.colcon_core.package_identification:_identify(src) by extension 'colcon_meta'
[0.114s] Level 1:colcon.colcon_core.package_identification:_identify(src) by extensions ['ros']
[0.114s] Level 1:colcon.colcon_core.package_identification:_identify(src) by extension 'ros'
[0.114s] Level 1:colcon.colcon_core.package_identification:_identify(src) by extensions ['cmake', 'python']
[0.114s] Level 1:colcon.colcon_core.package_identification:_identify(src) by extension 'cmake'
[0.114s] Level 1:colcon.colcon_core.package_identification:_identify(src) by extension 'python'
[0.114s] Level 1:colcon.colcon_core.package_identification:_identify(src) by extensions ['python_setup_py']
[0.114s] Level 1:colcon.colcon_core.package_identification:_identify(src) by extension 'python_setup_py'
[0.114s] Level 1:colcon.colcon_core.package_identification:_identify(src/grid_path_searcher) by extensions ['ignore', 'ignore_ament_install']
[0.115s] Level 1:colcon.colcon_core.package_identification:_identify(src/grid_path_searcher) by extension 'ignore'
[0.115s] Level 1:colcon.colcon_core.package_identification:_identify(src/grid_path_searcher) by extension 'ignore_ament_install'
[0.115s] Level 1:colcon.colcon_core.package_identification:_identify(src/grid_path_searcher) by extensions ['colcon_pkg']
[0.115s] Level 1:colcon.colcon_core.package_identification:_identify(src/grid_path_searcher) by extension 'colcon_pkg'
[0.115s] Level 1:colcon.colcon_core.package_identification:_identify(src/grid_path_searcher) by extensions ['colcon_meta']
[0.115s] Level 1:colcon.colcon_core.package_identification:_identify(src/grid_path_searcher) by extension 'colcon_meta'
[0.115s] Level 1:colcon.colcon_core.package_identification:_identify(src/grid_path_searcher) by extensions ['ros']
[0.115s] Level 1:colcon.colcon_core.package_identification:_identify(src/grid_path_searcher) by extension 'ros'
[0.116s] DEBUG:colcon.colcon_core.package_identification:Package 'src/grid_path_searcher' with type 'ros.ament_cmake' and name 'grid_path_searcher'
[0.116s] Level 1:colcon.colcon_core.package_identification:_identify(src/grid_path_searcher_2d) by extensions ['ignore', 'ignore_ament_install']
[0.116s] Level 1:colcon.colcon_core.package_identification:_identify(src/grid_path_searcher_2d) by extension 'ignore'
[0.116s] Level 1:colcon.colcon_core.package_identification:_identify(src/grid_path_searcher_2d) by extension 'ignore_ament_install'
[0.116s] Level 1:colcon.colcon_core.package_identification:_identify(src/grid_path_searcher_2d) by extensions ['colcon_pkg']
[0.116s] Level 1:colcon.colcon_core.package_identification:_identify(src/grid_path_searcher_2d) by extension 'colcon_pkg'
[0.116s] Level 1:colcon.colcon_core.package_identification:_identify(src/grid_path_searcher_2d) by extensions ['colcon_meta']
[0.116s] Level 1:colcon.colcon_core.package_identification:_identify(src/grid_path_searcher_2d) by extension 'colcon_meta'
[0.116s] Level 1:colcon.colcon_core.package_identification:_identify(src/grid_path_searcher_2d) by extensions ['ros']
[0.116s] Level 1:colcon.colcon_core.package_identification:_identify(src/grid_path_searcher_2d) by extension 'ros'
[0.117s] DEBUG:colcon.colcon_core.package_identification:Package 'src/grid_path_searcher_2d' with type 'ros.ament_cmake' and name 'grid_path_searcher_2d'
[0.117s] Level 1:colcon.colcon_core.package_identification:_identify(src/rviz_plugins) by extensions ['ignore', 'ignore_ament_install']
[0.117s] Level 1:colcon.colcon_core.package_identification:_identify(src/rviz_plugins) by extension 'ignore'
[0.117s] Level 1:colcon.colcon_core.package_identification:_identify(src/rviz_plugins) by extension 'ignore_ament_install'
[0.117s] Level 1:colcon.colcon_core.package_identification:_identify(src/rviz_plugins) by extensions ['colcon_pkg']
[0.117s] Level 1:colcon.colcon_core.package_identification:_identify(src/rviz_plugins) by extension 'colcon_pkg'
[0.117s] Level 1:colcon.colcon_core.package_identification:_identify(src/rviz_plugins) by extensions ['colcon_meta']
[0.117s] Level 1:colcon.colcon_core.package_identification:_identify(src/rviz_plugins) by extension 'colcon_meta'
[0.117s] Level 1:colcon.colcon_core.package_identification:_identify(src/rviz_plugins) by extensions ['ros']
[0.117s] Level 1:colcon.colcon_core.package_identification:_identify(src/rviz_plugins) by extension 'ros'
[0.117s] DEBUG:colcon.colcon_core.package_identification:Package 'src/rviz_plugins' with type 'ros.ament_cmake' and name 'rviz_plugins'
[0.117s] Level 1:colcon.colcon_core.package_identification:_identify(src/waypoint_generator) by extensions ['ignore', 'ignore_ament_install']
[0.117s] Level 1:colcon.colcon_core.package_identification:_identify(src/waypoint_generator) by extension 'ignore'
[0.117s] Level 1:colcon.colcon_core.package_identification:_identify(src/waypoint_generator) by extension 'ignore_ament_install'
[0.117s] Level 1:colcon.colcon_core.package_identification:_identify(src/waypoint_generator) by extensions ['colcon_pkg']
[0.117s] Level 1:colcon.colcon_core.package_identification:_identify(src/waypoint_generator) by extension 'colcon_pkg'
[0.117s] Level 1:colcon.colcon_core.package_identification:_identify(src/waypoint_generator) by extensions ['colcon_meta']
[0.117s] Level 1:colcon.colcon_core.package_identification:_identify(src/waypoint_generator) by extension 'colcon_meta'
[0.117s] Level 1:colcon.colcon_core.package_identification:_identify(src/waypoint_generator) by extensions ['ros']
[0.117s] Level 1:colcon.colcon_core.package_identification:_identify(src/waypoint_generator) by extension 'ros'
[0.118s] DEBUG:colcon.colcon_core.package_identification:Package 'src/waypoint_generator' with type 'ros.ament_cmake' and name 'waypoint_generator'
[0.118s] Level 1:colcon.colcon_core.package_discovery:discover_packages(recursive) using defaults
[0.118s] Level 1:colcon.colcon_core.package_discovery:discover_packages(ignore) discover
[0.118s] Level 1:colcon.colcon_core.package_discovery:discover_packages(ignore) using defaults
[0.118s] Level 1:colcon.colcon_core.package_discovery:discover_packages(path) discover
[0.118s] Level 1:colcon.colcon_core.package_discovery:discover_packages(path) using defaults
[0.135s] Level 1:colcon.colcon_core.package_discovery:discover_packages(prefix_path) check parameters
[0.135s] Level 1:colcon.colcon_core.package_discovery:discover_packages(prefix_path) discover
[0.135s] DEBUG:colcon.colcon_installed_package_information.package_discovery:Found 3 installed packages in /home/jon/ws11/install
[0.136s] DEBUG:colcon.colcon_installed_package_information.package_discovery:Found 2 installed packages in /home/jon/ws02/install
[0.136s] DEBUG:colcon.colcon_installed_package_information.package_discovery:Found 10 installed packages in /home/jon/ws01/install
[0.136s] DEBUG:colcon.colcon_installed_package_information.package_discovery:Found 273 installed packages in /opt/ros/humble
[0.137s] Level 1:colcon.colcon_core.package_discovery:discover_packages(prefix_path) using defaults
[0.152s] Level 5:colcon.colcon_core.verb:set package 'rviz_plugins' build argument 'cmake_args' from command line to '['-DCMAKE_EXPORT_COMPILE_COMMANDS=ON']'
[0.152s] Level 5:colcon.colcon_core.verb:set package 'rviz_plugins' build argument 'cmake_target' from command line to 'None'
[0.152s] Level 5:colcon.colcon_core.verb:set package 'rviz_plugins' build argument 'cmake_target_skip_unavailable' from command line to 'False'
[0.152s] Level 5:colcon.colcon_core.verb:set package 'rviz_plugins' build argument 'cmake_clean_cache' from command line to 'False'
[0.152s] Level 5:colcon.colcon_core.verb:set package 'rviz_plugins' build argument 'cmake_clean_first' from command line to 'False'
[0.152s] Level 5:colcon.colcon_core.verb:set package 'rviz_plugins' build argument 'cmake_force_configure' from command line to 'False'
[0.152s] Level 5:colcon.colcon_core.verb:set package 'rviz_plugins' build argument 'ament_cmake_args' from command line to 'None'
[0.152s] Level 5:colcon.colcon_core.verb:set package 'rviz_plugins' build argument 'catkin_cmake_args' from command line to 'None'
[0.152s] Level 5:colcon.colcon_core.verb:set package 'rviz_plugins' build argument 'catkin_skip_building_tests' from command line to 'False'
[0.152s] DEBUG:colcon.colcon_core.verb:Building package 'rviz_plugins' with the following arguments: {'ament_cmake_args': None, 'build_base': '/home/jon/ws11/build/rviz_plugins', 'catkin_cmake_args': None, 'catkin_skip_building_tests': False, 'cmake_args': ['-DCMAKE_EXPORT_COMPILE_COMMANDS=ON'], 'cmake_clean_cache': False, 'cmake_clean_first': False, 'cmake_force_configure': False, 'cmake_target': None, 'cmake_target_skip_unavailable': False, 'install_base': '/home/jon/ws11/install/rviz_plugins', 'merge_install': False, 'path': '/home/jon/ws11/src/rviz_plugins', 'symlink_install': True, 'test_result_base': None}
[0.152s] Level 5:colcon.colcon_core.verb:set package 'waypoint_generator' build argument 'cmake_args' from command line to '['-DCMAKE_EXPORT_COMPILE_COMMANDS=ON']'
[0.152s] Level 5:colcon.colcon_core.verb:set package 'waypoint_generator' build argument 'cmake_target' from command line to 'None'
[0.152s] Level 5:colcon.colcon_core.verb:set package 'waypoint_generator' build argument 'cmake_target_skip_unavailable' from command line to 'False'
[0.152s] Level 5:colcon.colcon_core.verb:set package 'waypoint_generator' build argument 'cmake_clean_cache' from command line to 'False'
[0.152s] Level 5:colcon.colcon_core.verb:set package 'waypoint_generator' build argument 'cmake_clean_first' from command line to 'False'
[0.152s] Level 5:colcon.colcon_core.verb:set package 'waypoint_generator' build argument 'cmake_force_configure' from command line to 'False'
[0.152s] Level 5:colcon.colcon_core.verb:set package 'waypoint_generator' build argument 'ament_cmake_args' from command line to 'None'
[0.152s] Level 5:colcon.colcon_core.verb:set package 'waypoint_generator' build argument 'catkin_cmake_args' from command line to 'None'
[0.152s] Level 5:colcon.colcon_core.verb:set package 'waypoint_generator' build argument 'catkin_skip_building_tests' from command line to 'False'
[0.152s] DEBUG:colcon.colcon_core.verb:Building package 'waypoint_generator' with the following arguments: {'ament_cmake_args': None, 'build_base': '/home/jon/ws11/build/waypoint_generator', 'catkin_cmake_args': None, 'catkin_skip_building_tests': False, 'cmake_args': ['-DCMAKE_EXPORT_COMPILE_COMMANDS=ON'], 'cmake_clean_cache': False, 'cmake_clean_first': False, 'cmake_force_configure': False, 'cmake_target': None, 'cmake_target_skip_unavailable': False, 'install_base': '/home/jon/ws11/install/waypoint_generator', 'merge_install': False, 'path': '/home/jon/ws11/src/waypoint_generator', 'symlink_install': True, 'test_result_base': None}
[0.153s] Level 5:colcon.colcon_core.verb:set package 'grid_path_searcher' build argument 'cmake_args' from command line to '['-DCMAKE_EXPORT_COMPILE_COMMANDS=ON']'
[0.153s] Level 5:colcon.colcon_core.verb:set package 'grid_path_searcher' build argument 'cmake_target' from command line to 'None'
[0.153s] Level 5:colcon.colcon_core.verb:set package 'grid_path_searcher' build argument 'cmake_target_skip_unavailable' from command line to 'False'
[0.153s] Level 5:colcon.colcon_core.verb:set package 'grid_path_searcher' build argument 'cmake_clean_cache' from command line to 'False'
[0.153s] Level 5:colcon.colcon_core.verb:set package 'grid_path_searcher' build argument 'cmake_clean_first' from command line to 'False'
[0.153s] Level 5:colcon.colcon_core.verb:set package 'grid_path_searcher' build argument 'cmake_force_configure' from command line to 'False'
[0.153s] Level 5:colcon.colcon_core.verb:set package 'grid_path_searcher' build argument 'ament_cmake_args' from command line to 'None'
[0.153s] Level 5:colcon.colcon_core.verb:set package 'grid_path_searcher' build argument 'catkin_cmake_args' from command line to 'None'
[0.153s] Level 5:colcon.colcon_core.verb:set package 'grid_path_searcher' build argument 'catkin_skip_building_tests' from command line to 'False'
[0.153s] DEBUG:colcon.colcon_core.verb:Building package 'grid_path_searcher' with the following arguments: {'ament_cmake_args': None, 'build_base': '/home/jon/ws11/build/grid_path_searcher', 'catkin_cmake_args': None, 'catkin_skip_building_tests': False, 'cmake_args': ['-DCMAKE_EXPORT_COMPILE_COMMANDS=ON'], 'cmake_clean_cache': False, 'cmake_clean_first': False, 'cmake_force_configure': False, 'cmake_target': None, 'cmake_target_skip_unavailable': False, 'install_base': '/home/jon/ws11/install/grid_path_searcher', 'merge_install': False, 'path': '/home/jon/ws11/src/grid_path_searcher', 'symlink_install': True, 'test_result_base': None}
[0.153s] Level 5:colcon.colcon_core.verb:set package 'grid_path_searcher_2d' build argument 'cmake_args' from command line to '['-DCMAKE_EXPORT_COMPILE_COMMANDS=ON']'
[0.153s] Level 5:colcon.colcon_core.verb:set package 'grid_path_searcher_2d' build argument 'cmake_target' from command line to 'None'
[0.153s] Level 5:colcon.colcon_core.verb:set package 'grid_path_searcher_2d' build argument 'cmake_target_skip_unavailable' from command line to 'False'
[0.153s] Level 5:colcon.colcon_core.verb:set package 'grid_path_searcher_2d' build argument 'cmake_clean_cache' from command line to 'False'
[0.153s] Level 5:colcon.colcon_core.verb:set package 'grid_path_searcher_2d' build argument 'cmake_clean_first' from command line to 'False'
[0.153s] Level 5:colcon.colcon_core.verb:set package 'grid_path_searcher_2d' build argument 'cmake_force_configure' from command line to 'False'
[0.153s] Level 5:colcon.colcon_core.verb:set package 'grid_path_searcher_2d' build argument 'ament_cmake_args' from command line to 'None'
[0.153s] Level 5:colcon.colcon_core.verb:set package 'grid_path_searcher_2d' build argument 'catkin_cmake_args' from command line to 'None'
[0.153s] Level 5:colcon.colcon_core.verb:set package 'grid_path_searcher_2d' build argument 'catkin_skip_building_tests' from command line to 'False'
[0.153s] DEBUG:colcon.colcon_core.verb:Building package 'grid_path_searcher_2d' with the following arguments: {'ament_cmake_args': None, 'build_base': '/home/jon/ws11/build/grid_path_searcher_2d', 'catkin_cmake_args': None, 'catkin_skip_building_tests': False, 'cmake_args': ['-DCMAKE_EXPORT_COMPILE_COMMANDS=ON'], 'cmake_clean_cache': False, 'cmake_clean_first': False, 'cmake_force_configure': False, 'cmake_target': None, 'cmake_target_skip_unavailable': False, 'install_base': '/home/jon/ws11/install/grid_path_searcher_2d', 'merge_install': False, 'path': '/home/jon/ws11/src/grid_path_searcher_2d', 'symlink_install': True, 'test_result_base': None}
[0.153s] INFO:colcon.colcon_core.executor:Executing jobs using 'parallel' executor
[0.154s] DEBUG:colcon.colcon_parallel_executor.executor.parallel:run_until_complete
[0.154s] INFO:colcon.colcon_ros.task.ament_cmake.build:Building ROS package in '/home/jon/ws11/src/waypoint_generator' with build type 'ament_cmake'
[0.154s] INFO:colcon.colcon_cmake.task.cmake.build:Building CMake package in '/home/jon/ws11/src/waypoint_generator'
[0.155s] INFO:colcon.colcon_core.plugin_system:Skipping extension 'colcon_core.shell.bat': Not used on non-Windows systems
[0.155s] INFO:colcon.colcon_core.shell:Skip shell extension 'powershell' for command environment: Not usable outside of PowerShell
[0.155s] DEBUG:colcon.colcon_core.shell:Skip shell extension 'dsv' for command environment
[0.157s] INFO:colcon.colcon_ros.task.ament_cmake.build:Building ROS package in '/home/jon/ws11/src/rviz_plugins' with build type 'ament_cmake'
[0.158s] INFO:colcon.colcon_cmake.task.cmake.build:Building CMake package in '/home/jon/ws11/src/rviz_plugins'
[0.158s] INFO:colcon.colcon_core.shell:Skip shell extension 'powershell' for command environment: Not usable outside of PowerShell
[0.158s] DEBUG:colcon.colcon_core.shell:Skip shell extension 'dsv' for command environment
[0.162s] DEBUG:colcon.colcon_core.event_handler.log_command:Invoking command in '/home/jon/ws11/build/waypoint_generator': CMAKE_PREFIX_PATH=${CMAKE_PREFIX_PATH}:/opt/ros/humble /usr/bin/cmake --build /home/jon/ws11/build/waypoint_generator -- -j24 -l24
[0.164s] DEBUG:colcon.colcon_core.event_handler.log_command:Invoking command in '/home/jon/ws11/build/rviz_plugins': CMAKE_PREFIX_PATH=${CMAKE_PREFIX_PATH}:/opt/ros/humble /usr/bin/cmake --build /home/jon/ws11/build/rviz_plugins -- -j24 -l24
[0.213s] DEBUG:colcon.colcon_core.event_handler.log_command:Invoked command in '/home/jon/ws11/build/waypoint_generator' returned '0': CMAKE_PREFIX_PATH=${CMAKE_PREFIX_PATH}:/opt/ros/humble /usr/bin/cmake --build /home/jon/ws11/build/waypoint_generator -- -j24 -l24
[0.218s] DEBUG:colcon.colcon_core.event_handler.log_command:Invoking command in '/home/jon/ws11/build/waypoint_generator': CMAKE_PREFIX_PATH=${CMAKE_PREFIX_PATH}:/opt/ros/humble /usr/bin/cmake --install /home/jon/ws11/build/waypoint_generator
[0.228s] Level 1:colcon.colcon_core.environment:create_environment_scripts_only(waypoint_generator)
[0.229s] DEBUG:colcon.colcon_core.event_handler.log_command:Invoked command in '/home/jon/ws11/build/waypoint_generator' returned '0': CMAKE_PREFIX_PATH=${CMAKE_PREFIX_PATH}:/opt/ros/humble /usr/bin/cmake --install /home/jon/ws11/build/waypoint_generator
[0.231s] Level 1:colcon.colcon_core.environment:checking '/home/jon/ws11/install/waypoint_generator' for CMake module files
[0.231s] Level 1:colcon.colcon_core.environment:checking '/home/jon/ws11/install/waypoint_generator' for CMake config files
[0.231s] Level 1:colcon.colcon_core.shell:create_environment_hook('waypoint_generator', 'cmake_prefix_path')
[0.231s] INFO:colcon.colcon_core.shell:Creating environment hook '/home/jon/ws11/install/waypoint_generator/share/waypoint_generator/hook/cmake_prefix_path.ps1'
[0.232s] INFO:colcon.colcon_core.shell:Creating environment descriptor '/home/jon/ws11/install/waypoint_generator/share/waypoint_generator/hook/cmake_prefix_path.dsv'
[0.232s] INFO:colcon.colcon_core.shell:Creating environment hook '/home/jon/ws11/install/waypoint_generator/share/waypoint_generator/hook/cmake_prefix_path.sh'
[0.232s] Level 1:colcon.colcon_core.environment:checking '/home/jon/ws11/install/waypoint_generator/lib'
[0.232s] Level 1:colcon.colcon_core.environment:checking '/home/jon/ws11/install/waypoint_generator/bin'
[0.232s] Level 1:colcon.colcon_core.environment:checking '/home/jon/ws11/install/waypoint_generator/lib/pkgconfig/waypoint_generator.pc'
[0.233s] Level 1:colcon.colcon_core.environment:checking '/home/jon/ws11/install/waypoint_generator/lib/python3.10/site-packages'
[0.233s] Level 1:colcon.colcon_core.environment:checking '/home/jon/ws11/install/waypoint_generator/bin'
[0.233s] INFO:colcon.colcon_core.shell:Creating package script '/home/jon/ws11/install/waypoint_generator/share/waypoint_generator/package.ps1'
[0.234s] INFO:colcon.colcon_core.shell:Creating package descriptor '/home/jon/ws11/install/waypoint_generator/share/waypoint_generator/package.dsv'
[0.234s] INFO:colcon.colcon_core.shell:Creating package script '/home/jon/ws11/install/waypoint_generator/share/waypoint_generator/package.sh'
[0.235s] INFO:colcon.colcon_core.shell:Creating package script '/home/jon/ws11/install/waypoint_generator/share/waypoint_generator/package.bash'
[0.235s] INFO:colcon.colcon_core.shell:Creating package script '/home/jon/ws11/install/waypoint_generator/share/waypoint_generator/package.zsh'
[0.236s] Level 1:colcon.colcon_core.environment:create_file_with_runtime_dependencies(/home/jon/ws11/install/waypoint_generator/share/colcon-core/packages/waypoint_generator)
[0.237s] Level 1:colcon.colcon_core.environment:create_environment_scripts_only(waypoint_generator)
[0.237s] Level 1:colcon.colcon_core.environment:checking '/home/jon/ws11/install/waypoint_generator' for CMake module files
[0.237s] Level 1:colcon.colcon_core.environment:checking '/home/jon/ws11/install/waypoint_generator' for CMake config files
[0.237s] Level 1:colcon.colcon_core.shell:create_environment_hook('waypoint_generator', 'cmake_prefix_path')
[0.237s] INFO:colcon.colcon_core.shell:Creating environment hook '/home/jon/ws11/install/waypoint_generator/share/waypoint_generator/hook/cmake_prefix_path.ps1'
[0.237s] INFO:colcon.colcon_core.shell:Creating environment descriptor '/home/jon/ws11/install/waypoint_generator/share/waypoint_generator/hook/cmake_prefix_path.dsv'
[0.237s] INFO:colcon.colcon_core.shell:Creating environment hook '/home/jon/ws11/install/waypoint_generator/share/waypoint_generator/hook/cmake_prefix_path.sh'
[0.238s] Level 1:colcon.colcon_core.environment:checking '/home/jon/ws11/install/waypoint_generator/lib'
[0.238s] Level 1:colcon.colcon_core.environment:checking '/home/jon/ws11/install/waypoint_generator/bin'
[0.238s] Level 1:colcon.colcon_core.environment:checking '/home/jon/ws11/install/waypoint_generator/lib/pkgconfig/waypoint_generator.pc'
[0.238s] Level 1:colcon.colcon_core.environment:checking '/home/jon/ws11/install/waypoint_generator/lib/python3.10/site-packages'
[0.238s] Level 1:colcon.colcon_core.environment:checking '/home/jon/ws11/install/waypoint_generator/bin'
[0.238s] INFO:colcon.colcon_core.shell:Creating package script '/home/jon/ws11/install/waypoint_generator/share/waypoint_generator/package.ps1'
[0.239s] INFO:colcon.colcon_core.shell:Creating package descriptor '/home/jon/ws11/install/waypoint_generator/share/waypoint_generator/package.dsv'
[0.239s] INFO:colcon.colcon_core.shell:Creating package script '/home/jon/ws11/install/waypoint_generator/share/waypoint_generator/package.sh'
[0.239s] INFO:colcon.colcon_core.shell:Creating package script '/home/jon/ws11/install/waypoint_generator/share/waypoint_generator/package.bash'
[0.239s] INFO:colcon.colcon_core.shell:Creating package script '/home/jon/ws11/install/waypoint_generator/share/waypoint_generator/package.zsh'
[0.239s] Level 1:colcon.colcon_core.environment:create_file_with_runtime_dependencies(/home/jon/ws11/install/waypoint_generator/share/colcon-core/packages/waypoint_generator)
[0.240s] INFO:colcon.colcon_ros.task.ament_cmake.build:Building ROS package in '/home/jon/ws11/src/grid_path_searcher_2d' with build type 'ament_cmake'
[0.240s] INFO:colcon.colcon_cmake.task.cmake.build:Building CMake package in '/home/jon/ws11/src/grid_path_searcher_2d'
[0.240s] INFO:colcon.colcon_core.shell:Skip shell extension 'powershell' for command environment: Not usable outside of PowerShell
[0.240s] DEBUG:colcon.colcon_core.shell:Skip shell extension 'dsv' for command environment
[0.243s] DEBUG:colcon.colcon_core.event_handler.log_command:Invoked command in '/home/jon/ws11/build/rviz_plugins' returned '0': CMAKE_PREFIX_PATH=${CMAKE_PREFIX_PATH}:/opt/ros/humble /usr/bin/cmake --build /home/jon/ws11/build/rviz_plugins -- -j24 -l24
[0.244s] DEBUG:colcon.colcon_core.event_handler.log_command:Invoking command in '/home/jon/ws11/build/rviz_plugins': CMAKE_PREFIX_PATH=${CMAKE_PREFIX_PATH}:/opt/ros/humble /usr/bin/cmake --install /home/jon/ws11/build/rviz_plugins
[0.246s] DEBUG:colcon.colcon_core.event_handler.log_command:Invoking command in '/home/jon/ws11/build/grid_path_searcher_2d': CMAKE_PREFIX_PATH=/home/jon/ws11/install/waypoint_generator:/home/jon/ws11/install/grid_path_searcher:/home/jon/ws11/install/rviz_plugins:/home/jon/ws02/install/cpp02_rosbag:/home/jon/ws02/install/cpp01_launch:/home/jon/ws01/install/tutorails_plumbing:/home/jon/ws01/install/cpp07_exercise:/home/jon/ws01/install/turtlesim:/home/jon/ws01/install/cpp06_time:/home/jon/ws01/install/cpp05_names:/home/jon/ws01/install/cpp04_param:/home/jon/ws01/install/cpp03_action:/home/jon/ws01/install/cpp02_service:/home/jon/ws01/install/cpp01_topic:/home/jon/ws01/install/base_demo:/opt/ros/humble /usr/bin/cmake /home/jon/ws11/src/grid_path_searcher_2d -DCMAKE_EXPORT_COMPILE_COMMANDS=ON -DAMENT_CMAKE_SYMLINK_INSTALL=1 -DCMAKE_INSTALL_PREFIX=/home/jon/ws11/install/grid_path_searcher_2d
[0.259s] Level 1:colcon.colcon_core.environment:create_environment_scripts_only(rviz_plugins)
[0.259s] DEBUG:colcon.colcon_core.event_handler.log_command:Invoked command in '/home/jon/ws11/build/rviz_plugins' returned '0': CMAKE_PREFIX_PATH=${CMAKE_PREFIX_PATH}:/opt/ros/humble /usr/bin/cmake --install /home/jon/ws11/build/rviz_plugins
[0.260s] Level 1:colcon.colcon_core.environment:checking '/home/jon/ws11/install/rviz_plugins' for CMake module files
[0.260s] Level 1:colcon.colcon_core.environment:checking '/home/jon/ws11/install/rviz_plugins' for CMake config files
[0.260s] Level 1:colcon.colcon_core.shell:create_environment_hook('rviz_plugins', 'cmake_prefix_path')
[0.260s] INFO:colcon.colcon_core.shell:Creating environment hook '/home/jon/ws11/install/rviz_plugins/share/rviz_plugins/hook/cmake_prefix_path.ps1'
[0.260s] INFO:colcon.colcon_core.shell:Creating environment descriptor '/home/jon/ws11/install/rviz_plugins/share/rviz_plugins/hook/cmake_prefix_path.dsv'
[0.261s] INFO:colcon.colcon_core.shell:Creating environment hook '/home/jon/ws11/install/rviz_plugins/share/rviz_plugins/hook/cmake_prefix_path.sh'
[0.261s] Level 1:colcon.colcon_core.environment:checking '/home/jon/ws11/install/rviz_plugins/lib'
[0.261s] Level 1:colcon.colcon_core.shell:create_environment_hook('rviz_plugins', 'ld_library_path_lib')
[0.261s] INFO:colcon.colcon_core.shell:Creating environment hook '/home/jon/ws11/install/rviz_plugins/share/rviz_plugins/hook/ld_library_path_lib.ps1'
[0.261s] INFO:colcon.colcon_core.shell:Creating environment descriptor '/home/jon/ws11/install/rviz_plugins/share/rviz_plugins/hook/ld_library_path_lib.dsv'
[0.261s] INFO:colcon.colcon_core.shell:Creating environment hook '/home/jon/ws11/install/rviz_plugins/share/rviz_plugins/hook/ld_library_path_lib.sh'
[0.261s] Level 1:colcon.colcon_core.environment:checking '/home/jon/ws11/install/rviz_plugins/bin'
[0.261s] Level 1:colcon.colcon_core.environment:checking '/home/jon/ws11/install/rviz_plugins/lib/pkgconfig/rviz_plugins.pc'
[0.262s] Level 1:colcon.colcon_core.environment:checking '/home/jon/ws11/install/rviz_plugins/lib/python3.10/site-packages'
[0.262s] Level 1:colcon.colcon_core.environment:checking '/home/jon/ws11/install/rviz_plugins/bin'
[0.262s] INFO:colcon.colcon_core.shell:Creating package script '/home/jon/ws11/install/rviz_plugins/share/rviz_plugins/package.ps1'
[0.262s] INFO:colcon.colcon_core.shell:Creating package descriptor '/home/jon/ws11/install/rviz_plugins/share/rviz_plugins/package.dsv'
[0.262s] INFO:colcon.colcon_core.shell:Creating package script '/home/jon/ws11/install/rviz_plugins/share/rviz_plugins/package.sh'
[0.263s] INFO:colcon.colcon_core.shell:Creating package script '/home/jon/ws11/install/rviz_plugins/share/rviz_plugins/package.bash'
[0.263s] INFO:colcon.colcon_core.shell:Creating package script '/home/jon/ws11/install/rviz_plugins/share/rviz_plugins/package.zsh'
[0.263s] Level 1:colcon.colcon_core.environment:create_file_with_runtime_dependencies(/home/jon/ws11/install/rviz_plugins/share/colcon-core/packages/rviz_plugins)
[0.263s] Level 1:colcon.colcon_core.environment:create_environment_scripts_only(rviz_plugins)
[0.263s] Level 1:colcon.colcon_core.environment:checking '/home/jon/ws11/install/rviz_plugins' for CMake module files
[0.263s] Level 1:colcon.colcon_core.environment:checking '/home/jon/ws11/install/rviz_plugins' for CMake config files
[0.263s] Level 1:colcon.colcon_core.shell:create_environment_hook('rviz_plugins', 'cmake_prefix_path')
[0.263s] INFO:colcon.colcon_core.shell:Creating environment hook '/home/jon/ws11/install/rviz_plugins/share/rviz_plugins/hook/cmake_prefix_path.ps1'
[0.264s] INFO:colcon.colcon_core.shell:Creating environment descriptor '/home/jon/ws11/install/rviz_plugins/share/rviz_plugins/hook/cmake_prefix_path.dsv'
[0.264s] INFO:colcon.colcon_core.shell:Creating environment hook '/home/jon/ws11/install/rviz_plugins/share/rviz_plugins/hook/cmake_prefix_path.sh'
[0.264s] Level 1:colcon.colcon_core.environment:checking '/home/jon/ws11/install/rviz_plugins/lib'
[0.264s] Level 1:colcon.colcon_core.shell:create_environment_hook('rviz_plugins', 'ld_library_path_lib')
[0.264s] INFO:colcon.colcon_core.shell:Creating environment hook '/home/jon/ws11/install/rviz_plugins/share/rviz_plugins/hook/ld_library_path_lib.ps1'
[0.264s] INFO:colcon.colcon_core.shell:Creating environment descriptor '/home/jon/ws11/install/rviz_plugins/share/rviz_plugins/hook/ld_library_path_lib.dsv'
[0.264s] INFO:colcon.colcon_core.shell:Creating environment hook '/home/jon/ws11/install/rviz_plugins/share/rviz_plugins/hook/ld_library_path_lib.sh'
[0.264s] Level 1:colcon.colcon_core.environment:checking '/home/jon/ws11/install/rviz_plugins/bin'
[0.264s] Level 1:colcon.colcon_core.environment:checking '/home/jon/ws11/install/rviz_plugins/lib/pkgconfig/rviz_plugins.pc'
[0.265s] Level 1:colcon.colcon_core.environment:checking '/home/jon/ws11/install/rviz_plugins/lib/python3.10/site-packages'
[0.265s] Level 1:colcon.colcon_core.environment:checking '/home/jon/ws11/install/rviz_plugins/bin'
[0.265s] INFO:colcon.colcon_core.shell:Creating package script '/home/jon/ws11/install/rviz_plugins/share/rviz_plugins/package.ps1'
[0.265s] INFO:colcon.colcon_core.shell:Creating package descriptor '/home/jon/ws11/install/rviz_plugins/share/rviz_plugins/package.dsv'
[0.265s] INFO:colcon.colcon_core.shell:Creating package script '/home/jon/ws11/install/rviz_plugins/share/rviz_plugins/package.sh'
[0.265s] INFO:colcon.colcon_core.shell:Creating package script '/home/jon/ws11/install/rviz_plugins/share/rviz_plugins/package.bash'
[0.266s] INFO:colcon.colcon_core.shell:Creating package script '/home/jon/ws11/install/rviz_plugins/share/rviz_plugins/package.zsh'
[0.266s] Level 1:colcon.colcon_core.environment:create_file_with_runtime_dependencies(/home/jon/ws11/install/rviz_plugins/share/colcon-core/packages/rviz_plugins)
[0.266s] INFO:colcon.colcon_ros.task.ament_cmake.build:Building ROS package in '/home/jon/ws11/src/grid_path_searcher' with build type 'ament_cmake'
[0.266s] INFO:colcon.colcon_cmake.task.cmake.build:Building CMake package in '/home/jon/ws11/src/grid_path_searcher'
[0.266s] INFO:colcon.colcon_core.shell:Skip shell extension 'powershell' for command environment: Not usable outside of PowerShell
[0.266s] DEBUG:colcon.colcon_core.shell:Skip shell extension 'dsv' for command environment
[0.275s] DEBUG:colcon.colcon_core.event_handler.log_command:Invoking command in '/home/jon/ws11/build/grid_path_searcher': CMAKE_PREFIX_PATH=/home/jon/ws11/install/waypoint_generator:/home/jon/ws11/install/rviz_plugins:/home/jon/ws11/install/grid_path_searcher:/home/jon/ws02/install/cpp02_rosbag:/home/jon/ws02/install/cpp01_launch:/home/jon/ws01/install/tutorails_plumbing:/home/jon/ws01/install/cpp07_exercise:/home/jon/ws01/install/turtlesim:/home/jon/ws01/install/cpp06_time:/home/jon/ws01/install/cpp05_names:/home/jon/ws01/install/cpp04_param:/home/jon/ws01/install/cpp03_action:/home/jon/ws01/install/cpp02_service:/home/jon/ws01/install/cpp01_topic:/home/jon/ws01/install/base_demo:/opt/ros/humble /usr/bin/cmake --build /home/jon/ws11/build/grid_path_searcher -- -j24 -l24
[0.570s] DEBUG:colcon.colcon_core.event_handler.log_command:Invoked command in '/home/jon/ws11/build/grid_path_searcher_2d' returned '0': CMAKE_PREFIX_PATH=/home/jon/ws11/install/waypoint_generator:/home/jon/ws11/install/grid_path_searcher:/home/jon/ws11/install/rviz_plugins:/home/jon/ws02/install/cpp02_rosbag:/home/jon/ws02/install/cpp01_launch:/home/jon/ws01/install/tutorails_plumbing:/home/jon/ws01/install/cpp07_exercise:/home/jon/ws01/install/turtlesim:/home/jon/ws01/install/cpp06_time:/home/jon/ws01/install/cpp05_names:/home/jon/ws01/install/cpp04_param:/home/jon/ws01/install/cpp03_action:/home/jon/ws01/install/cpp02_service:/home/jon/ws01/install/cpp01_topic:/home/jon/ws01/install/base_demo:/opt/ros/humble /usr/bin/cmake /home/jon/ws11/src/grid_path_searcher_2d -DCMAKE_EXPORT_COMPILE_COMMANDS=ON -DAMENT_CMAKE_SYMLINK_INSTALL=1 -DCMAKE_INSTALL_PREFIX=/home/jon/ws11/install/grid_path_searcher_2d
[0.571s] DEBUG:colcon.colcon_core.event_handler.log_command:Invoking command in '/home/jon/ws11/build/grid_path_searcher_2d': CMAKE_PREFIX_PATH=/home/jon/ws11/install/waypoint_generator:/home/jon/ws11/install/grid_path_searcher:/home/jon/ws11/install/rviz_plugins:/home/jon/ws02/install/cpp02_rosbag:/home/jon/ws02/install/cpp01_launch:/home/jon/ws01/install/tutorails_plumbing:/home/jon/ws01/install/cpp07_exercise:/home/jon/ws01/install/turtlesim:/home/jon/ws01/install/cpp06_time:/home/jon/ws01/install/cpp05_names:/home/jon/ws01/install/cpp04_param:/home/jon/ws01/install/cpp03_action:/home/jon/ws01/install/cpp02_service:/home/jon/ws01/install/cpp01_topic:/home/jon/ws01/install/base_demo:/opt/ros/humble /usr/bin/cmake --build /home/jon/ws11/build/grid_path_searcher_2d -- -j24 -l24
[1.514s] DEBUG:colcon.colcon_core.event_handler.log_command:Invoked command in '/home/jon/ws11/build/grid_path_searcher' returned '0': CMAKE_PREFIX_PATH=/home/jon/ws11/install/waypoint_generator:/home/jon/ws11/install/rviz_plugins:/home/jon/ws11/install/grid_path_searcher:/home/jon/ws02/install/cpp02_rosbag:/home/jon/ws02/install/cpp01_launch:/home/jon/ws01/install/tutorails_plumbing:/home/jon/ws01/install/cpp07_exercise:/home/jon/ws01/install/turtlesim:/home/jon/ws01/install/cpp06_time:/home/jon/ws01/install/cpp05_names:/home/jon/ws01/install/cpp04_param:/home/jon/ws01/install/cpp03_action:/home/jon/ws01/install/cpp02_service:/home/jon/ws01/install/cpp01_topic:/home/jon/ws01/install/base_demo:/opt/ros/humble /usr/bin/cmake --build /home/jon/ws11/build/grid_path_searcher -- -j24 -l24
[1.515s] DEBUG:colcon.colcon_core.event_handler.log_command:Invoking command in '/home/jon/ws11/build/grid_path_searcher': CMAKE_PREFIX_PATH=/home/jon/ws11/install/waypoint_generator:/home/jon/ws11/install/rviz_plugins:/home/jon/ws11/install/grid_path_searcher:/home/jon/ws02/install/cpp02_rosbag:/home/jon/ws02/install/cpp01_launch:/home/jon/ws01/install/tutorails_plumbing:/home/jon/ws01/install/cpp07_exercise:/home/jon/ws01/install/turtlesim:/home/jon/ws01/install/cpp06_time:/home/jon/ws01/install/cpp05_names:/home/jon/ws01/install/cpp04_param:/home/jon/ws01/install/cpp03_action:/home/jon/ws01/install/cpp02_service:/home/jon/ws01/install/cpp01_topic:/home/jon/ws01/install/base_demo:/opt/ros/humble /usr/bin/cmake --install /home/jon/ws11/build/grid_path_searcher
[1.531s] Level 1:colcon.colcon_core.environment:create_environment_scripts_only(grid_path_searcher)
[1.532s] Level 1:colcon.colcon_core.environment:checking '/home/jon/ws11/install/grid_path_searcher' for CMake module files
[1.532s] Level 1:colcon.colcon_core.environment:checking '/home/jon/ws11/install/grid_path_searcher' for CMake config files
[1.532s] Level 1:colcon.colcon_core.shell:create_environment_hook('grid_path_searcher', 'cmake_prefix_path')
[1.532s] INFO:colcon.colcon_core.shell:Creating environment hook '/home/jon/ws11/install/grid_path_searcher/share/grid_path_searcher/hook/cmake_prefix_path.ps1'
[1.532s] INFO:colcon.colcon_core.shell:Creating environment descriptor '/home/jon/ws11/install/grid_path_searcher/share/grid_path_searcher/hook/cmake_prefix_path.dsv'
[1.533s] INFO:colcon.colcon_core.shell:Creating environment hook '/home/jon/ws11/install/grid_path_searcher/share/grid_path_searcher/hook/cmake_prefix_path.sh'
[1.533s] DEBUG:colcon.colcon_core.event_handler.log_command:Invoked command in '/home/jon/ws11/build/grid_path_searcher' returned '0': CMAKE_PREFIX_PATH=/home/jon/ws11/install/waypoint_generator:/home/jon/ws11/install/rviz_plugins:/home/jon/ws11/install/grid_path_searcher:/home/jon/ws02/install/cpp02_rosbag:/home/jon/ws02/install/cpp01_launch:/home/jon/ws01/install/tutorails_plumbing:/home/jon/ws01/install/cpp07_exercise:/home/jon/ws01/install/turtlesim:/home/jon/ws01/install/cpp06_time:/home/jon/ws01/install/cpp05_names:/home/jon/ws01/install/cpp04_param:/home/jon/ws01/install/cpp03_action:/home/jon/ws01/install/cpp02_service:/home/jon/ws01/install/cpp01_topic:/home/jon/ws01/install/base_demo:/opt/ros/humble /usr/bin/cmake --install /home/jon/ws11/build/grid_path_searcher
[1.533s] Level 1:colcon.colcon_core.environment:checking '/home/jon/ws11/install/grid_path_searcher/lib'
[1.533s] Level 1:colcon.colcon_core.environment:checking '/home/jon/ws11/install/grid_path_searcher/bin'
[1.533s] Level 1:colcon.colcon_core.environment:checking '/home/jon/ws11/install/grid_path_searcher/lib/pkgconfig/grid_path_searcher.pc'
[1.533s] Level 1:colcon.colcon_core.environment:checking '/home/jon/ws11/install/grid_path_searcher/lib/python3.10/site-packages'
[1.534s] Level 1:colcon.colcon_core.environment:checking '/home/jon/ws11/install/grid_path_searcher/bin'
[1.534s] INFO:colcon.colcon_core.shell:Creating package script '/home/jon/ws11/install/grid_path_searcher/share/grid_path_searcher/package.ps1'
[1.534s] INFO:colcon.colcon_core.shell:Creating package descriptor '/home/jon/ws11/install/grid_path_searcher/share/grid_path_searcher/package.dsv'
[1.534s] INFO:colcon.colcon_core.shell:Creating package script '/home/jon/ws11/install/grid_path_searcher/share/grid_path_searcher/package.sh'
[1.534s] INFO:colcon.colcon_core.shell:Creating package script '/home/jon/ws11/install/grid_path_searcher/share/grid_path_searcher/package.bash'
[1.535s] INFO:colcon.colcon_core.shell:Creating package script '/home/jon/ws11/install/grid_path_searcher/share/grid_path_searcher/package.zsh'
[1.535s] Level 1:colcon.colcon_core.environment:create_file_with_runtime_dependencies(/home/jon/ws11/install/grid_path_searcher/share/colcon-core/packages/grid_path_searcher)
[1.535s] Level 1:colcon.colcon_core.environment:create_environment_scripts_only(grid_path_searcher)
[1.535s] Level 1:colcon.colcon_core.environment:checking '/home/jon/ws11/install/grid_path_searcher' for CMake module files
[1.535s] Level 1:colcon.colcon_core.environment:checking '/home/jon/ws11/install/grid_path_searcher' for CMake config files
[1.535s] Level 1:colcon.colcon_core.shell:create_environment_hook('grid_path_searcher', 'cmake_prefix_path')
[1.535s] INFO:colcon.colcon_core.shell:Creating environment hook '/home/jon/ws11/install/grid_path_searcher/share/grid_path_searcher/hook/cmake_prefix_path.ps1'
[1.536s] INFO:colcon.colcon_core.shell:Creating environment descriptor '/home/jon/ws11/install/grid_path_searcher/share/grid_path_searcher/hook/cmake_prefix_path.dsv'
[1.536s] INFO:colcon.colcon_core.shell:Creating environment hook '/home/jon/ws11/install/grid_path_searcher/share/grid_path_searcher/hook/cmake_prefix_path.sh'
[1.536s] Level 1:colcon.colcon_core.environment:checking '/home/jon/ws11/install/grid_path_searcher/lib'
[1.536s] Level 1:colcon.colcon_core.environment:checking '/home/jon/ws11/install/grid_path_searcher/bin'
[1.536s] Level 1:colcon.colcon_core.environment:checking '/home/jon/ws11/install/grid_path_searcher/lib/pkgconfig/grid_path_searcher.pc'
[1.536s] Level 1:colcon.colcon_core.environment:checking '/home/jon/ws11/install/grid_path_searcher/lib/python3.10/site-packages'
[1.536s] Level 1:colcon.colcon_core.environment:checking '/home/jon/ws11/install/grid_path_searcher/bin'
[1.536s] INFO:colcon.colcon_core.shell:Creating package script '/home/jon/ws11/install/grid_path_searcher/share/grid_path_searcher/package.ps1'
[1.536s] INFO:colcon.colcon_core.shell:Creating package descriptor '/home/jon/ws11/install/grid_path_searcher/share/grid_path_searcher/package.dsv'
[1.537s] INFO:colcon.colcon_core.shell:Creating package script '/home/jon/ws11/install/grid_path_searcher/share/grid_path_searcher/package.sh'
[1.537s] INFO:colcon.colcon_core.shell:Creating package script '/home/jon/ws11/install/grid_path_searcher/share/grid_path_searcher/package.bash'
[1.537s] INFO:colcon.colcon_core.shell:Creating package script '/home/jon/ws11/install/grid_path_searcher/share/grid_path_searcher/package.zsh'
[1.537s] Level 1:colcon.colcon_core.environment:create_file_with_runtime_dependencies(/home/jon/ws11/install/grid_path_searcher/share/colcon-core/packages/grid_path_searcher)
[8.335s] DEBUG:colcon.colcon_core.event_handler.log_command:Invoked command in '/home/jon/ws11/build/grid_path_searcher_2d' returned '0': CMAKE_PREFIX_PATH=/home/jon/ws11/install/waypoint_generator:/home/jon/ws11/install/grid_path_searcher:/home/jon/ws11/install/rviz_plugins:/home/jon/ws02/install/cpp02_rosbag:/home/jon/ws02/install/cpp01_launch:/home/jon/ws01/install/tutorails_plumbing:/home/jon/ws01/install/cpp07_exercise:/home/jon/ws01/install/turtlesim:/home/jon/ws01/install/cpp06_time:/home/jon/ws01/install/cpp05_names:/home/jon/ws01/install/cpp04_param:/home/jon/ws01/install/cpp03_action:/home/jon/ws01/install/cpp02_service:/home/jon/ws01/install/cpp01_topic:/home/jon/ws01/install/base_demo:/opt/ros/humble /usr/bin/cmake --build /home/jon/ws11/build/grid_path_searcher_2d -- -j24 -l24
[8.335s] DEBUG:colcon.colcon_core.event_handler.log_command:Invoking command in '/home/jon/ws11/build/grid_path_searcher_2d': CMAKE_PREFIX_PATH=/home/jon/ws11/install/waypoint_generator:/home/jon/ws11/install/grid_path_searcher:/home/jon/ws11/install/rviz_plugins:/home/jon/ws02/install/cpp02_rosbag:/home/jon/ws02/install/cpp01_launch:/home/jon/ws01/install/tutorails_plumbing:/home/jon/ws01/install/cpp07_exercise:/home/jon/ws01/install/turtlesim:/home/jon/ws01/install/cpp06_time:/home/jon/ws01/install/cpp05_names:/home/jon/ws01/install/cpp04_param:/home/jon/ws01/install/cpp03_action:/home/jon/ws01/install/cpp02_service:/home/jon/ws01/install/cpp01_topic:/home/jon/ws01/install/base_demo:/opt/ros/humble /usr/bin/cmake --install /home/jon/ws11/build/grid_path_searcher_2d
[8.481s] Level 1:colcon.colcon_core.environment:create_environment_scripts_only(grid_path_searcher_2d)
[8.482s] Level 1:colcon.colcon_core.environment:checking '/home/jon/ws11/install/grid_path_searcher_2d' for CMake module files
[8.482s] Level 1:colcon.colcon_core.environment:checking '/home/jon/ws11/install/grid_path_searcher_2d' for CMake config files
[8.482s] DEBUG:colcon.colcon_core.event_handler.log_command:Invoked command in '/home/jon/ws11/build/grid_path_searcher_2d' returned '0': CMAKE_PREFIX_PATH=/home/jon/ws11/install/waypoint_generator:/home/jon/ws11/install/grid_path_searcher:/home/jon/ws11/install/rviz_plugins:/home/jon/ws02/install/cpp02_rosbag:/home/jon/ws02/install/cpp01_launch:/home/jon/ws01/install/tutorails_plumbing:/home/jon/ws01/install/cpp07_exercise:/home/jon/ws01/install/turtlesim:/home/jon/ws01/install/cpp06_time:/home/jon/ws01/install/cpp05_names:/home/jon/ws01/install/cpp04_param:/home/jon/ws01/install/cpp03_action:/home/jon/ws01/install/cpp02_service:/home/jon/ws01/install/cpp01_topic:/home/jon/ws01/install/base_demo:/opt/ros/humble /usr/bin/cmake --install /home/jon/ws11/build/grid_path_searcher_2d
[8.482s] Level 1:colcon.colcon_core.shell:create_environment_hook('grid_path_searcher_2d', 'cmake_prefix_path')
[8.482s] INFO:colcon.colcon_core.shell:Creating environment hook '/home/jon/ws11/install/grid_path_searcher_2d/share/grid_path_searcher_2d/hook/cmake_prefix_path.ps1'
[8.483s] INFO:colcon.colcon_core.shell:Creating environment descriptor '/home/jon/ws11/install/grid_path_searcher_2d/share/grid_path_searcher_2d/hook/cmake_prefix_path.dsv'
[8.483s] INFO:colcon.colcon_core.shell:Creating environment hook '/home/jon/ws11/install/grid_path_searcher_2d/share/grid_path_searcher_2d/hook/cmake_prefix_path.sh'
[8.483s] Level 1:colcon.colcon_core.environment:checking '/home/jon/ws11/install/grid_path_searcher_2d/lib'
[8.483s] Level 1:colcon.colcon_core.environment:checking '/home/jon/ws11/install/grid_path_searcher_2d/bin'
[8.483s] Level 1:colcon.colcon_core.environment:checking '/home/jon/ws11/install/grid_path_searcher_2d/lib/pkgconfig/grid_path_searcher_2d.pc'
[8.483s] Level 1:colcon.colcon_core.environment:checking '/home/jon/ws11/install/grid_path_searcher_2d/lib/python3.10/site-packages'
[8.483s] Level 1:colcon.colcon_core.environment:checking '/home/jon/ws11/install/grid_path_searcher_2d/bin'
[8.484s] INFO:colcon.colcon_core.shell:Creating package script '/home/jon/ws11/install/grid_path_searcher_2d/share/grid_path_searcher_2d/package.ps1'
[8.484s] INFO:colcon.colcon_core.shell:Creating package descriptor '/home/jon/ws11/install/grid_path_searcher_2d/share/grid_path_searcher_2d/package.dsv'
[8.484s] INFO:colcon.colcon_core.shell:Creating package script '/home/jon/ws11/install/grid_path_searcher_2d/share/grid_path_searcher_2d/package.sh'
[8.484s] INFO:colcon.colcon_core.shell:Creating package script '/home/jon/ws11/install/grid_path_searcher_2d/share/grid_path_searcher_2d/package.bash'
[8.484s] INFO:colcon.colcon_core.shell:Creating package script '/home/jon/ws11/install/grid_path_searcher_2d/share/grid_path_searcher_2d/package.zsh'
[8.484s] Level 1:colcon.colcon_core.environment:create_file_with_runtime_dependencies(/home/jon/ws11/install/grid_path_searcher_2d/share/colcon-core/packages/grid_path_searcher_2d)
[8.485s] Level 1:colcon.colcon_core.environment:create_environment_scripts_only(grid_path_searcher_2d)
[8.485s] Level 1:colcon.colcon_core.environment:checking '/home/jon/ws11/install/grid_path_searcher_2d' for CMake module files
[8.485s] Level 1:colcon.colcon_core.environment:checking '/home/jon/ws11/install/grid_path_searcher_2d' for CMake config files
[8.485s] Level 1:colcon.colcon_core.shell:create_environment_hook('grid_path_searcher_2d', 'cmake_prefix_path')
[8.485s] INFO:colcon.colcon_core.shell:Creating environment hook '/home/jon/ws11/install/grid_path_searcher_2d/share/grid_path_searcher_2d/hook/cmake_prefix_path.ps1'
[8.485s] INFO:colcon.colcon_core.shell:Creating environment descriptor '/home/jon/ws11/install/grid_path_searcher_2d/share/grid_path_searcher_2d/hook/cmake_prefix_path.dsv'
[8.485s] INFO:colcon.colcon_core.shell:Creating environment hook '/home/jon/ws11/install/grid_path_searcher_2d/share/grid_path_searcher_2d/hook/cmake_prefix_path.sh'
[8.486s] Level 1:colcon.colcon_core.environment:checking '/home/jon/ws11/install/grid_path_searcher_2d/lib'
[8.486s] Level 1:colcon.colcon_core.environment:checking '/home/jon/ws11/install/grid_path_searcher_2d/bin'
[8.486s] Level 1:colcon.colcon_core.environment:checking '/home/jon/ws11/install/grid_path_searcher_2d/lib/pkgconfig/grid_path_searcher_2d.pc'
[8.486s] Level 1:colcon.colcon_core.environment:checking '/home/jon/ws11/install/grid_path_searcher_2d/lib/python3.10/site-packages'
[8.486s] Level 1:colcon.colcon_core.environment:checking '/home/jon/ws11/install/grid_path_searcher_2d/bin'
[8.486s] INFO:colcon.colcon_core.shell:Creating package script '/home/jon/ws11/install/grid_path_searcher_2d/share/grid_path_searcher_2d/package.ps1'
[8.486s] INFO:colcon.colcon_core.shell:Creating package descriptor '/home/jon/ws11/install/grid_path_searcher_2d/share/grid_path_searcher_2d/package.dsv'
[8.487s] INFO:colcon.colcon_core.shell:Creating package script '/home/jon/ws11/install/grid_path_searcher_2d/share/grid_path_searcher_2d/package.sh'
[8.487s] INFO:colcon.colcon_core.shell:Creating package script '/home/jon/ws11/install/grid_path_searcher_2d/share/grid_path_searcher_2d/package.bash'
[8.487s] INFO:colcon.colcon_core.shell:Creating package script '/home/jon/ws11/install/grid_path_searcher_2d/share/grid_path_searcher_2d/package.zsh'
[8.487s] Level 1:colcon.colcon_core.environment:create_file_with_runtime_dependencies(/home/jon/ws11/install/grid_path_searcher_2d/share/colcon-core/packages/grid_path_searcher_2d)
[8.487s] DEBUG:colcon.colcon_parallel_executor.executor.parallel:closing loop
[8.487s] DEBUG:colcon.colcon_parallel_executor.executor.parallel:loop closed
[8.487s] DEBUG:colcon.colcon_parallel_executor.executor.parallel:run_until_complete finished with '0'
[8.487s] DEBUG:colcon.colcon_core.event_reactor:joining thread
[8.490s] INFO:colcon.colcon_core.plugin_system:Skipping extension 'colcon_notification.desktop_notification.terminal_notifier': Not used on non-Darwin systems
[8.490s] INFO:colcon.colcon_core.plugin_system:Skipping extension 'colcon_notification.desktop_notification.win32': Not used on non-Windows systems
[8.491s] INFO:colcon.colcon_notification.desktop_notification:Sending desktop notification using 'notify2'
[8.497s] DEBUG:colcon.colcon_core.event_reactor:joined thread
[8.497s] INFO:colcon.colcon_core.shell:Creating prefix script '/home/jon/ws11/install/local_setup.ps1'
[8.498s] INFO:colcon.colcon_core.shell:Creating prefix util module '/home/jon/ws11/install/_local_setup_util_ps1.py'
[8.498s] INFO:colcon.colcon_core.shell:Creating prefix chain script '/home/jon/ws11/install/setup.ps1'
[8.499s] INFO:colcon.colcon_core.shell:Creating prefix script '/home/jon/ws11/install/local_setup.sh'
[8.499s] INFO:colcon.colcon_core.shell:Creating prefix util module '/home/jon/ws11/install/_local_setup_util_sh.py'
[8.500s] INFO:colcon.colcon_core.shell:Creating prefix chain script '/home/jon/ws11/install/setup.sh'
[8.500s] INFO:colcon.colcon_core.shell:Creating prefix script '/home/jon/ws11/install/local_setup.bash'
[8.500s] INFO:colcon.colcon_core.shell:Creating prefix chain script '/home/jon/ws11/install/setup.bash'
[8.501s] INFO:colcon.colcon_core.shell:Creating prefix script '/home/jon/ws11/install/local_setup.zsh'
[8.501s] INFO:colcon.colcon_core.shell:Creating prefix chain script '/home/jon/ws11/install/setup.zsh'
