[0.012s] Invoking command in '/home/jon/ws11/build/grid_path_searcher_2d': /usr/bin/cmake /home/jon/ws11/src/grid_path_searcher_2d -DCMAKE_EXPORT_COMPILE_COMMANDS=ON -DCMAKE_INSTALL_PREFIX=/home/jon/ws11/install/grid_path_searcher_2d
[0.075s] -- The C compiler identification is GNU 11.4.0
[0.127s] -- The CXX compiler identification is GNU 11.4.0
[0.134s] -- Detecting C compiler ABI info
[0.185s] -- Detecting C compiler ABI info - done
[0.190s] -- Check for working C compiler: /usr/bin/cc - skipped
[0.190s] -- Detecting C compile features
[0.193s] -- Detecting C compile features - done
[0.194s] -- Detecting CXX compiler ABI info
[0.240s] -- Detecting CXX compiler ABI info - done
[0.243s] -- Check for working CXX compiler: /usr/bin/c++ - skipped
[0.243s] -- Detecting CXX compile features
[0.243s] -- Detecting CXX compile features - done
[0.246s] -- Found ament_cmake: 1.3.14 (/opt/ros/humble/share/ament_cmake/cmake)
[0.338s] -- Found Python3: /usr/bin/python3 (found version "3.10.12") found components: Interpreter 
[0.411s] -- Found geometry_msgs: 4.9.2 (/opt/ros/humble/share/geometry_msgs/cmake)
[0.435s] -- Found rosidl_generator_c: 3.1.9 (/opt/ros/humble/share/rosidl_generator_c/cmake)
[0.440s] -- Found rosidl_adapter: 3.1.9 (/opt/ros/humble/share/rosidl_adapter/cmake)
[0.445s] -- Found rosidl_generator_cpp: 3.1.9 (/opt/ros/humble/share/rosidl_generator_cpp/cmake)
[0.453s] -- Using all available rosidl_typesupport_c: rosidl_typesupport_fastrtps_c;rosidl_typesupport_introspection_c
[0.463s] -- Using all available rosidl_typesupport_cpp: rosidl_typesupport_fastrtps_cpp;rosidl_typesupport_introspection_cpp
[0.486s] -- Found nav_msgs: 4.9.2 (/opt/ros/humble/share/nav_msgs/cmake)
[0.498s] -- Found rclcpp: 16.0.21 (/opt/ros/humble/share/rclcpp/cmake)
[0.525s] -- Found rmw_implementation_cmake: 6.1.4 (/opt/ros/humble/share/rmw_implementation_cmake/cmake)
[0.529s] -- Found rmw_fastrtps_cpp: 6.2.10 (/opt/ros/humble/share/rmw_fastrtps_cpp/cmake)
[0.595s] -- Found OpenSSL: /usr/lib/x86_64-linux-gnu/libcrypto.so (found version "3.0.2")  
[0.612s] -- Found FastRTPS: /opt/ros/humble/include  
[0.634s] -- Using RMW implementation 'rmw_fastrtps_cpp' as default
[0.641s] -- Looking for pthread.h
[0.695s] -- Looking for pthread.h - found
[0.695s] -- Performing Test CMAKE_HAVE_LIBC_PTHREAD
[0.756s] -- Performing Test CMAKE_HAVE_LIBC_PTHREAD - Success
[0.756s] -- Found Threads: TRUE  
[0.781s] -- Found tf2: 0.25.23 (/opt/ros/humble/share/tf2/cmake)
[0.787s] -- Found tf2_geometry_msgs: 0.25.23 (/opt/ros/humble/share/tf2_geometry_msgs/cmake)
[0.797s] -- Found eigen3_cmake_module: 0.1.1 (/opt/ros/humble/share/eigen3_cmake_module/cmake)
[0.797s] -- Found Eigen3: TRUE (found version "3.4.0") 
[0.797s] -- Ensuring Eigen3 include directory is part of orocos-kdl CMake target
[0.854s] -- Found visualization_msgs: 4.9.2 (/opt/ros/humble/share/visualization_msgs/cmake)
[0.910s] Error parsing '/home/jon/ws11/src/grid_path_searcher_2d/package.xml':
[0.937s] Traceback (most recent call last):
[0.937s]   File "/opt/ros/humble/share/ament_cmake_core/cmake/core/package_xml_2_cmake.py", line 150, in <module>
[0.937s]     main()
[0.937s]   File "/opt/ros/humble/share/ament_cmake_core/cmake/core/package_xml_2_cmake.py", line 53, in main
[0.937s]     raise e
[0.937s]   File "/opt/ros/humble/share/ament_cmake_core/cmake/core/package_xml_2_cmake.py", line 49, in main
[0.937s]     package = parse_package_string(
[0.937s]   File "/usr/lib/python3/dist-packages/catkin_pkg/package.py", line 788, in parse_package_string
[0.937s]     pkg.validate(warnings=warnings)
[0.937s]   File "/usr/lib/python3/dist-packages/catkin_pkg/package.py", line 330, in validate
[0.937s]     raise InvalidPackage('\n'.join(errors), self.filename)
[0.937s] catkin_pkg.package.InvalidPackage: Error(s) in package '/home/jon/ws11/src/grid_path_searcher_2d/package.xml':
[0.937s] Invalid email "jon@localhost" for person "jon"
[0.948s] CMake Error at /opt/ros/humble/share/ament_cmake_core/cmake/core/ament_package_xml.cmake:95 (message):
[0.948s]   execute_process(/usr/bin/python3
[0.948s]   /opt/ros/humble/share/ament_cmake_core/cmake/core/package_xml_2_cmake.py
[0.948s]   /home/jon/ws11/src/grid_path_searcher_2d/package.xml
[0.948s]   /home/jon/ws11/build/grid_path_searcher_2d/ament_cmake_core/package.cmake)
[0.948s]   returned error code 1
[0.948s] Call Stack (most recent call first):
[0.948s]   /opt/ros/humble/share/ament_cmake_core/cmake/core/ament_package_xml.cmake:49 (_ament_package_xml)
[0.948s]   /opt/ros/humble/share/ament_cmake_core/cmake/core/ament_package.cmake:63 (ament_package_xml)
[0.948s]   CMakeLists.txt:49 (ament_package)
[0.948s] 
[0.948s] 
[0.948s] -- Configuring incomplete, errors occurred!
[0.948s] See also "/home/jon/ws11/build/grid_path_searcher_2d/CMakeFiles/CMakeOutput.log".
[0.954s] Invoked command in '/home/jon/ws11/build/grid_path_searcher_2d' returned '1': /usr/bin/cmake /home/jon/ws11/src/grid_path_searcher_2d -DCMAKE_EXPORT_COMPILE_COMMANDS=ON -DCMAKE_INSTALL_PREFIX=/home/jon/ws11/install/grid_path_searcher_2d
