-- Found ament_cmake: 1.3.14 (/opt/ros/humble/share/ament_cmake/cmake)
-- Override CMake install command with custom implementation using symlinks instead of copying resources
-- Found geometry_msgs: 4.9.2 (/opt/ros/humble/share/geometry_msgs/cmake)
-- Found rosidl_generator_c: 3.1.9 (/opt/ros/humble/share/rosidl_generator_c/cmake)
-- Found rosidl_adapter: 3.1.9 (/opt/ros/humble/share/rosidl_adapter/cmake)
-- Found rosidl_generator_cpp: 3.1.9 (/opt/ros/humble/share/rosidl_generator_cpp/cmake)
-- Using all available rosidl_typesupport_c: rosidl_typesupport_fastrtps_c;rosidl_typesupport_introspection_c
-- Using all available rosidl_typesupport_cpp: rosidl_typesupport_fastrtps_cpp;rosidl_typesupport_introspection_cpp
-- Found nav_msgs: 4.9.2 (/opt/ros/humble/share/nav_msgs/cmake)
-- Found rclcpp: 16.0.21 (/opt/ros/humble/share/rclcpp/cmake)
-- Found rmw_implementation_cmake: 6.1.4 (/opt/ros/humble/share/rmw_implementation_cmake/cmake)
-- Found rmw_fastrtps_cpp: 6.2.10 (/opt/ros/humble/share/rmw_fastrtps_cpp/cmake)
-- Using RMW implementation 'rmw_fastrtps_cpp' as default
-- Found tf2: 0.25.23 (/opt/ros/humble/share/tf2/cmake)
-- Found tf2_geometry_msgs: 0.25.23 (/opt/ros/humble/share/tf2_geometry_msgs/cmake)
-- Found eigen3_cmake_module: 0.1.1 (/opt/ros/humble/share/eigen3_cmake_module/cmake)
-- Ensuring Eigen3 include directory is part of orocos-kdl CMake target
-- Configuring done
-- Generating done
-- Build files have been written to: /home/jon/ws11/build/waypoint_generator
[35m[1mConsolidate compiler generated dependencies of target waypoint_generator[0m
[100%] Built target waypoint_generator
-- Install configuration: ""
-- Execute custom install script
-- Up-to-date symlink: /home/jon/ws11/install/waypoint_generator/lib/waypoint_generator/waypoint_generator
-- Up-to-date symlink: /home/jon/ws11/install/waypoint_generator/share/ament_index/resource_index/package_run_dependencies/waypoint_generator
-- Up-to-date symlink: /home/jon/ws11/install/waypoint_generator/share/ament_index/resource_index/parent_prefix_path/waypoint_generator
-- Up-to-date symlink: /home/jon/ws11/install/waypoint_generator/share/waypoint_generator/environment/ament_prefix_path.sh
-- Up-to-date symlink: /home/jon/ws11/install/waypoint_generator/share/waypoint_generator/environment/ament_prefix_path.dsv
-- Up-to-date symlink: /home/jon/ws11/install/waypoint_generator/share/waypoint_generator/environment/path.sh
-- Up-to-date symlink: /home/jon/ws11/install/waypoint_generator/share/waypoint_generator/environment/path.dsv
-- Up-to-date symlink: /home/jon/ws11/install/waypoint_generator/share/waypoint_generator/local_setup.bash
-- Up-to-date symlink: /home/jon/ws11/install/waypoint_generator/share/waypoint_generator/local_setup.sh
-- Up-to-date symlink: /home/jon/ws11/install/waypoint_generator/share/waypoint_generator/local_setup.zsh
-- Up-to-date symlink: /home/jon/ws11/install/waypoint_generator/share/waypoint_generator/local_setup.dsv
-- Symlinking: /home/jon/ws11/install/waypoint_generator/share/waypoint_generator/package.dsv
-- Up-to-date symlink: /home/jon/ws11/install/waypoint_generator/share/ament_index/resource_index/packages/waypoint_generator
-- Up-to-date symlink: /home/jon/ws11/install/waypoint_generator/share/waypoint_generator/cmake/waypoint_generatorConfig.cmake
-- Up-to-date symlink: /home/jon/ws11/install/waypoint_generator/share/waypoint_generator/cmake/waypoint_generatorConfig-version.cmake
-- Up-to-date symlink: /home/jon/ws11/install/waypoint_generator/share/waypoint_generator/package.xml
