[0.011s] Invoking command in '/home/jon/ws11/build/waypoint_generator': CMAKE_PREFIX_PATH=${CMAKE_PREFIX_PATH}:/opt/ros/humble /usr/bin/cmake /home/jon/ws11/src/waypoint_generator -DCMAKE_INSTALL_PREFIX=/home/jon/ws11/install/waypoint_generator
[0.020s] -- Found ament_cmake: 1.3.14 (/opt/ros/humble/share/ament_cmake/cmake)
[0.081s] -- Override CMake install command with custom implementation using symlinks instead of copying resources
[0.085s] -- Found geometry_msgs: 4.9.2 (/opt/ros/humble/share/geometry_msgs/cmake)
[0.095s] -- Found rosidl_generator_c: 3.1.9 (/opt/ros/humble/share/rosidl_generator_c/cmake)
[0.095s] -- Found rosidl_adapter: 3.1.9 (/opt/ros/humble/share/rosidl_adapter/cmake)
[0.098s] -- Found rosidl_generator_cpp: 3.1.9 (/opt/ros/humble/share/rosidl_generator_cpp/cmake)
[0.101s] -- Using all available rosidl_typesupport_c: rosidl_typesupport_fastrtps_c;rosidl_typesupport_introspection_c
[0.107s] -- Using all available rosidl_typesupport_cpp: rosidl_typesupport_fastrtps_cpp;rosidl_typesupport_introspection_cpp
[0.122s] -- Found nav_msgs: 4.9.2 (/opt/ros/humble/share/nav_msgs/cmake)
[0.129s] -- Found rclcpp: 16.0.21 (/opt/ros/humble/share/rclcpp/cmake)
[0.140s] -- Found rmw_implementation_cmake: 6.1.4 (/opt/ros/humble/share/rmw_implementation_cmake/cmake)
[0.140s] -- Found rmw_fastrtps_cpp: 6.2.10 (/opt/ros/humble/share/rmw_fastrtps_cpp/cmake)
[0.189s] -- Using RMW implementation 'rmw_fastrtps_cpp' as default
[0.206s] -- Found tf2: 0.25.23 (/opt/ros/humble/share/tf2/cmake)
[0.207s] -- Found tf2_geometry_msgs: 0.25.23 (/opt/ros/humble/share/tf2_geometry_msgs/cmake)
[0.208s] -- Found eigen3_cmake_module: 0.1.1 (/opt/ros/humble/share/eigen3_cmake_module/cmake)
[0.209s] -- Ensuring Eigen3 include directory is part of orocos-kdl CMake target
[0.273s] -- Configuring done
[0.279s] -- Generating done
[0.280s] -- Build files have been written to: /home/jon/ws11/build/waypoint_generator
[0.285s] Invoked command in '/home/jon/ws11/build/waypoint_generator' returned '0': CMAKE_PREFIX_PATH=${CMAKE_PREFIX_PATH}:/opt/ros/humble /usr/bin/cmake /home/jon/ws11/src/waypoint_generator -DCMAKE_INSTALL_PREFIX=/home/jon/ws11/install/waypoint_generator
[0.286s] Invoking command in '/home/jon/ws11/build/waypoint_generator': CMAKE_PREFIX_PATH=${CMAKE_PREFIX_PATH}:/opt/ros/humble /usr/bin/cmake --build /home/jon/ws11/build/waypoint_generator -- -j24 -l24
[0.315s] [35m[1mConsolidate compiler generated dependencies of target waypoint_generator[0m
[0.322s] [100%] Built target waypoint_generator
[0.330s] Invoked command in '/home/jon/ws11/build/waypoint_generator' returned '0': CMAKE_PREFIX_PATH=${CMAKE_PREFIX_PATH}:/opt/ros/humble /usr/bin/cmake --build /home/jon/ws11/build/waypoint_generator -- -j24 -l24
[0.336s] Invoking command in '/home/jon/ws11/build/waypoint_generator': CMAKE_PREFIX_PATH=${CMAKE_PREFIX_PATH}:/opt/ros/humble /usr/bin/cmake --install /home/jon/ws11/build/waypoint_generator
[0.340s] -- Install configuration: ""
[0.340s] -- Execute custom install script
[0.340s] -- Up-to-date symlink: /home/jon/ws11/install/waypoint_generator/lib/waypoint_generator/waypoint_generator
[0.340s] -- Up-to-date symlink: /home/jon/ws11/install/waypoint_generator/share/ament_index/resource_index/package_run_dependencies/waypoint_generator
[0.340s] -- Up-to-date symlink: /home/jon/ws11/install/waypoint_generator/share/ament_index/resource_index/parent_prefix_path/waypoint_generator
[0.340s] -- Up-to-date symlink: /home/jon/ws11/install/waypoint_generator/share/waypoint_generator/environment/ament_prefix_path.sh
[0.340s] -- Up-to-date symlink: /home/jon/ws11/install/waypoint_generator/share/waypoint_generator/environment/ament_prefix_path.dsv
[0.340s] -- Up-to-date symlink: /home/jon/ws11/install/waypoint_generator/share/waypoint_generator/environment/path.sh
[0.340s] -- Up-to-date symlink: /home/jon/ws11/install/waypoint_generator/share/waypoint_generator/environment/path.dsv
[0.340s] -- Up-to-date symlink: /home/jon/ws11/install/waypoint_generator/share/waypoint_generator/local_setup.bash
[0.340s] -- Up-to-date symlink: /home/jon/ws11/install/waypoint_generator/share/waypoint_generator/local_setup.sh
[0.340s] -- Up-to-date symlink: /home/jon/ws11/install/waypoint_generator/share/waypoint_generator/local_setup.zsh
[0.340s] -- Up-to-date symlink: /home/jon/ws11/install/waypoint_generator/share/waypoint_generator/local_setup.dsv
[0.340s] -- Symlinking: /home/jon/ws11/install/waypoint_generator/share/waypoint_generator/package.dsv
[0.345s] -- Up-to-date symlink: /home/jon/ws11/install/waypoint_generator/share/ament_index/resource_index/packages/waypoint_generator
[0.345s] -- Up-to-date symlink: /home/jon/ws11/install/waypoint_generator/share/waypoint_generator/cmake/waypoint_generatorConfig.cmake
[0.345s] -- Up-to-date symlink: /home/jon/ws11/install/waypoint_generator/share/waypoint_generator/cmake/waypoint_generatorConfig-version.cmake
[0.345s] -- Up-to-date symlink: /home/jon/ws11/install/waypoint_generator/share/waypoint_generator/package.xml
[0.345s] Invoked command in '/home/jon/ws11/build/waypoint_generator' returned '0': CMAKE_PREFIX_PATH=${CMAKE_PREFIX_PATH}:/opt/ros/humble /usr/bin/cmake --install /home/jon/ws11/build/waypoint_generator
