[0.060s] DEBUG:colcon:Command line arguments: ['/usr/bin/colcon', 'build', '--symlink-install', '--packages-select', 'grid_path_searcher']
[0.060s] DEBUG:colcon:Parsed command line arguments: Namespace(log_base=None, log_level=None, verb_name='build', build_base='build', install_base='install', merge_install=False, symlink_install=True, test_result_base=None, continue_on_error=False, executor='parallel', parallel_workers=24, event_handlers=None, ignore_user_meta=False, metas=['./colcon.meta'], base_paths=['.'], packages_ignore=None, packages_ignore_regex=None, paths=None, packages_up_to=None, packages_up_to_regex=None, packages_above=None, packages_above_and_dependencies=None, packages_above_depth=None, packages_select_by_dep=None, packages_skip_by_dep=None, packages_skip_up_to=None, packages_select_build_failed=False, packages_skip_build_finished=False, packages_select_test_failures=False, packages_skip_test_passed=False, packages_select=['grid_path_searcher'], packages_skip=None, packages_select_regex=None, packages_skip_regex=None, packages_start=None, packages_end=None, allow_overriding=[], cmake_args=None, cmake_target=None, cmake_target_skip_unavailable=False, cmake_clean_cache=False, cmake_clean_first=False, cmake_force_configure=False, ament_cmake_args=None, catkin_cmake_args=None, catkin_skip_building_tests=False, mixin_files=None, mixin=None, verb_parser=<colcon_mixin.mixin.mixin_argument.MixinArgumentDecorator object at 0x7c6dc845a500>, verb_extension=<colcon_core.verb.build.BuildVerb object at 0x7c6dc8459b40>, main=<bound method BuildVerb.main of <colcon_core.verb.build.BuildVerb object at 0x7c6dc8459b40>>, mixin_verb=('build',))
[0.181s] Level 1:colcon.colcon_core.package_discovery:discover_packages(colcon_meta) check parameters
[0.181s] Level 1:colcon.colcon_core.package_discovery:discover_packages(recursive) check parameters
[0.181s] Level 1:colcon.colcon_core.package_discovery:discover_packages(ignore) check parameters
[0.181s] Level 1:colcon.colcon_core.package_discovery:discover_packages(path) check parameters
[0.181s] Level 1:colcon.colcon_core.package_discovery:discover_packages(colcon_meta) discover
[0.181s] Level 1:colcon.colcon_core.package_discovery:discover_packages(recursive) discover
[0.181s] INFO:colcon.colcon_core.package_discovery:Crawling recursively for packages in '/home/jon/ws11'
[0.181s] Level 1:colcon.colcon_core.package_identification:_identify(.) by extensions ['ignore', 'ignore_ament_install']
[0.181s] Level 1:colcon.colcon_core.package_identification:_identify(.) by extension 'ignore'
[0.181s] Level 1:colcon.colcon_core.package_identification:_identify(.) by extension 'ignore_ament_install'
[0.181s] Level 1:colcon.colcon_core.package_identification:_identify(.) by extensions ['colcon_pkg']
[0.181s] Level 1:colcon.colcon_core.package_identification:_identify(.) by extension 'colcon_pkg'
[0.181s] Level 1:colcon.colcon_core.package_identification:_identify(.) by extensions ['colcon_meta']
[0.181s] Level 1:colcon.colcon_core.package_identification:_identify(.) by extension 'colcon_meta'
[0.181s] Level 1:colcon.colcon_core.package_identification:_identify(.) by extensions ['ros']
[0.181s] Level 1:colcon.colcon_core.package_identification:_identify(.) by extension 'ros'
[0.186s] Level 1:colcon.colcon_core.package_identification:_identify(.) by extensions ['cmake', 'python']
[0.186s] Level 1:colcon.colcon_core.package_identification:_identify(.) by extension 'cmake'
[0.186s] Level 1:colcon.colcon_core.package_identification:_identify(.) by extension 'python'
[0.186s] Level 1:colcon.colcon_core.package_identification:_identify(.) by extensions ['python_setup_py']
[0.186s] Level 1:colcon.colcon_core.package_identification:_identify(.) by extension 'python_setup_py'
[0.186s] Level 1:colcon.colcon_core.package_identification:_identify(build) by extensions ['ignore', 'ignore_ament_install']
[0.186s] Level 1:colcon.colcon_core.package_identification:_identify(build) by extension 'ignore'
[0.186s] Level 1:colcon.colcon_core.package_identification:_identify(build) ignored
[0.186s] Level 1:colcon.colcon_core.package_identification:_identify(install) by extensions ['ignore', 'ignore_ament_install']
[0.186s] Level 1:colcon.colcon_core.package_identification:_identify(install) by extension 'ignore'
[0.186s] Level 1:colcon.colcon_core.package_identification:_identify(install) ignored
[0.186s] Level 1:colcon.colcon_core.package_identification:_identify(log) by extensions ['ignore', 'ignore_ament_install']
[0.186s] Level 1:colcon.colcon_core.package_identification:_identify(log) by extension 'ignore'
[0.187s] Level 1:colcon.colcon_core.package_identification:_identify(log) ignored
[0.187s] Level 1:colcon.colcon_core.package_identification:_identify(src) by extensions ['ignore', 'ignore_ament_install']
[0.187s] Level 1:colcon.colcon_core.package_identification:_identify(src) by extension 'ignore'
[0.187s] Level 1:colcon.colcon_core.package_identification:_identify(src) by extension 'ignore_ament_install'
[0.187s] Level 1:colcon.colcon_core.package_identification:_identify(src) by extensions ['colcon_pkg']
[0.187s] Level 1:colcon.colcon_core.package_identification:_identify(src) by extension 'colcon_pkg'
[0.187s] Level 1:colcon.colcon_core.package_identification:_identify(src) by extensions ['colcon_meta']
[0.187s] Level 1:colcon.colcon_core.package_identification:_identify(src) by extension 'colcon_meta'
[0.187s] Level 1:colcon.colcon_core.package_identification:_identify(src) by extensions ['ros']
[0.187s] Level 1:colcon.colcon_core.package_identification:_identify(src) by extension 'ros'
[0.187s] Level 1:colcon.colcon_core.package_identification:_identify(src) by extensions ['cmake', 'python']
[0.187s] Level 1:colcon.colcon_core.package_identification:_identify(src) by extension 'cmake'
[0.187s] Level 1:colcon.colcon_core.package_identification:_identify(src) by extension 'python'
[0.187s] Level 1:colcon.colcon_core.package_identification:_identify(src) by extensions ['python_setup_py']
[0.187s] Level 1:colcon.colcon_core.package_identification:_identify(src) by extension 'python_setup_py'
[0.187s] Level 1:colcon.colcon_core.package_identification:_identify(src/grid_path_searcher) by extensions ['ignore', 'ignore_ament_install']
[0.187s] Level 1:colcon.colcon_core.package_identification:_identify(src/grid_path_searcher) by extension 'ignore'
[0.187s] Level 1:colcon.colcon_core.package_identification:_identify(src/grid_path_searcher) by extension 'ignore_ament_install'
[0.187s] Level 1:colcon.colcon_core.package_identification:_identify(src/grid_path_searcher) by extensions ['colcon_pkg']
[0.187s] Level 1:colcon.colcon_core.package_identification:_identify(src/grid_path_searcher) by extension 'colcon_pkg'
[0.187s] Level 1:colcon.colcon_core.package_identification:_identify(src/grid_path_searcher) by extensions ['colcon_meta']
[0.187s] Level 1:colcon.colcon_core.package_identification:_identify(src/grid_path_searcher) by extension 'colcon_meta'
[0.187s] Level 1:colcon.colcon_core.package_identification:_identify(src/grid_path_searcher) by extensions ['ros']
[0.187s] Level 1:colcon.colcon_core.package_identification:_identify(src/grid_path_searcher) by extension 'ros'
[0.189s] DEBUG:colcon.colcon_core.package_identification:Package 'src/grid_path_searcher' with type 'ros.ament_cmake' and name 'grid_path_searcher'
[0.189s] Level 1:colcon.colcon_core.package_identification:_identify(src/rviz_plugins) by extensions ['ignore', 'ignore_ament_install']
[0.189s] Level 1:colcon.colcon_core.package_identification:_identify(src/rviz_plugins) by extension 'ignore'
[0.189s] Level 1:colcon.colcon_core.package_identification:_identify(src/rviz_plugins) by extension 'ignore_ament_install'
[0.189s] Level 1:colcon.colcon_core.package_identification:_identify(src/rviz_plugins) by extensions ['colcon_pkg']
[0.189s] Level 1:colcon.colcon_core.package_identification:_identify(src/rviz_plugins) by extension 'colcon_pkg'
[0.189s] Level 1:colcon.colcon_core.package_identification:_identify(src/rviz_plugins) by extensions ['colcon_meta']
[0.189s] Level 1:colcon.colcon_core.package_identification:_identify(src/rviz_plugins) by extension 'colcon_meta'
[0.189s] Level 1:colcon.colcon_core.package_identification:_identify(src/rviz_plugins) by extensions ['ros']
[0.189s] Level 1:colcon.colcon_core.package_identification:_identify(src/rviz_plugins) by extension 'ros'
[0.189s] DEBUG:colcon.colcon_core.package_identification:Package 'src/rviz_plugins' with type 'ros.ament_cmake' and name 'rviz_plugins'
[0.189s] Level 1:colcon.colcon_core.package_identification:_identify(src/waypoint_generator) by extensions ['ignore', 'ignore_ament_install']
[0.189s] Level 1:colcon.colcon_core.package_identification:_identify(src/waypoint_generator) by extension 'ignore'
[0.189s] Level 1:colcon.colcon_core.package_identification:_identify(src/waypoint_generator) by extension 'ignore_ament_install'
[0.189s] Level 1:colcon.colcon_core.package_identification:_identify(src/waypoint_generator) by extensions ['colcon_pkg']
[0.189s] Level 1:colcon.colcon_core.package_identification:_identify(src/waypoint_generator) by extension 'colcon_pkg'
[0.189s] Level 1:colcon.colcon_core.package_identification:_identify(src/waypoint_generator) by extensions ['colcon_meta']
[0.189s] Level 1:colcon.colcon_core.package_identification:_identify(src/waypoint_generator) by extension 'colcon_meta'
[0.190s] Level 1:colcon.colcon_core.package_identification:_identify(src/waypoint_generator) by extensions ['ros']
[0.190s] Level 1:colcon.colcon_core.package_identification:_identify(src/waypoint_generator) by extension 'ros'
[0.190s] DEBUG:colcon.colcon_core.package_identification:Package 'src/waypoint_generator' with type 'ros.ament_cmake' and name 'waypoint_generator'
[0.190s] Level 1:colcon.colcon_core.package_discovery:discover_packages(recursive) using defaults
[0.190s] Level 1:colcon.colcon_core.package_discovery:discover_packages(ignore) discover
[0.190s] Level 1:colcon.colcon_core.package_discovery:discover_packages(ignore) using defaults
[0.190s] Level 1:colcon.colcon_core.package_discovery:discover_packages(path) discover
[0.190s] Level 1:colcon.colcon_core.package_discovery:discover_packages(path) using defaults
[0.209s] INFO:colcon.colcon_core.package_selection:Skipping not selected package 'rviz_plugins' in 'src/rviz_plugins'
[0.209s] INFO:colcon.colcon_core.package_selection:Skipping not selected package 'waypoint_generator' in 'src/waypoint_generator'
[0.209s] Level 1:colcon.colcon_core.package_discovery:discover_packages(prefix_path) check parameters
[0.209s] Level 1:colcon.colcon_core.package_discovery:discover_packages(prefix_path) discover
[0.211s] DEBUG:colcon.colcon_installed_package_information.package_discovery:Found 3 installed packages in /home/jon/ws11/install
[0.211s] DEBUG:colcon.colcon_installed_package_information.package_discovery:Found 2 installed packages in /home/jon/ws02/install
[0.211s] DEBUG:colcon.colcon_installed_package_information.package_discovery:Found 10 installed packages in /home/jon/ws01/install
[0.211s] DEBUG:colcon.colcon_installed_package_information.package_discovery:Found 273 installed packages in /opt/ros/humble
[0.212s] Level 1:colcon.colcon_core.package_discovery:discover_packages(prefix_path) using defaults
[0.229s] Level 5:colcon.colcon_core.verb:set package 'grid_path_searcher' build argument 'cmake_args' from command line to 'None'
[0.229s] Level 5:colcon.colcon_core.verb:set package 'grid_path_searcher' build argument 'cmake_target' from command line to 'None'
[0.229s] Level 5:colcon.colcon_core.verb:set package 'grid_path_searcher' build argument 'cmake_target_skip_unavailable' from command line to 'False'
[0.229s] Level 5:colcon.colcon_core.verb:set package 'grid_path_searcher' build argument 'cmake_clean_cache' from command line to 'False'
[0.230s] Level 5:colcon.colcon_core.verb:set package 'grid_path_searcher' build argument 'cmake_clean_first' from command line to 'False'
[0.230s] Level 5:colcon.colcon_core.verb:set package 'grid_path_searcher' build argument 'cmake_force_configure' from command line to 'False'
[0.230s] Level 5:colcon.colcon_core.verb:set package 'grid_path_searcher' build argument 'ament_cmake_args' from command line to 'None'
[0.230s] Level 5:colcon.colcon_core.verb:set package 'grid_path_searcher' build argument 'catkin_cmake_args' from command line to 'None'
[0.230s] Level 5:colcon.colcon_core.verb:set package 'grid_path_searcher' build argument 'catkin_skip_building_tests' from command line to 'False'
[0.230s] DEBUG:colcon.colcon_core.verb:Building package 'grid_path_searcher' with the following arguments: {'ament_cmake_args': None, 'build_base': '/home/jon/ws11/build/grid_path_searcher', 'catkin_cmake_args': None, 'catkin_skip_building_tests': False, 'cmake_args': None, 'cmake_clean_cache': False, 'cmake_clean_first': False, 'cmake_force_configure': False, 'cmake_target': None, 'cmake_target_skip_unavailable': False, 'install_base': '/home/jon/ws11/install/grid_path_searcher', 'merge_install': False, 'path': '/home/jon/ws11/src/grid_path_searcher', 'symlink_install': True, 'test_result_base': None}
[0.230s] INFO:colcon.colcon_core.executor:Executing jobs using 'parallel' executor
[0.230s] DEBUG:colcon.colcon_parallel_executor.executor.parallel:run_until_complete
[0.231s] INFO:colcon.colcon_ros.task.ament_cmake.build:Building ROS package in '/home/jon/ws11/src/grid_path_searcher' with build type 'ament_cmake'
[0.231s] INFO:colcon.colcon_cmake.task.cmake.build:Building CMake package in '/home/jon/ws11/src/grid_path_searcher'
[0.232s] INFO:colcon.colcon_core.plugin_system:Skipping extension 'colcon_core.shell.bat': Not used on non-Windows systems
[0.232s] INFO:colcon.colcon_core.shell:Skip shell extension 'powershell' for command environment: Not usable outside of PowerShell
[0.232s] DEBUG:colcon.colcon_core.shell:Skip shell extension 'dsv' for command environment
[0.242s] DEBUG:colcon.colcon_core.event_handler.log_command:Invoking command in '/home/jon/ws11/build/grid_path_searcher': CMAKE_PREFIX_PATH=/home/jon/ws11/install/waypoint_generator:/home/jon/ws11/install/rviz_plugins:/home/jon/ws11/install/grid_path_searcher:/home/jon/ws02/install/cpp02_rosbag:/home/jon/ws02/install/cpp01_launch:/home/jon/ws01/install/tutorails_plumbing:/home/jon/ws01/install/cpp07_exercise:/home/jon/ws01/install/turtlesim:/home/jon/ws01/install/cpp06_time:/home/jon/ws01/install/cpp05_names:/home/jon/ws01/install/cpp04_param:/home/jon/ws01/install/cpp03_action:/home/jon/ws01/install/cpp02_service:/home/jon/ws01/install/cpp01_topic:/home/jon/ws01/install/base_demo:/opt/ros/humble /usr/bin/cmake --build /home/jon/ws11/build/grid_path_searcher -- -j24 -l24
[7.158s] DEBUG:colcon.colcon_core.event_handler.log_command:Invoked command in '/home/jon/ws11/build/grid_path_searcher' returned '0': CMAKE_PREFIX_PATH=/home/jon/ws11/install/waypoint_generator:/home/jon/ws11/install/rviz_plugins:/home/jon/ws11/install/grid_path_searcher:/home/jon/ws02/install/cpp02_rosbag:/home/jon/ws02/install/cpp01_launch:/home/jon/ws01/install/tutorails_plumbing:/home/jon/ws01/install/cpp07_exercise:/home/jon/ws01/install/turtlesim:/home/jon/ws01/install/cpp06_time:/home/jon/ws01/install/cpp05_names:/home/jon/ws01/install/cpp04_param:/home/jon/ws01/install/cpp03_action:/home/jon/ws01/install/cpp02_service:/home/jon/ws01/install/cpp01_topic:/home/jon/ws01/install/base_demo:/opt/ros/humble /usr/bin/cmake --build /home/jon/ws11/build/grid_path_searcher -- -j24 -l24
[7.166s] DEBUG:colcon.colcon_core.event_handler.log_command:Invoking command in '/home/jon/ws11/build/grid_path_searcher': CMAKE_PREFIX_PATH=/home/jon/ws11/install/waypoint_generator:/home/jon/ws11/install/rviz_plugins:/home/jon/ws11/install/grid_path_searcher:/home/jon/ws02/install/cpp02_rosbag:/home/jon/ws02/install/cpp01_launch:/home/jon/ws01/install/tutorails_plumbing:/home/jon/ws01/install/cpp07_exercise:/home/jon/ws01/install/turtlesim:/home/jon/ws01/install/cpp06_time:/home/jon/ws01/install/cpp05_names:/home/jon/ws01/install/cpp04_param:/home/jon/ws01/install/cpp03_action:/home/jon/ws01/install/cpp02_service:/home/jon/ws01/install/cpp01_topic:/home/jon/ws01/install/base_demo:/opt/ros/humble /usr/bin/cmake --install /home/jon/ws11/build/grid_path_searcher
[7.188s] Level 1:colcon.colcon_core.environment:create_environment_scripts_only(grid_path_searcher)
[7.188s] DEBUG:colcon.colcon_core.event_handler.log_command:Invoked command in '/home/jon/ws11/build/grid_path_searcher' returned '0': CMAKE_PREFIX_PATH=/home/jon/ws11/install/waypoint_generator:/home/jon/ws11/install/rviz_plugins:/home/jon/ws11/install/grid_path_searcher:/home/jon/ws02/install/cpp02_rosbag:/home/jon/ws02/install/cpp01_launch:/home/jon/ws01/install/tutorails_plumbing:/home/jon/ws01/install/cpp07_exercise:/home/jon/ws01/install/turtlesim:/home/jon/ws01/install/cpp06_time:/home/jon/ws01/install/cpp05_names:/home/jon/ws01/install/cpp04_param:/home/jon/ws01/install/cpp03_action:/home/jon/ws01/install/cpp02_service:/home/jon/ws01/install/cpp01_topic:/home/jon/ws01/install/base_demo:/opt/ros/humble /usr/bin/cmake --install /home/jon/ws11/build/grid_path_searcher
[7.191s] Level 1:colcon.colcon_core.environment:checking '/home/jon/ws11/install/grid_path_searcher' for CMake module files
[7.192s] Level 1:colcon.colcon_core.environment:checking '/home/jon/ws11/install/grid_path_searcher' for CMake config files
[7.192s] Level 1:colcon.colcon_core.shell:create_environment_hook('grid_path_searcher', 'cmake_prefix_path')
[7.192s] INFO:colcon.colcon_core.shell:Creating environment hook '/home/jon/ws11/install/grid_path_searcher/share/grid_path_searcher/hook/cmake_prefix_path.ps1'
[7.192s] INFO:colcon.colcon_core.shell:Creating environment descriptor '/home/jon/ws11/install/grid_path_searcher/share/grid_path_searcher/hook/cmake_prefix_path.dsv'
[7.193s] INFO:colcon.colcon_core.shell:Creating environment hook '/home/jon/ws11/install/grid_path_searcher/share/grid_path_searcher/hook/cmake_prefix_path.sh'
[7.193s] Level 1:colcon.colcon_core.environment:checking '/home/jon/ws11/install/grid_path_searcher/lib'
[7.193s] Level 1:colcon.colcon_core.environment:checking '/home/jon/ws11/install/grid_path_searcher/bin'
[7.193s] Level 1:colcon.colcon_core.environment:checking '/home/jon/ws11/install/grid_path_searcher/lib/pkgconfig/grid_path_searcher.pc'
[7.193s] Level 1:colcon.colcon_core.environment:checking '/home/jon/ws11/install/grid_path_searcher/lib/python3.10/site-packages'
[7.194s] Level 1:colcon.colcon_core.environment:checking '/home/jon/ws11/install/grid_path_searcher/bin'
[7.194s] INFO:colcon.colcon_core.shell:Creating package script '/home/jon/ws11/install/grid_path_searcher/share/grid_path_searcher/package.ps1'
[7.194s] INFO:colcon.colcon_core.shell:Creating package descriptor '/home/jon/ws11/install/grid_path_searcher/share/grid_path_searcher/package.dsv'
[7.194s] INFO:colcon.colcon_core.shell:Creating package script '/home/jon/ws11/install/grid_path_searcher/share/grid_path_searcher/package.sh'
[7.195s] INFO:colcon.colcon_core.shell:Creating package script '/home/jon/ws11/install/grid_path_searcher/share/grid_path_searcher/package.bash'
[7.195s] INFO:colcon.colcon_core.shell:Creating package script '/home/jon/ws11/install/grid_path_searcher/share/grid_path_searcher/package.zsh'
[7.195s] Level 1:colcon.colcon_core.environment:create_file_with_runtime_dependencies(/home/jon/ws11/install/grid_path_searcher/share/colcon-core/packages/grid_path_searcher)
[7.196s] Level 1:colcon.colcon_core.environment:create_environment_scripts_only(grid_path_searcher)
[7.196s] Level 1:colcon.colcon_core.environment:checking '/home/jon/ws11/install/grid_path_searcher' for CMake module files
[7.196s] Level 1:colcon.colcon_core.environment:checking '/home/jon/ws11/install/grid_path_searcher' for CMake config files
[7.196s] Level 1:colcon.colcon_core.shell:create_environment_hook('grid_path_searcher', 'cmake_prefix_path')
[7.196s] INFO:colcon.colcon_core.shell:Creating environment hook '/home/jon/ws11/install/grid_path_searcher/share/grid_path_searcher/hook/cmake_prefix_path.ps1'
[7.196s] INFO:colcon.colcon_core.shell:Creating environment descriptor '/home/jon/ws11/install/grid_path_searcher/share/grid_path_searcher/hook/cmake_prefix_path.dsv'
[7.196s] INFO:colcon.colcon_core.shell:Creating environment hook '/home/jon/ws11/install/grid_path_searcher/share/grid_path_searcher/hook/cmake_prefix_path.sh'
[7.197s] Level 1:colcon.colcon_core.environment:checking '/home/jon/ws11/install/grid_path_searcher/lib'
[7.197s] Level 1:colcon.colcon_core.environment:checking '/home/jon/ws11/install/grid_path_searcher/bin'
[7.197s] Level 1:colcon.colcon_core.environment:checking '/home/jon/ws11/install/grid_path_searcher/lib/pkgconfig/grid_path_searcher.pc'
[7.197s] Level 1:colcon.colcon_core.environment:checking '/home/jon/ws11/install/grid_path_searcher/lib/python3.10/site-packages'
[7.197s] Level 1:colcon.colcon_core.environment:checking '/home/jon/ws11/install/grid_path_searcher/bin'
[7.197s] INFO:colcon.colcon_core.shell:Creating package script '/home/jon/ws11/install/grid_path_searcher/share/grid_path_searcher/package.ps1'
[7.197s] INFO:colcon.colcon_core.shell:Creating package descriptor '/home/jon/ws11/install/grid_path_searcher/share/grid_path_searcher/package.dsv'
[7.197s] INFO:colcon.colcon_core.shell:Creating package script '/home/jon/ws11/install/grid_path_searcher/share/grid_path_searcher/package.sh'
[7.198s] INFO:colcon.colcon_core.shell:Creating package script '/home/jon/ws11/install/grid_path_searcher/share/grid_path_searcher/package.bash'
[7.198s] INFO:colcon.colcon_core.shell:Creating package script '/home/jon/ws11/install/grid_path_searcher/share/grid_path_searcher/package.zsh'
[7.198s] Level 1:colcon.colcon_core.environment:create_file_with_runtime_dependencies(/home/jon/ws11/install/grid_path_searcher/share/colcon-core/packages/grid_path_searcher)
[7.198s] DEBUG:colcon.colcon_parallel_executor.executor.parallel:closing loop
[7.198s] DEBUG:colcon.colcon_parallel_executor.executor.parallel:loop closed
[7.198s] DEBUG:colcon.colcon_parallel_executor.executor.parallel:run_until_complete finished with '0'
[7.198s] DEBUG:colcon.colcon_core.event_reactor:joining thread
[7.201s] INFO:colcon.colcon_core.plugin_system:Skipping extension 'colcon_notification.desktop_notification.terminal_notifier': Not used on non-Darwin systems
[7.201s] INFO:colcon.colcon_core.plugin_system:Skipping extension 'colcon_notification.desktop_notification.win32': Not used on non-Windows systems
[7.201s] INFO:colcon.colcon_notification.desktop_notification:Sending desktop notification using 'notify2'
[7.211s] DEBUG:colcon.colcon_core.event_reactor:joined thread
[7.211s] INFO:colcon.colcon_core.shell:Creating prefix script '/home/jon/ws11/install/local_setup.ps1'
[7.211s] INFO:colcon.colcon_core.shell:Creating prefix util module '/home/jon/ws11/install/_local_setup_util_ps1.py'
[7.212s] INFO:colcon.colcon_core.shell:Creating prefix chain script '/home/jon/ws11/install/setup.ps1'
[7.213s] INFO:colcon.colcon_core.shell:Creating prefix script '/home/jon/ws11/install/local_setup.sh'
[7.215s] INFO:colcon.colcon_core.shell:Creating prefix util module '/home/jon/ws11/install/_local_setup_util_sh.py'
[7.216s] INFO:colcon.colcon_core.shell:Creating prefix chain script '/home/jon/ws11/install/setup.sh'
[7.216s] INFO:colcon.colcon_core.shell:Creating prefix script '/home/jon/ws11/install/local_setup.bash'
[7.217s] INFO:colcon.colcon_core.shell:Creating prefix chain script '/home/jon/ws11/install/setup.bash'
[7.218s] INFO:colcon.colcon_core.shell:Creating prefix script '/home/jon/ws11/install/local_setup.zsh'
[7.218s] INFO:colcon.colcon_core.shell:Creating prefix chain script '/home/jon/ws11/install/setup.zsh'
