[0.010s] Invoking command in '/home/jon/ws11/build/rviz_plugins': CMAKE_PREFIX_PATH=${CMAKE_PREFIX_PATH}:/opt/ros/humble /usr/bin/cmake --build /home/jon/ws11/build/rviz_plugins -- -j24 -l24
[0.024s] -- Found ament_cmake: 1.3.14 (/opt/ros/humble/share/ament_cmake/cmake)
[0.087s] -- Override CMake install command with custom implementation using symlinks instead of copying resources
[0.090s] -- Found geometry_msgs: 4.9.2 (/opt/ros/humble/share/geometry_msgs/cmake)
[0.100s] -- Found rosidl_generator_c: 3.1.9 (/opt/ros/humble/share/rosidl_generator_c/cmake)
[0.101s] -- Found rosidl_adapter: 3.1.9 (/opt/ros/humble/share/rosidl_adapter/cmake)
[0.104s] -- Found rosidl_generator_cpp: 3.1.9 (/opt/ros/humble/share/rosidl_generator_cpp/cmake)
[0.108s] -- Using all available rosidl_typesupport_c: rosidl_typesupport_fastrtps_c;rosidl_typesupport_introspection_c
[0.113s] -- Using all available rosidl_typesupport_cpp: rosidl_typesupport_fastrtps_cpp;rosidl_typesupport_introspection_cpp
[0.128s] -- Found pluginlib: 5.1.5 (/opt/ros/humble/share/pluginlib/cmake)
[0.138s] -- Found rclcpp: 16.0.21 (/opt/ros/humble/share/rclcpp/cmake)
[0.149s] -- Found rmw_implementation_cmake: 6.1.4 (/opt/ros/humble/share/rmw_implementation_cmake/cmake)
[0.150s] -- Found rmw_fastrtps_cpp: 6.2.10 (/opt/ros/humble/share/rmw_fastrtps_cpp/cmake)
[0.158s] -- Found TinyXML2 via Config file: TinyXML2_DIR-NOTFOUND
[0.163s] -- Found TinyXML2 via Config file: TinyXML2_DIR-NOTFOUND
[0.171s] -- Found TinyXML2 via Config file: TinyXML2_DIR-NOTFOUND
[0.177s] -- Found TinyXML2 via Config file: TinyXML2_DIR-NOTFOUND
[0.184s] -- Using RMW implementation 'rmw_fastrtps_cpp' as default
[0.201s] -- Found rviz_common: 11.2.29 (/opt/ros/humble/share/rviz_common/cmake)
[0.202s] -- Setting assimp_DIR to: '/opt/ros/humble/share/rviz_assimp_vendor/cmake/../../../opt/rviz_assimp_vendor/lib/cmake/assimp-4.1'
[0.204s] -- Setting OGRE_DIR to: '/opt/ros/humble/share/rviz_ogre_vendor/cmake/../../../opt/rviz_ogre_vendor/lib/OGRE/cmake'
[0.204s] -- Found OGRE
[0.205s] --   static     : OFF
[0.205s] --   components : HLMS;MeshLodGenerator;Overlay;Paging;Property;RTShaderSystem;Terrain;Volume
[0.205s] --   plugins    : Plugin_BSPSceneManager;Plugin_OctreeSceneManager;Plugin_PCZSceneManager;Plugin_ParticleFX;RenderSystem_GL;RenderSystem_GL3Plus;Codec_STBI
[0.205s] --   media      : /opt/ros/humble/opt/rviz_ogre_vendor/share/OGRE/Media
[0.205s] -- OGRE_LIBRARIES: OgreHLMS;OgreMeshLodGenerator;OgreOverlay;OgrePaging;OgreProperty;OgreRTShaderSystem;OgreTerrain;OgreVolume;OgreMain
[0.205s] -- OGRE_LIBRARY_DIRS: /opt/ros/humble/opt/rviz_ogre_vendor/lib
[0.205s] -- OGRE_PLUGINS: Plugin_BSPSceneManager;Plugin_OctreeSceneManager;Plugin_PCZSceneManager;Plugin_ParticleFX;RenderSystem_GL;RenderSystem_GL3Plus;Codec_STBI
[0.205s] -- OGRE_PLUGIN_DIR: /opt/ros/humble/opt/rviz_ogre_vendor/lib/OGRE
[0.205s] -- rviz_ogre_vendor::OgreOverlay for IMPORTED_LOCATION_RELEASE: /opt/ros/humble/opt/rviz_ogre_vendor/lib/libOgreOverlay.so
[0.205s] -- rviz_ogre_vendor::OgreOverlay for IMPORTED_LOCATION_DEBUG: /opt/ros/humble/opt/rviz_ogre_vendor/lib/libOgreOverlay.so
[0.205s] -- rviz_ogre_vendor::OgreMain for IMPORTED_LOCATION_RELEASE: /opt/ros/humble/opt/rviz_ogre_vendor/lib/libOgreMain.so
[0.205s] -- rviz_ogre_vendor::OgreMain for IMPORTED_LOCATION_DEBUG: /opt/ros/humble/opt/rviz_ogre_vendor/lib/libOgreMain.so
[0.206s] -- Could not find freeimage library
[0.240s] -- library: /usr/lib/x86_64-linux-gnu/libcurl.so
[0.253s] -- Ensuring Eigen3 include directory is part of orocos-kdl CMake target
[0.323s] -- Configuring done
[0.338s] -- Generating done
[0.340s] -- Build files have been written to: /home/jon/ws11/build/rviz_plugins
[0.369s] [ 20%] Automatic MOC for target rviz_plugins
[0.385s] [ 20%] Built target rviz_plugins_autogen
[0.395s] Consolidate compiler generated dependencies of target rviz_plugins
[0.403s] [ 60%] Building CXX object CMakeFiles/rviz_plugins.dir/src/goal_tool_impl.hpp.o
[0.403s] [ 60%] Building CXX object CMakeFiles/rviz_plugins.dir/src/pose_tool_impl.hpp.o
[0.409s] /home/jon/ws11/src/rviz_plugins/src/goal_tool_impl.hpp:1:9: warning: #pragma once in main file
[0.409s]     1 | #pragma once
[0.409s]       |         ^~~~
[0.409s] /home/jon/ws11/src/rviz_plugins/src/pose_tool_impl.hpp:1:9: warning: #pragma once in main file
[0.409s]     1 | #pragma once
[0.409s]       |         ^~~~
[7.147s] [ 80%] Linking CXX shared library librviz_plugins.so
[7.161s] CMakeFiles/rviz_plugins.dir/src/pose_tool_impl.hpp.o: file not recognized: file format not recognized
[7.161s] collect2: error: ld returned 1 exit status
[7.162s] gmake[2]: *** [CMakeFiles/rviz_plugins.dir/build.make:272：librviz_plugins.so] 错误 1
[7.162s] gmake[1]: *** [CMakeFiles/Makefile2:138：CMakeFiles/rviz_plugins.dir/all] 错误 2
[7.162s] gmake: *** [Makefile:146：all] 错误 2
