[ 10%] Automatic MOC for target grid_path_searcher_2d_rviz_panel
[ 30%] Built target random_map_2d
[ 50%] Built target grid_searcher_2d
[ 50%] Built target grid_path_searcher_2d_rviz_panel_autogen
[ 60%] Building CXX object CMakeFiles/demo_node_2d.dir/src/demo_node.cpp.o
[ 90%] Built target grid_path_searcher_2d_rviz_panel
[100%] Linking CXX executable demo_node_2d
[100%] Built target demo_node_2d
-- Install configuration: ""
-- Execute custom install script
-- Up-to-date symlink: /home/jon/ws11/install/grid_path_searcher_2d/share/grid_path_searcher_2d//plugin_description.xml
-- Up-to-date symlink: /home/jon/ws11/install/grid_path_searcher_2d/lib/libgrid_searcher_2d.a
-- Up-to-date symlink: /home/jon/ws11/install/grid_path_searcher_2d/lib/grid_path_searcher_2d/demo_node_2d
-- Up-to-date symlink: /home/jon/ws11/install/grid_path_searcher_2d/lib/grid_path_searcher_2d/random_map_2d
-- Up-to-date symlink: /home/jon/ws11/install/grid_path_searcher_2d/lib/libgrid_path_searcher_2d_rviz_panel.so
-- Up-to-date symlink: /home/jon/ws11/install/grid_path_searcher_2d/include/grid_path_searcher_2d/grid_searcher_2d.hpp
-- Up-to-date symlink: /home/jon/ws11/install/grid_path_searcher_2d/include/grid_path_searcher_2d/rrt_star_panel.hpp
-- Up-to-date symlink: /home/jon/ws11/install/grid_path_searcher_2d/share/grid_path_searcher_2d/launch/demo_launch.py
-- Up-to-date symlink: /home/jon/ws11/install/grid_path_searcher_2d/share/grid_path_searcher_2d/config/demo_2d.rviz
-- Up-to-date symlink: /home/jon/ws11/install/grid_path_searcher_2d/share/grid_path_searcher_2d/plugin_description.xml
-- Up-to-date symlink: /home/jon/ws11/install/grid_path_searcher_2d/share/ament_index/resource_index/package_run_dependencies/grid_path_searcher_2d
-- Up-to-date symlink: /home/jon/ws11/install/grid_path_searcher_2d/share/ament_index/resource_index/parent_prefix_path/grid_path_searcher_2d
-- Up-to-date symlink: /home/jon/ws11/install/grid_path_searcher_2d/share/grid_path_searcher_2d/environment/ament_prefix_path.sh
-- Up-to-date symlink: /home/jon/ws11/install/grid_path_searcher_2d/share/grid_path_searcher_2d/environment/ament_prefix_path.dsv
-- Up-to-date symlink: /home/jon/ws11/install/grid_path_searcher_2d/share/grid_path_searcher_2d/environment/path.sh
-- Up-to-date symlink: /home/jon/ws11/install/grid_path_searcher_2d/share/grid_path_searcher_2d/environment/path.dsv
-- Up-to-date symlink: /home/jon/ws11/install/grid_path_searcher_2d/share/grid_path_searcher_2d/local_setup.bash
-- Up-to-date symlink: /home/jon/ws11/install/grid_path_searcher_2d/share/grid_path_searcher_2d/local_setup.sh
-- Up-to-date symlink: /home/jon/ws11/install/grid_path_searcher_2d/share/grid_path_searcher_2d/local_setup.zsh
-- Up-to-date symlink: /home/jon/ws11/install/grid_path_searcher_2d/share/grid_path_searcher_2d/local_setup.dsv
-- Symlinking: /home/jon/ws11/install/grid_path_searcher_2d/share/grid_path_searcher_2d/package.dsv
-- Up-to-date symlink: /home/jon/ws11/install/grid_path_searcher_2d/share/ament_index/resource_index/packages/grid_path_searcher_2d
-- Up-to-date symlink: /home/jon/ws11/install/grid_path_searcher_2d/share/ament_index/resource_index/rviz_common__pluginlib__plugin/grid_path_searcher_2d
-- Up-to-date symlink: /home/jon/ws11/install/grid_path_searcher_2d/share/grid_path_searcher_2d/cmake/ament_cmake_export_include_directories-extras.cmake
-- Up-to-date symlink: /home/jon/ws11/install/grid_path_searcher_2d/share/grid_path_searcher_2d/cmake/ament_cmake_export_dependencies-extras.cmake
-- Up-to-date symlink: /home/jon/ws11/install/grid_path_searcher_2d/share/grid_path_searcher_2d/cmake/grid_path_searcher_2dConfig.cmake
-- Up-to-date symlink: /home/jon/ws11/install/grid_path_searcher_2d/share/grid_path_searcher_2d/cmake/grid_path_searcher_2dConfig-version.cmake
-- Up-to-date symlink: /home/jon/ws11/install/grid_path_searcher_2d/share/grid_path_searcher_2d/package.xml
