[0.007s] Invoking command in '/home/jon/ws11/build/rviz_plugins': CMAKE_PREFIX_PATH=${CMAKE_PREFIX_PATH}:/opt/ros/humble /usr/bin/cmake /home/jon/ws11/src/rviz_plugins -DAMENT_CMAKE_SYMLINK_INSTALL=1 -DCMAKE_INSTALL_PREFIX=/home/jon/ws11/install/rviz_plugins
[0.018s] -- Found ament_cmake: 1.3.14 (/opt/ros/humble/share/ament_cmake/cmake)
[0.086s] -- Override CMake install command with custom implementation using symlinks instead of copying resources
[0.091s] -- Found geometry_msgs: 4.9.2 (/opt/ros/humble/share/geometry_msgs/cmake)
[0.105s] -- Found rosidl_generator_c: 3.1.9 (/opt/ros/humble/share/rosidl_generator_c/cmake)
[0.105s] -- Found rosidl_adapter: 3.1.9 (/opt/ros/humble/share/rosidl_adapter/cmake)
[0.110s] -- Found rosidl_generator_cpp: 3.1.9 (/opt/ros/humble/share/rosidl_generator_cpp/cmake)
[0.115s] -- Using all available rosidl_typesupport_c: rosidl_typesupport_fastrtps_c;rosidl_typesupport_introspection_c
[0.120s] -- Using all available rosidl_typesupport_cpp: rosidl_typesupport_fastrtps_cpp;rosidl_typesupport_introspection_cpp
[0.137s] -- Found pluginlib: 5.1.5 (/opt/ros/humble/share/pluginlib/cmake)
[0.148s] -- Found rclcpp: 16.0.21 (/opt/ros/humble/share/rclcpp/cmake)
[0.159s] -- Found rmw_implementation_cmake: 6.1.4 (/opt/ros/humble/share/rmw_implementation_cmake/cmake)
[0.159s] -- Found rmw_fastrtps_cpp: 6.2.10 (/opt/ros/humble/share/rmw_fastrtps_cpp/cmake)
[0.168s] -- Found TinyXML2 via Config file: TinyXML2_DIR-NOTFOUND
[0.173s] -- Found TinyXML2 via Config file: TinyXML2_DIR-NOTFOUND
[0.182s] -- Found TinyXML2 via Config file: TinyXML2_DIR-NOTFOUND
[0.187s] -- Found TinyXML2 via Config file: TinyXML2_DIR-NOTFOUND
[0.194s] -- Using RMW implementation 'rmw_fastrtps_cpp' as default
[0.210s] -- Found rviz_common: 11.2.29 (/opt/ros/humble/share/rviz_common/cmake)
[0.211s] -- Setting assimp_DIR to: '/opt/ros/humble/share/rviz_assimp_vendor/cmake/../../../opt/rviz_assimp_vendor/lib/cmake/assimp-4.1'
[0.213s] -- Setting OGRE_DIR to: '/opt/ros/humble/share/rviz_ogre_vendor/cmake/../../../opt/rviz_ogre_vendor/lib/OGRE/cmake'
[0.214s] -- Found OGRE
[0.214s] --   static     : OFF
[0.214s] --   components : HLMS;MeshLodGenerator;Overlay;Paging;Property;RTShaderSystem;Terrain;Volume
[0.214s] --   plugins    : Plugin_BSPSceneManager;Plugin_OctreeSceneManager;Plugin_PCZSceneManager;Plugin_ParticleFX;RenderSystem_GL;RenderSystem_GL3Plus;Codec_STBI
[0.214s] --   media      : /opt/ros/humble/opt/rviz_ogre_vendor/share/OGRE/Media
[0.214s] -- OGRE_LIBRARIES: OgreHLMS;OgreMeshLodGenerator;OgreOverlay;OgrePaging;OgreProperty;OgreRTShaderSystem;OgreTerrain;OgreVolume;OgreMain
[0.214s] -- OGRE_LIBRARY_DIRS: /opt/ros/humble/opt/rviz_ogre_vendor/lib
[0.214s] -- OGRE_PLUGINS: Plugin_BSPSceneManager;Plugin_OctreeSceneManager;Plugin_PCZSceneManager;Plugin_ParticleFX;RenderSystem_GL;RenderSystem_GL3Plus;Codec_STBI
[0.215s] -- OGRE_PLUGIN_DIR: /opt/ros/humble/opt/rviz_ogre_vendor/lib/OGRE
[0.215s] -- rviz_ogre_vendor::OgreOverlay for IMPORTED_LOCATION_RELEASE: /opt/ros/humble/opt/rviz_ogre_vendor/lib/libOgreOverlay.so
[0.215s] -- rviz_ogre_vendor::OgreOverlay for IMPORTED_LOCATION_DEBUG: /opt/ros/humble/opt/rviz_ogre_vendor/lib/libOgreOverlay.so
[0.215s] -- rviz_ogre_vendor::OgreMain for IMPORTED_LOCATION_RELEASE: /opt/ros/humble/opt/rviz_ogre_vendor/lib/libOgreMain.so
[0.215s] -- rviz_ogre_vendor::OgreMain for IMPORTED_LOCATION_DEBUG: /opt/ros/humble/opt/rviz_ogre_vendor/lib/libOgreMain.so
[0.215s] -- Could not find freeimage library
[0.250s] -- library: /usr/lib/x86_64-linux-gnu/libcurl.so
[0.264s] -- Ensuring Eigen3 include directory is part of orocos-kdl CMake target
[0.341s] -- Configuring done
[0.355s] -- Generating done
[0.358s] -- Build files have been written to: /home/jon/ws11/build/rviz_plugins
[0.364s] Invoked command in '/home/jon/ws11/build/rviz_plugins' returned '0': CMAKE_PREFIX_PATH=${CMAKE_PREFIX_PATH}:/opt/ros/humble /usr/bin/cmake /home/jon/ws11/src/rviz_plugins -DAMENT_CMAKE_SYMLINK_INSTALL=1 -DCMAKE_INSTALL_PREFIX=/home/jon/ws11/install/rviz_plugins
[0.366s] Invoking command in '/home/jon/ws11/build/rviz_plugins': CMAKE_PREFIX_PATH=${CMAKE_PREFIX_PATH}:/opt/ros/humble /usr/bin/cmake --build /home/jon/ws11/build/rviz_plugins -- -j24 -l24
[0.403s] [ 20%] Automatic MOC for target rviz_plugins
[0.418s] [ 20%] Built target rviz_plugins_autogen
[0.429s] Consolidate compiler generated dependencies of target rviz_plugins
[0.443s] [ 40%] Linking CXX shared library librviz_plugins.so
[0.793s] [100%] Built target rviz_plugins
[0.796s] Invoked command in '/home/jon/ws11/build/rviz_plugins' returned '0': CMAKE_PREFIX_PATH=${CMAKE_PREFIX_PATH}:/opt/ros/humble /usr/bin/cmake --build /home/jon/ws11/build/rviz_plugins -- -j24 -l24
[0.797s] Invoking command in '/home/jon/ws11/build/rviz_plugins': CMAKE_PREFIX_PATH=${CMAKE_PREFIX_PATH}:/opt/ros/humble /usr/bin/cmake --install /home/jon/ws11/build/rviz_plugins
[0.801s] -- Install configuration: ""
[0.801s] -- Execute custom install script
[0.801s] -- Symlinking: /home/jon/ws11/install/rviz_plugins/share/rviz_plugins//plugin_description.xml
[0.806s] -- Symlinking: /home/jon/ws11/install/rviz_plugins/lib/librviz_plugins.so
[0.813s] -- Up-to-date symlink: /home/jon/ws11/install/rviz_plugins/share/rviz_plugins/plugin_description.xml
[0.813s] -- Symlinking: /home/jon/ws11/install/rviz_plugins/share/rviz_plugins/config/ros2_demo.rviz
[0.818s] -- Symlinking: /home/jon/ws11/install/rviz_plugins/share/rviz_plugins/launch/visualization.launch.py
[0.824s] -- Symlinking: /home/jon/ws11/install/rviz_plugins/share/ament_index/resource_index/package_run_dependencies/rviz_plugins
[0.829s] -- Symlinking: /home/jon/ws11/install/rviz_plugins/share/ament_index/resource_index/parent_prefix_path/rviz_plugins
[0.836s] -- Symlinking: /home/jon/ws11/install/rviz_plugins/share/rviz_plugins/environment/ament_prefix_path.sh
[0.844s] -- Symlinking: /home/jon/ws11/install/rviz_plugins/share/rviz_plugins/environment/ament_prefix_path.dsv
[0.850s] -- Symlinking: /home/jon/ws11/install/rviz_plugins/share/rviz_plugins/environment/path.sh
[0.855s] -- Symlinking: /home/jon/ws11/install/rviz_plugins/share/rviz_plugins/environment/path.dsv
[0.861s] -- Symlinking: /home/jon/ws11/install/rviz_plugins/share/rviz_plugins/local_setup.bash
[0.867s] -- Symlinking: /home/jon/ws11/install/rviz_plugins/share/rviz_plugins/local_setup.sh
[0.873s] -- Symlinking: /home/jon/ws11/install/rviz_plugins/share/rviz_plugins/local_setup.zsh
[0.880s] -- Symlinking: /home/jon/ws11/install/rviz_plugins/share/rviz_plugins/local_setup.dsv
[0.886s] -- Symlinking: /home/jon/ws11/install/rviz_plugins/share/rviz_plugins/package.dsv
[0.892s] -- Symlinking: /home/jon/ws11/install/rviz_plugins/share/ament_index/resource_index/packages/rviz_plugins
[0.897s] -- Symlinking: /home/jon/ws11/install/rviz_plugins/share/ament_index/resource_index/rviz_common__pluginlib__plugin/rviz_plugins
[0.902s] -- Symlinking: /home/jon/ws11/install/rviz_plugins/share/rviz_plugins/cmake/rviz_pluginsConfig.cmake
[0.909s] -- Symlinking: /home/jon/ws11/install/rviz_plugins/share/rviz_plugins/cmake/rviz_pluginsConfig-version.cmake
[0.914s] -- Symlinking: /home/jon/ws11/install/rviz_plugins/share/rviz_plugins/package.xml
[0.920s] Invoked command in '/home/jon/ws11/build/rviz_plugins' returned '0': CMAKE_PREFIX_PATH=${CMAKE_PREFIX_PATH}:/opt/ros/humble /usr/bin/cmake --install /home/jon/ws11/build/rviz_plugins
