[0.006s] Invoking command in '/home/jon/ws11/build/grid_path_searcher': AMENT_PREFIX_PATH=/home/jon/ws11/install/waypoint_generator:/home/jon/ws11/install/rviz_plugins:${AMENT_PREFIX_PATH} CMAKE_PREFIX_PATH=/home/jon/ws11/install/waypoint_generator:/home/jon/ws11/install/rviz_plugins:/home/jon/ws02/install/cpp01_launch:/home/jon/ws01/install/tutorails_plumbing:/home/jon/ws01/install/cpp07_exercise:/home/jon/ws01/install/turtlesim:/home/jon/ws01/install/cpp06_time:/home/jon/ws01/install/cpp05_names:/home/jon/ws01/install/cpp04_param:/home/jon/ws01/install/cpp03_action:/home/jon/ws01/install/cpp02_service:/home/jon/ws01/install/cpp01_topic:/home/jon/ws01/install/base_demo:/opt/ros/humble LD_LIBRARY_PATH=/home/jon/ws11/install/rviz_plugins/lib:${LD_LIBRARY_PATH} /usr/bin/cmake /home/jon/ws11/src/grid_path_searcher -DAMENT_CMAKE_SYMLINK_INSTALL=1 -DCMAKE_INSTALL_PREFIX=/home/jon/ws11/install/grid_path_searcher
[0.015s] -- Found ament_cmake: 1.3.14 (/opt/ros/humble/share/ament_cmake/cmake)
[0.076s] -- Override CMake install command with custom implementation using symlinks instead of copying resources
[0.079s] -- Found geometry_msgs: 4.9.2 (/opt/ros/humble/share/geometry_msgs/cmake)
[0.089s] -- Found rosidl_generator_c: 3.1.9 (/opt/ros/humble/share/rosidl_generator_c/cmake)
[0.090s] -- Found rosidl_adapter: 3.1.9 (/opt/ros/humble/share/rosidl_adapter/cmake)
[0.092s] -- Found rosidl_generator_cpp: 3.1.9 (/opt/ros/humble/share/rosidl_generator_cpp/cmake)
[0.096s] -- Using all available rosidl_typesupport_c: rosidl_typesupport_fastrtps_c;rosidl_typesupport_introspection_c
[0.101s] -- Using all available rosidl_typesupport_cpp: rosidl_typesupport_fastrtps_cpp;rosidl_typesupport_introspection_cpp
[0.116s] -- Found nav_msgs: 4.9.2 (/opt/ros/humble/share/nav_msgs/cmake)
[0.123s] -- Found rclcpp: 16.0.21 (/opt/ros/humble/share/rclcpp/cmake)
[0.133s] -- Found rmw_implementation_cmake: 6.1.4 (/opt/ros/humble/share/rmw_implementation_cmake/cmake)
[0.133s] -- Found rmw_fastrtps_cpp: 6.2.10 (/opt/ros/humble/share/rmw_fastrtps_cpp/cmake)
[0.182s] -- Using RMW implementation 'rmw_fastrtps_cpp' as default
[0.199s] -- Found tf2: 0.25.23 (/opt/ros/humble/share/tf2/cmake)
[0.200s] -- Found tf2_geometry_msgs: 0.25.23 (/opt/ros/humble/share/tf2_geometry_msgs/cmake)
[0.201s] -- Found eigen3_cmake_module: 0.1.1 (/opt/ros/humble/share/eigen3_cmake_module/cmake)
[0.202s] -- Ensuring Eigen3 include directory is part of orocos-kdl CMake target
[0.235s] -- Found visualization_msgs: 4.9.2 (/opt/ros/humble/share/visualization_msgs/cmake)
[0.283s] -- Configuring done
[0.288s] -- Generating done
[0.290s] -- Build files have been written to: /home/jon/ws11/build/grid_path_searcher
[0.296s] Invoked command in '/home/jon/ws11/build/grid_path_searcher' returned '0': AMENT_PREFIX_PATH=/home/jon/ws11/install/waypoint_generator:/home/jon/ws11/install/rviz_plugins:${AMENT_PREFIX_PATH} CMAKE_PREFIX_PATH=/home/jon/ws11/install/waypoint_generator:/home/jon/ws11/install/rviz_plugins:/home/jon/ws02/install/cpp01_launch:/home/jon/ws01/install/tutorails_plumbing:/home/jon/ws01/install/cpp07_exercise:/home/jon/ws01/install/turtlesim:/home/jon/ws01/install/cpp06_time:/home/jon/ws01/install/cpp05_names:/home/jon/ws01/install/cpp04_param:/home/jon/ws01/install/cpp03_action:/home/jon/ws01/install/cpp02_service:/home/jon/ws01/install/cpp01_topic:/home/jon/ws01/install/base_demo:/opt/ros/humble LD_LIBRARY_PATH=/home/jon/ws11/install/rviz_plugins/lib:${LD_LIBRARY_PATH} /usr/bin/cmake /home/jon/ws11/src/grid_path_searcher -DAMENT_CMAKE_SYMLINK_INSTALL=1 -DCMAKE_INSTALL_PREFIX=/home/jon/ws11/install/grid_path_searcher
[0.296s] Invoking command in '/home/jon/ws11/build/grid_path_searcher': AMENT_PREFIX_PATH=/home/jon/ws11/install/waypoint_generator:/home/jon/ws11/install/rviz_plugins:${AMENT_PREFIX_PATH} CMAKE_PREFIX_PATH=/home/jon/ws11/install/waypoint_generator:/home/jon/ws11/install/rviz_plugins:/home/jon/ws02/install/cpp01_launch:/home/jon/ws01/install/tutorails_plumbing:/home/jon/ws01/install/cpp07_exercise:/home/jon/ws01/install/turtlesim:/home/jon/ws01/install/cpp06_time:/home/jon/ws01/install/cpp05_names:/home/jon/ws01/install/cpp04_param:/home/jon/ws01/install/cpp03_action:/home/jon/ws01/install/cpp02_service:/home/jon/ws01/install/cpp01_topic:/home/jon/ws01/install/base_demo:/opt/ros/humble LD_LIBRARY_PATH=/home/jon/ws11/install/rviz_plugins/lib:${LD_LIBRARY_PATH} /usr/bin/cmake --build /home/jon/ws11/build/grid_path_searcher -- -j24 -l24
[0.328s] Consolidate compiler generated dependencies of target demo_node
[0.339s] [ 50%] Linking CXX executable demo_node
[0.720s] [100%] Built target demo_node
[0.730s] Invoked command in '/home/jon/ws11/build/grid_path_searcher' returned '0': AMENT_PREFIX_PATH=/home/jon/ws11/install/waypoint_generator:/home/jon/ws11/install/rviz_plugins:${AMENT_PREFIX_PATH} CMAKE_PREFIX_PATH=/home/jon/ws11/install/waypoint_generator:/home/jon/ws11/install/rviz_plugins:/home/jon/ws02/install/cpp01_launch:/home/jon/ws01/install/tutorails_plumbing:/home/jon/ws01/install/cpp07_exercise:/home/jon/ws01/install/turtlesim:/home/jon/ws01/install/cpp06_time:/home/jon/ws01/install/cpp05_names:/home/jon/ws01/install/cpp04_param:/home/jon/ws01/install/cpp03_action:/home/jon/ws01/install/cpp02_service:/home/jon/ws01/install/cpp01_topic:/home/jon/ws01/install/base_demo:/opt/ros/humble LD_LIBRARY_PATH=/home/jon/ws11/install/rviz_plugins/lib:${LD_LIBRARY_PATH} /usr/bin/cmake --build /home/jon/ws11/build/grid_path_searcher -- -j24 -l24
[0.730s] Invoking command in '/home/jon/ws11/build/grid_path_searcher': AMENT_PREFIX_PATH=/home/jon/ws11/install/waypoint_generator:/home/jon/ws11/install/rviz_plugins:${AMENT_PREFIX_PATH} CMAKE_PREFIX_PATH=/home/jon/ws11/install/waypoint_generator:/home/jon/ws11/install/rviz_plugins:/home/jon/ws02/install/cpp01_launch:/home/jon/ws01/install/tutorails_plumbing:/home/jon/ws01/install/cpp07_exercise:/home/jon/ws01/install/turtlesim:/home/jon/ws01/install/cpp06_time:/home/jon/ws01/install/cpp05_names:/home/jon/ws01/install/cpp04_param:/home/jon/ws01/install/cpp03_action:/home/jon/ws01/install/cpp02_service:/home/jon/ws01/install/cpp01_topic:/home/jon/ws01/install/base_demo:/opt/ros/humble LD_LIBRARY_PATH=/home/jon/ws11/install/rviz_plugins/lib:${LD_LIBRARY_PATH} /usr/bin/cmake --install /home/jon/ws11/build/grid_path_searcher
[0.735s] -- Install configuration: ""
[0.735s] -- Execute custom install script
[0.736s] -- Symlinking: /home/jon/ws11/install/grid_path_searcher/lib/grid_path_searcher/demo_node
[0.743s] -- Symlinking: /home/jon/ws11/install/grid_path_searcher/share/grid_path_searcher/launch/demo.launch
[0.749s] -- Symlinking: /home/jon/ws11/install/grid_path_searcher/share/grid_path_searcher/launch/demo.launch.py
[0.757s] -- Symlinking: /home/jon/ws11/install/grid_path_searcher/share/grid_path_searcher/launch/rviz_config/demo.rviz
[0.764s] -- Symlinking: /home/jon/ws11/install/grid_path_searcher/share/grid_path_searcher/launch/rviz_config/demo_wx.rviz
[0.770s] -- Symlinking: /home/jon/ws11/install/grid_path_searcher/share/grid_path_searcher/launch/rviz_config/jps_demo.rviz
[0.775s] -- Symlinking: /home/jon/ws11/install/grid_path_searcher/share/ament_index/resource_index/package_run_dependencies/grid_path_searcher
[0.780s] -- Symlinking: /home/jon/ws11/install/grid_path_searcher/share/ament_index/resource_index/parent_prefix_path/grid_path_searcher
[0.785s] -- Symlinking: /home/jon/ws11/install/grid_path_searcher/share/grid_path_searcher/environment/ament_prefix_path.sh
[0.790s] -- Symlinking: /home/jon/ws11/install/grid_path_searcher/share/grid_path_searcher/environment/ament_prefix_path.dsv
[0.795s] -- Symlinking: /home/jon/ws11/install/grid_path_searcher/share/grid_path_searcher/environment/path.sh
[0.802s] -- Symlinking: /home/jon/ws11/install/grid_path_searcher/share/grid_path_searcher/environment/path.dsv
[0.808s] -- Symlinking: /home/jon/ws11/install/grid_path_searcher/share/grid_path_searcher/local_setup.bash
[0.812s] -- Symlinking: /home/jon/ws11/install/grid_path_searcher/share/grid_path_searcher/local_setup.sh
[0.819s] -- Symlinking: /home/jon/ws11/install/grid_path_searcher/share/grid_path_searcher/local_setup.zsh
[0.826s] -- Symlinking: /home/jon/ws11/install/grid_path_searcher/share/grid_path_searcher/local_setup.dsv
[0.835s] -- Symlinking: /home/jon/ws11/install/grid_path_searcher/share/grid_path_searcher/package.dsv
[0.841s] -- Symlinking: /home/jon/ws11/install/grid_path_searcher/share/ament_index/resource_index/packages/grid_path_searcher
[0.847s] -- Symlinking: /home/jon/ws11/install/grid_path_searcher/share/grid_path_searcher/cmake/grid_path_searcherConfig.cmake
[0.852s] -- Symlinking: /home/jon/ws11/install/grid_path_searcher/share/grid_path_searcher/cmake/grid_path_searcherConfig-version.cmake
[0.858s] -- Symlinking: /home/jon/ws11/install/grid_path_searcher/share/grid_path_searcher/package.xml
[0.864s] Invoked command in '/home/jon/ws11/build/grid_path_searcher' returned '0': AMENT_PREFIX_PATH=/home/jon/ws11/install/waypoint_generator:/home/jon/ws11/install/rviz_plugins:${AMENT_PREFIX_PATH} CMAKE_PREFIX_PATH=/home/jon/ws11/install/waypoint_generator:/home/jon/ws11/install/rviz_plugins:/home/jon/ws02/install/cpp01_launch:/home/jon/ws01/install/tutorails_plumbing:/home/jon/ws01/install/cpp07_exercise:/home/jon/ws01/install/turtlesim:/home/jon/ws01/install/cpp06_time:/home/jon/ws01/install/cpp05_names:/home/jon/ws01/install/cpp04_param:/home/jon/ws01/install/cpp03_action:/home/jon/ws01/install/cpp02_service:/home/jon/ws01/install/cpp01_topic:/home/jon/ws01/install/base_demo:/opt/ros/humble LD_LIBRARY_PATH=/home/jon/ws11/install/rviz_plugins/lib:${LD_LIBRARY_PATH} /usr/bin/cmake --install /home/jon/ws11/build/grid_path_searcher
