-- Found ament_cmake: 1.3.14 (/opt/ros/humble/share/ament_cmake/cmake)
-- Override CMake install command with custom implementation using symlinks instead of copying resources
-- Found geometry_msgs: 4.9.2 (/opt/ros/humble/share/geometry_msgs/cmake)
-- Found rosidl_generator_c: 3.1.9 (/opt/ros/humble/share/rosidl_generator_c/cmake)
-- Found rosidl_adapter: 3.1.9 (/opt/ros/humble/share/rosidl_adapter/cmake)
-- Found rosidl_generator_cpp: 3.1.9 (/opt/ros/humble/share/rosidl_generator_cpp/cmake)
-- Using all available rosidl_typesupport_c: rosidl_typesupport_fastrtps_c;rosidl_typesupport_introspection_c
-- Using all available rosidl_typesupport_cpp: rosidl_typesupport_fastrtps_cpp;rosidl_typesupport_introspection_cpp
-- Found nav_msgs: 4.9.2 (/opt/ros/humble/share/nav_msgs/cmake)
-- Found rclcpp: 16.0.21 (/opt/ros/humble/share/rclcpp/cmake)
-- Found rmw_implementation_cmake: 6.1.4 (/opt/ros/humble/share/rmw_implementation_cmake/cmake)
-- Found rmw_fastrtps_cpp: 6.2.10 (/opt/ros/humble/share/rmw_fastrtps_cpp/cmake)
-- Using RMW implementation 'rmw_fastrtps_cpp' as default
-- Found sensor_msgs: 4.9.2 (/opt/ros/humble/share/sensor_msgs/cmake)
-- Found tf2: 0.25.23 (/opt/ros/humble/share/tf2/cmake)
-- Found tf2_geometry_msgs: 0.25.23 (/opt/ros/humble/share/tf2_geometry_msgs/cmake)
-- Found eigen3_cmake_module: 0.1.1 (/opt/ros/humble/share/eigen3_cmake_module/cmake)
-- Ensuring Eigen3 include directory is part of orocos-kdl CMake target
-- Found visualization_msgs: 4.9.2 (/opt/ros/humble/share/visualization_msgs/cmake)
-- Configuring done
-- Generating done
-- Build files have been written to: /home/jon/ws11/build/grid_path_searcher
Consolidate compiler generated dependencies of target random_complex
Consolidate compiler generated dependencies of target demo_node
Consolidate compiler generated dependencies of target occupancy_demo_node
[ 14%] Building CXX object CMakeFiles/occupancy_demo_node.dir/src/occupancy_demo_node.cpp.o
[ 28%] Building CXX object CMakeFiles/random_complex.dir/src/random_complex_node.cpp.o
[ 57%] Building CXX object CMakeFiles/demo_node.dir/src/graph_searcher.cpp.o
[ 57%] Building CXX object CMakeFiles/demo_node.dir/src/demo_node.cpp.o
[ 71%] Linking CXX executable random_complex
[ 71%] Built target random_complex
[ 85%] Linking CXX executable occupancy_demo_node
[ 85%] Built target occupancy_demo_node
