-- Found ament_cmake: 1.3.14 (/opt/ros/humble/share/ament_cmake/cmake)
-- Override CMake install command with custom implementation using symlinks instead of copying resources
-- Found geometry_msgs: 4.9.2 (/opt/ros/humble/share/geometry_msgs/cmake)
-- Found rosidl_generator_c: 3.1.9 (/opt/ros/humble/share/rosidl_generator_c/cmake)
-- Found rosidl_adapter: 3.1.9 (/opt/ros/humble/share/rosidl_adapter/cmake)
-- Found rosidl_generator_cpp: 3.1.9 (/opt/ros/humble/share/rosidl_generator_cpp/cmake)
-- Using all available rosidl_typesupport_c: rosidl_typesupport_fastrtps_c;rosidl_typesupport_introspection_c
-- Using all available rosidl_typesupport_cpp: rosidl_typesupport_fastrtps_cpp;rosidl_typesupport_introspection_cpp
-- Found pluginlib: 5.1.5 (/opt/ros/humble/share/pluginlib/cmake)
-- Found rclcpp: 16.0.21 (/opt/ros/humble/share/rclcpp/cmake)
-- Found rmw_implementation_cmake: 6.1.4 (/opt/ros/humble/share/rmw_implementation_cmake/cmake)
-- Found rmw_fastrtps_cpp: 6.2.10 (/opt/ros/humble/share/rmw_fastrtps_cpp/cmake)
-- Found TinyXML2 via Config file: TinyXML2_DIR-NOTFOUND
-- Found TinyXML2 via Config file: TinyXML2_DIR-NOTFOUND
-- Found TinyXML2 via Config file: TinyXML2_DIR-NOTFOUND
-- Found TinyXML2 via Config file: TinyXML2_DIR-NOTFOUND
-- Using RMW implementation 'rmw_fastrtps_cpp' as default
-- Found rviz_common: 11.2.29 (/opt/ros/humble/share/rviz_common/cmake)
-- Setting assimp_DIR to: '/opt/ros/humble/share/rviz_assimp_vendor/cmake/../../../opt/rviz_assimp_vendor/lib/cmake/assimp-4.1'
-- Setting OGRE_DIR to: '/opt/ros/humble/share/rviz_ogre_vendor/cmake/../../../opt/rviz_ogre_vendor/lib/OGRE/cmake'
-- Found OGRE
--   static     : OFF
--   components : HLMS;MeshLodGenerator;Overlay;Paging;Property;RTShaderSystem;Terrain;Volume
--   plugins    : Plugin_BSPSceneManager;Plugin_OctreeSceneManager;Plugin_PCZSceneManager;Plugin_ParticleFX;RenderSystem_GL;RenderSystem_GL3Plus;Codec_STBI
--   media      : /opt/ros/humble/opt/rviz_ogre_vendor/share/OGRE/Media
-- OGRE_LIBRARIES: OgreHLMS;OgreMeshLodGenerator;OgreOverlay;OgrePaging;OgreProperty;OgreRTShaderSystem;OgreTerrain;OgreVolume;OgreMain
-- OGRE_LIBRARY_DIRS: /opt/ros/humble/opt/rviz_ogre_vendor/lib
-- OGRE_PLUGINS: Plugin_BSPSceneManager;Plugin_OctreeSceneManager;Plugin_PCZSceneManager;Plugin_ParticleFX;RenderSystem_GL;RenderSystem_GL3Plus;Codec_STBI
-- OGRE_PLUGIN_DIR: /opt/ros/humble/opt/rviz_ogre_vendor/lib/OGRE
-- rviz_ogre_vendor::OgreOverlay for IMPORTED_LOCATION_RELEASE: /opt/ros/humble/opt/rviz_ogre_vendor/lib/libOgreOverlay.so
-- rviz_ogre_vendor::OgreOverlay for IMPORTED_LOCATION_DEBUG: /opt/ros/humble/opt/rviz_ogre_vendor/lib/libOgreOverlay.so
-- rviz_ogre_vendor::OgreMain for IMPORTED_LOCATION_RELEASE: /opt/ros/humble/opt/rviz_ogre_vendor/lib/libOgreMain.so
-- rviz_ogre_vendor::OgreMain for IMPORTED_LOCATION_DEBUG: /opt/ros/humble/opt/rviz_ogre_vendor/lib/libOgreMain.so
-- Could not find freeimage library
-- library: /usr/lib/x86_64-linux-gnu/libcurl.so
-- Ensuring Eigen3 include directory is part of orocos-kdl CMake target
-- Configuring done
-- Generating done
-- Build files have been written to: /home/jon/ws11/build/rviz_plugins
[ 20%] Automatic MOC for target rviz_plugins
[ 20%] Built target rviz_plugins_autogen
Consolidate compiler generated dependencies of target rviz_plugins
[ 40%] Building CXX object CMakeFiles/rviz_plugins.dir/rviz_plugins_autogen/mocs_compilation.cpp.o
[ 60%] Building CXX object CMakeFiles/rviz_plugins.dir/src/pose_tool.cpp.o
[ 80%] Building CXX object CMakeFiles/rviz_plugins.dir/src/goal_tool.cpp.o
[100%] Linking CXX shared library librviz_plugins.so
[100%] Built target rviz_plugins
-- Install configuration: ""
-- Execute custom install script
-- Up-to-date symlink: /home/jon/ws11/install/rviz_plugins/share/rviz_plugins//plugin_description.xml
-- Up-to-date symlink: /home/jon/ws11/install/rviz_plugins/lib/librviz_plugins.so
-- Up-to-date symlink: /home/jon/ws11/install/rviz_plugins/share/rviz_plugins/plugin_description.xml
-- Up-to-date symlink: /home/jon/ws11/install/rviz_plugins/include/goal_tool.hpp
-- Up-to-date symlink: /home/jon/ws11/install/rviz_plugins/include/pose_tool.hpp
-- Up-to-date symlink: /home/jon/ws11/install/rviz_plugins/share/rviz_plugins/config/ros2_demo.rviz
-- Up-to-date symlink: /home/jon/ws11/install/rviz_plugins/share/rviz_plugins/config/tutorial_3d.rviz
-- Up-to-date symlink: /home/jon/ws11/install/rviz_plugins/share/rviz_plugins/launch/visualization_launch.py
-- Up-to-date symlink: /home/jon/ws11/install/rviz_plugins/share/ament_index/resource_index/package_run_dependencies/rviz_plugins
-- Up-to-date symlink: /home/jon/ws11/install/rviz_plugins/share/ament_index/resource_index/parent_prefix_path/rviz_plugins
-- Up-to-date symlink: /home/jon/ws11/install/rviz_plugins/share/rviz_plugins/environment/ament_prefix_path.sh
-- Up-to-date symlink: /home/jon/ws11/install/rviz_plugins/share/rviz_plugins/environment/ament_prefix_path.dsv
-- Up-to-date symlink: /home/jon/ws11/install/rviz_plugins/share/rviz_plugins/environment/path.sh
-- Up-to-date symlink: /home/jon/ws11/install/rviz_plugins/share/rviz_plugins/environment/path.dsv
-- Up-to-date symlink: /home/jon/ws11/install/rviz_plugins/share/rviz_plugins/local_setup.bash
-- Up-to-date symlink: /home/jon/ws11/install/rviz_plugins/share/rviz_plugins/local_setup.sh
-- Up-to-date symlink: /home/jon/ws11/install/rviz_plugins/share/rviz_plugins/local_setup.zsh
-- Up-to-date symlink: /home/jon/ws11/install/rviz_plugins/share/rviz_plugins/local_setup.dsv
-- Symlinking: /home/jon/ws11/install/rviz_plugins/share/rviz_plugins/package.dsv
-- Up-to-date symlink: /home/jon/ws11/install/rviz_plugins/share/ament_index/resource_index/packages/rviz_plugins
-- Up-to-date symlink: /home/jon/ws11/install/rviz_plugins/share/ament_index/resource_index/rviz_common__pluginlib__plugin/rviz_plugins
-- Up-to-date symlink: /home/jon/ws11/install/rviz_plugins/share/rviz_plugins/cmake/rviz_pluginsConfig.cmake
-- Up-to-date symlink: /home/jon/ws11/install/rviz_plugins/share/rviz_plugins/cmake/rviz_pluginsConfig-version.cmake
-- Up-to-date symlink: /home/jon/ws11/install/rviz_plugins/share/rviz_plugins/package.xml
