[0.005s] Invoking command in '/home/jon/ws11/build/grid_path_searcher': AMENT_PREFIX_PATH=/home/jon/ws11/install/waypoint_generator:/home/jon/ws11/install/rviz_plugins:${AMENT_PREFIX_PATH} CMAKE_PREFIX_PATH=/home/jon/ws11/install/waypoint_generator:/home/jon/ws11/install/rviz_plugins:/home/jon/ws02/install/cpp02_rosbag:/home/jon/ws02/install/cpp01_launch:/home/jon/ws01/install/tutorails_plumbing:/home/jon/ws01/install/cpp07_exercise:/home/jon/ws01/install/turtlesim:/home/jon/ws01/install/cpp06_time:/home/jon/ws01/install/cpp05_names:/home/jon/ws01/install/cpp04_param:/home/jon/ws01/install/cpp03_action:/home/jon/ws01/install/cpp02_service:/home/jon/ws01/install/cpp01_topic:/home/jon/ws01/install/base_demo:/opt/ros/humble LD_LIBRARY_PATH=/home/jon/ws11/install/rviz_plugins/lib:${LD_LIBRARY_PATH} /usr/bin/cmake /home/jon/ws11/src/grid_path_searcher -DCMAKE_INSTALL_PREFIX=/home/jon/ws11/install/grid_path_searcher
[0.039s] -- The C compiler identification is GNU 11.4.0
[0.067s] -- The CXX compiler identification is GNU 11.4.0
[0.070s] -- Detecting C compiler ABI info
[0.109s] -- Detecting C compiler ABI info - done
[0.112s] -- Check for working C compiler: /usr/bin/cc - skipped
[0.112s] -- Detecting C compile features
[0.112s] -- Detecting C compile features - done
[0.114s] -- Detecting CXX compiler ABI info
[0.159s] -- Detecting CXX compiler ABI info - done
[0.161s] -- Check for working CXX compiler: /usr/bin/c++ - skipped
[0.162s] -- Detecting CXX compile features
[0.162s] -- Detecting CXX compile features - done
[0.163s] -- Found ament_cmake: 1.3.14 (/opt/ros/humble/share/ament_cmake/cmake)
[0.240s] -- Found Python3: /usr/bin/python3 (found version "3.10.12") found components: Interpreter 
[0.284s] -- Found geometry_msgs: 4.9.2 (/opt/ros/humble/share/geometry_msgs/cmake)
[0.301s] -- Found rosidl_generator_c: 3.1.9 (/opt/ros/humble/share/rosidl_generator_c/cmake)
[0.303s] -- Found rosidl_adapter: 3.1.9 (/opt/ros/humble/share/rosidl_adapter/cmake)
[0.307s] -- Found rosidl_generator_cpp: 3.1.9 (/opt/ros/humble/share/rosidl_generator_cpp/cmake)
[0.313s] -- Using all available rosidl_typesupport_c: rosidl_typesupport_fastrtps_c;rosidl_typesupport_introspection_c
[0.320s] -- Using all available rosidl_typesupport_cpp: rosidl_typesupport_fastrtps_cpp;rosidl_typesupport_introspection_cpp
[0.337s] -- Found nav_msgs: 4.9.2 (/opt/ros/humble/share/nav_msgs/cmake)
[0.344s] -- Found rclcpp: 16.0.21 (/opt/ros/humble/share/rclcpp/cmake)
[0.361s] -- Found rmw_implementation_cmake: 6.1.4 (/opt/ros/humble/share/rmw_implementation_cmake/cmake)
[0.363s] -- Found rmw_fastrtps_cpp: 6.2.10 (/opt/ros/humble/share/rmw_fastrtps_cpp/cmake)
[0.418s] -- Found OpenSSL: /usr/lib/x86_64-linux-gnu/libcrypto.so (found version "3.0.2")  
[0.430s] -- Found FastRTPS: /opt/ros/humble/include  
[0.449s] -- Using RMW implementation 'rmw_fastrtps_cpp' as default
[0.453s] -- Looking for pthread.h
[0.498s] -- Looking for pthread.h - found
[0.498s] -- Performing Test CMAKE_HAVE_LIBC_PTHREAD
[0.540s] -- Performing Test CMAKE_HAVE_LIBC_PTHREAD - Success
[0.540s] -- Found Threads: TRUE  
[0.560s] -- Found tf2: 0.25.23 (/opt/ros/humble/share/tf2/cmake)
[0.564s] -- Found tf2_geometry_msgs: 0.25.23 (/opt/ros/humble/share/tf2_geometry_msgs/cmake)
[0.571s] -- Found eigen3_cmake_module: 0.1.1 (/opt/ros/humble/share/eigen3_cmake_module/cmake)
[0.572s] -- Found Eigen3: TRUE (found version "3.4.0") 
[0.572s] -- Ensuring Eigen3 include directory is part of orocos-kdl CMake target
[0.612s] -- Found visualization_msgs: 4.9.2 (/opt/ros/humble/share/visualization_msgs/cmake)
[0.658s] -- Configuring done
[0.664s] -- Generating done
[0.666s] -- Build files have been written to: /home/jon/ws11/build/grid_path_searcher
[0.673s] Invoked command in '/home/jon/ws11/build/grid_path_searcher' returned '0': AMENT_PREFIX_PATH=/home/jon/ws11/install/waypoint_generator:/home/jon/ws11/install/rviz_plugins:${AMENT_PREFIX_PATH} CMAKE_PREFIX_PATH=/home/jon/ws11/install/waypoint_generator:/home/jon/ws11/install/rviz_plugins:/home/jon/ws02/install/cpp02_rosbag:/home/jon/ws02/install/cpp01_launch:/home/jon/ws01/install/tutorails_plumbing:/home/jon/ws01/install/cpp07_exercise:/home/jon/ws01/install/turtlesim:/home/jon/ws01/install/cpp06_time:/home/jon/ws01/install/cpp05_names:/home/jon/ws01/install/cpp04_param:/home/jon/ws01/install/cpp03_action:/home/jon/ws01/install/cpp02_service:/home/jon/ws01/install/cpp01_topic:/home/jon/ws01/install/base_demo:/opt/ros/humble LD_LIBRARY_PATH=/home/jon/ws11/install/rviz_plugins/lib:${LD_LIBRARY_PATH} /usr/bin/cmake /home/jon/ws11/src/grid_path_searcher -DCMAKE_INSTALL_PREFIX=/home/jon/ws11/install/grid_path_searcher
[0.674s] Invoking command in '/home/jon/ws11/build/grid_path_searcher': AMENT_PREFIX_PATH=/home/jon/ws11/install/waypoint_generator:/home/jon/ws11/install/rviz_plugins:${AMENT_PREFIX_PATH} CMAKE_PREFIX_PATH=/home/jon/ws11/install/waypoint_generator:/home/jon/ws11/install/rviz_plugins:/home/jon/ws02/install/cpp02_rosbag:/home/jon/ws02/install/cpp01_launch:/home/jon/ws01/install/tutorails_plumbing:/home/jon/ws01/install/cpp07_exercise:/home/jon/ws01/install/turtlesim:/home/jon/ws01/install/cpp06_time:/home/jon/ws01/install/cpp05_names:/home/jon/ws01/install/cpp04_param:/home/jon/ws01/install/cpp03_action:/home/jon/ws01/install/cpp02_service:/home/jon/ws01/install/cpp01_topic:/home/jon/ws01/install/base_demo:/opt/ros/humble LD_LIBRARY_PATH=/home/jon/ws11/install/rviz_plugins/lib:${LD_LIBRARY_PATH} /usr/bin/cmake --build /home/jon/ws11/build/grid_path_searcher -- -j24 -l24
[0.705s] [ 50%] [32mBuilding CXX object CMakeFiles/demo_node.dir/src/demo_node.cpp.o[0m
[7.339s] [100%] [32m[1mLinking CXX executable demo_node[0m
[7.713s] [100%] Built target demo_node
[7.724s] Invoked command in '/home/jon/ws11/build/grid_path_searcher' returned '0': AMENT_PREFIX_PATH=/home/jon/ws11/install/waypoint_generator:/home/jon/ws11/install/rviz_plugins:${AMENT_PREFIX_PATH} CMAKE_PREFIX_PATH=/home/jon/ws11/install/waypoint_generator:/home/jon/ws11/install/rviz_plugins:/home/jon/ws02/install/cpp02_rosbag:/home/jon/ws02/install/cpp01_launch:/home/jon/ws01/install/tutorails_plumbing:/home/jon/ws01/install/cpp07_exercise:/home/jon/ws01/install/turtlesim:/home/jon/ws01/install/cpp06_time:/home/jon/ws01/install/cpp05_names:/home/jon/ws01/install/cpp04_param:/home/jon/ws01/install/cpp03_action:/home/jon/ws01/install/cpp02_service:/home/jon/ws01/install/cpp01_topic:/home/jon/ws01/install/base_demo:/opt/ros/humble LD_LIBRARY_PATH=/home/jon/ws11/install/rviz_plugins/lib:${LD_LIBRARY_PATH} /usr/bin/cmake --build /home/jon/ws11/build/grid_path_searcher -- -j24 -l24
[7.724s] Invoking command in '/home/jon/ws11/build/grid_path_searcher': AMENT_PREFIX_PATH=/home/jon/ws11/install/waypoint_generator:/home/jon/ws11/install/rviz_plugins:${AMENT_PREFIX_PATH} CMAKE_PREFIX_PATH=/home/jon/ws11/install/waypoint_generator:/home/jon/ws11/install/rviz_plugins:/home/jon/ws02/install/cpp02_rosbag:/home/jon/ws02/install/cpp01_launch:/home/jon/ws01/install/tutorails_plumbing:/home/jon/ws01/install/cpp07_exercise:/home/jon/ws01/install/turtlesim:/home/jon/ws01/install/cpp06_time:/home/jon/ws01/install/cpp05_names:/home/jon/ws01/install/cpp04_param:/home/jon/ws01/install/cpp03_action:/home/jon/ws01/install/cpp02_service:/home/jon/ws01/install/cpp01_topic:/home/jon/ws01/install/base_demo:/opt/ros/humble LD_LIBRARY_PATH=/home/jon/ws11/install/rviz_plugins/lib:${LD_LIBRARY_PATH} /usr/bin/cmake --install /home/jon/ws11/build/grid_path_searcher
[7.729s] -- Install configuration: ""
[7.729s] -- Installing: /home/jon/ws11/install/grid_path_searcher/lib/grid_path_searcher/demo_node
[7.733s] -- Set runtime path of "/home/jon/ws11/install/grid_path_searcher/lib/grid_path_searcher/demo_node" to ""
[7.733s] -- Installing: /home/jon/ws11/install/grid_path_searcher/share/grid_path_searcher/launch
[7.733s] -- Installing: /home/jon/ws11/install/grid_path_searcher/share/grid_path_searcher/launch/demo.launch
[7.733s] -- Installing: /home/jon/ws11/install/grid_path_searcher/share/grid_path_searcher/launch/demo.launch.py
[7.733s] -- Installing: /home/jon/ws11/install/grid_path_searcher/share/grid_path_searcher/launch/rviz_config
[7.733s] -- Installing: /home/jon/ws11/install/grid_path_searcher/share/grid_path_searcher/launch/rviz_config/demo_wx.rviz
[7.733s] -- Installing: /home/jon/ws11/install/grid_path_searcher/share/grid_path_searcher/launch/rviz_config/demo.rviz
[7.733s] -- Installing: /home/jon/ws11/install/grid_path_searcher/share/grid_path_searcher/launch/rviz_config/jps_demo.rviz
[7.735s] -- Installing: /home/jon/ws11/install/grid_path_searcher/share/ament_index/resource_index/package_run_dependencies/grid_path_searcher
[7.735s] -- Installing: /home/jon/ws11/install/grid_path_searcher/share/ament_index/resource_index/parent_prefix_path/grid_path_searcher
[7.735s] -- Installing: /home/jon/ws11/install/grid_path_searcher/share/grid_path_searcher/environment/ament_prefix_path.sh
[7.735s] -- Installing: /home/jon/ws11/install/grid_path_searcher/share/grid_path_searcher/environment/ament_prefix_path.dsv
[7.735s] -- Installing: /home/jon/ws11/install/grid_path_searcher/share/grid_path_searcher/environment/path.sh
[7.735s] -- Installing: /home/jon/ws11/install/grid_path_searcher/share/grid_path_searcher/environment/path.dsv
[7.735s] -- Installing: /home/jon/ws11/install/grid_path_searcher/share/grid_path_searcher/local_setup.bash
[7.735s] -- Installing: /home/jon/ws11/install/grid_path_searcher/share/grid_path_searcher/local_setup.sh
[7.735s] -- Installing: /home/jon/ws11/install/grid_path_searcher/share/grid_path_searcher/local_setup.zsh
[7.735s] -- Installing: /home/jon/ws11/install/grid_path_searcher/share/grid_path_searcher/local_setup.dsv
[7.735s] -- Installing: /home/jon/ws11/install/grid_path_searcher/share/grid_path_searcher/package.dsv
[7.735s] -- Installing: /home/jon/ws11/install/grid_path_searcher/share/ament_index/resource_index/packages/grid_path_searcher
[7.735s] -- Installing: /home/jon/ws11/install/grid_path_searcher/share/grid_path_searcher/cmake/grid_path_searcherConfig.cmake
[7.735s] -- Installing: /home/jon/ws11/install/grid_path_searcher/share/grid_path_searcher/cmake/grid_path_searcherConfig-version.cmake
[7.735s] -- Installing: /home/jon/ws11/install/grid_path_searcher/share/grid_path_searcher/package.xml
[7.736s] Invoked command in '/home/jon/ws11/build/grid_path_searcher' returned '0': AMENT_PREFIX_PATH=/home/jon/ws11/install/waypoint_generator:/home/jon/ws11/install/rviz_plugins:${AMENT_PREFIX_PATH} CMAKE_PREFIX_PATH=/home/jon/ws11/install/waypoint_generator:/home/jon/ws11/install/rviz_plugins:/home/jon/ws02/install/cpp02_rosbag:/home/jon/ws02/install/cpp01_launch:/home/jon/ws01/install/tutorails_plumbing:/home/jon/ws01/install/cpp07_exercise:/home/jon/ws01/install/turtlesim:/home/jon/ws01/install/cpp06_time:/home/jon/ws01/install/cpp05_names:/home/jon/ws01/install/cpp04_param:/home/jon/ws01/install/cpp03_action:/home/jon/ws01/install/cpp02_service:/home/jon/ws01/install/cpp01_topic:/home/jon/ws01/install/base_demo:/opt/ros/humble LD_LIBRARY_PATH=/home/jon/ws11/install/rviz_plugins/lib:${LD_LIBRARY_PATH} /usr/bin/cmake --install /home/jon/ws11/build/grid_path_searcher
