[0.005s] Invoking command in '/home/jon/ws11/build/grid_path_searcher': CMAKE_PREFIX_PATH=/home/jon/ws11/install/waypoint_generator:/home/jon/ws11/install/rviz_plugins:/home/jon/ws11/install/grid_path_searcher:/home/jon/ws02/install/cpp02_rosbag:/home/jon/ws02/install/cpp01_launch:/home/jon/ws01/install/tutorails_plumbing:/home/jon/ws01/install/cpp07_exercise:/home/jon/ws01/install/turtlesim:/home/jon/ws01/install/cpp06_time:/home/jon/ws01/install/cpp05_names:/home/jon/ws01/install/cpp04_param:/home/jon/ws01/install/cpp03_action:/home/jon/ws01/install/cpp02_service:/home/jon/ws01/install/cpp01_topic:/home/jon/ws01/install/base_demo:/opt/ros/humble /usr/bin/cmake --build /home/jon/ws11/build/grid_path_searcher -- -j24 -l24
[0.019s] -- Found ament_cmake: 1.3.14 (/opt/ros/humble/share/ament_cmake/cmake)
[0.079s] -- Override CMake install command with custom implementation using symlinks instead of copying resources
[0.082s] -- Found geometry_msgs: 4.9.2 (/opt/ros/humble/share/geometry_msgs/cmake)
[0.092s] -- Found rosidl_generator_c: 3.1.9 (/opt/ros/humble/share/rosidl_generator_c/cmake)
[0.093s] -- Found rosidl_adapter: 3.1.9 (/opt/ros/humble/share/rosidl_adapter/cmake)
[0.095s] -- Found rosidl_generator_cpp: 3.1.9 (/opt/ros/humble/share/rosidl_generator_cpp/cmake)
[0.099s] -- Using all available rosidl_typesupport_c: rosidl_typesupport_fastrtps_c;rosidl_typesupport_introspection_c
[0.104s] -- Using all available rosidl_typesupport_cpp: rosidl_typesupport_fastrtps_cpp;rosidl_typesupport_introspection_cpp
[0.119s] -- Found nav_msgs: 4.9.2 (/opt/ros/humble/share/nav_msgs/cmake)
[0.126s] -- Found rclcpp: 16.0.21 (/opt/ros/humble/share/rclcpp/cmake)
[0.136s] -- Found rmw_implementation_cmake: 6.1.4 (/opt/ros/humble/share/rmw_implementation_cmake/cmake)
[0.137s] -- Found rmw_fastrtps_cpp: 6.2.10 (/opt/ros/humble/share/rmw_fastrtps_cpp/cmake)
[0.184s] -- Using RMW implementation 'rmw_fastrtps_cpp' as default
[0.201s] -- Found sensor_msgs: 4.9.2 (/opt/ros/humble/share/sensor_msgs/cmake)
[0.207s] -- Found tf2: 0.25.23 (/opt/ros/humble/share/tf2/cmake)
[0.209s] -- Found tf2_geometry_msgs: 0.25.23 (/opt/ros/humble/share/tf2_geometry_msgs/cmake)
[0.210s] -- Found eigen3_cmake_module: 0.1.1 (/opt/ros/humble/share/eigen3_cmake_module/cmake)
[0.211s] -- Ensuring Eigen3 include directory is part of orocos-kdl CMake target
[0.243s] -- Found visualization_msgs: 4.9.2 (/opt/ros/humble/share/visualization_msgs/cmake)
[0.284s] -- Configuring done
[0.292s] -- Generating done
[0.294s] -- Build files have been written to: /home/jon/ws11/build/grid_path_searcher
[0.321s] [ 28%] Building CXX object CMakeFiles/demo_node.dir/src/demo_node.hpp.o
[0.321s] [ 28%] Building CXX object CMakeFiles/random_complex.dir/src/random_complex_node.hpp.o
[0.321s] [ 42%] Building CXX object CMakeFiles/occupancy_demo_node.dir/src/occupancy_demo_node.hpp.o
[0.322s] [ 57%] Building CXX object CMakeFiles/demo_node.dir/src/graph_searcher_impl.hpp.o
[0.327s] /home/jon/ws11/src/grid_path_searcher/src/random_complex_node.hpp:1:9: warning: #pragma once in main file
[0.327s]     1 | #pragma once
[0.327s]       |         ^~~~
[0.327s] /home/jon/ws11/src/grid_path_searcher/src/demo_node.hpp:1:9: warning: #pragma once in main file
[0.327s]     1 | #pragma once
[0.327s]       |         ^~~~
[0.327s] /home/jon/ws11/src/grid_path_searcher/src/graph_searcher_impl.hpp:1:9: warning: #pragma once in main file
[0.327s]     1 | #pragma once
[0.327s]       |         ^~~~
[0.327s] /home/jon/ws11/src/grid_path_searcher/src/occupancy_demo_node.hpp:1:9: warning: #pragma once in main file
[0.327s]     1 | #pragma once
[0.327s]       |         ^~~~
[2.978s] [ 71%] Linking CXX executable random_complex
[3.091s] [ 71%] Built target random_complex
[6.177s] [ 85%] Linking CXX executable demo_node
[6.452s] [ 85%] Built target demo_node
[7.135s] [100%] Linking CXX executable occupancy_demo_node
[7.511s] [100%] Built target occupancy_demo_node
[7.520s] Invoked command in '/home/jon/ws11/build/grid_path_searcher' returned '0': CMAKE_PREFIX_PATH=/home/jon/ws11/install/waypoint_generator:/home/jon/ws11/install/rviz_plugins:/home/jon/ws11/install/grid_path_searcher:/home/jon/ws02/install/cpp02_rosbag:/home/jon/ws02/install/cpp01_launch:/home/jon/ws01/install/tutorails_plumbing:/home/jon/ws01/install/cpp07_exercise:/home/jon/ws01/install/turtlesim:/home/jon/ws01/install/cpp06_time:/home/jon/ws01/install/cpp05_names:/home/jon/ws01/install/cpp04_param:/home/jon/ws01/install/cpp03_action:/home/jon/ws01/install/cpp02_service:/home/jon/ws01/install/cpp01_topic:/home/jon/ws01/install/base_demo:/opt/ros/humble /usr/bin/cmake --build /home/jon/ws11/build/grid_path_searcher -- -j24 -l24
[7.521s] Invoking command in '/home/jon/ws11/build/grid_path_searcher': CMAKE_PREFIX_PATH=/home/jon/ws11/install/waypoint_generator:/home/jon/ws11/install/rviz_plugins:/home/jon/ws11/install/grid_path_searcher:/home/jon/ws02/install/cpp02_rosbag:/home/jon/ws02/install/cpp01_launch:/home/jon/ws01/install/tutorails_plumbing:/home/jon/ws01/install/cpp07_exercise:/home/jon/ws01/install/turtlesim:/home/jon/ws01/install/cpp06_time:/home/jon/ws01/install/cpp05_names:/home/jon/ws01/install/cpp04_param:/home/jon/ws01/install/cpp03_action:/home/jon/ws01/install/cpp02_service:/home/jon/ws01/install/cpp01_topic:/home/jon/ws01/install/base_demo:/opt/ros/humble /usr/bin/cmake --install /home/jon/ws11/build/grid_path_searcher
[7.525s] -- Install configuration: ""
[7.525s] -- Execute custom install script
[7.525s] -- Up-to-date symlink: /home/jon/ws11/install/grid_path_searcher/lib/grid_path_searcher/demo_node
[7.525s] -- Up-to-date symlink: /home/jon/ws11/install/grid_path_searcher/lib/grid_path_searcher/random_complex
[7.525s] -- Up-to-date symlink: /home/jon/ws11/install/grid_path_searcher/lib/grid_path_searcher/occupancy_demo_node
[7.526s] -- Up-to-date symlink: /home/jon/ws11/install/grid_path_searcher/share/grid_path_searcher/launch/demo_launch.py
[7.526s] -- Up-to-date symlink: /home/jon/ws11/install/grid_path_searcher/share/grid_path_searcher/launch/demo_with_data_launch.py
[7.526s] -- Up-to-date symlink: /home/jon/ws11/install/grid_path_searcher/share/grid_path_searcher/launch/occupancy_demo_launch.py
[7.526s] -- Up-to-date symlink: /home/jon/ws11/install/grid_path_searcher/share/grid_path_searcher/data/qos_overrides.yaml
[7.526s] -- Up-to-date symlink: /home/jon/ws11/install/grid_path_searcher/share/grid_path_searcher/data/tutorial_demo/metadata.yaml
[7.526s] -- Up-to-date symlink: /home/jon/ws11/install/grid_path_searcher/share/grid_path_searcher/data/tutorial_demo/tutorial_demo.db3
[7.526s] -- Up-to-date symlink: /home/jon/ws11/install/grid_path_searcher/share/ament_index/resource_index/package_run_dependencies/grid_path_searcher
[7.527s] -- Up-to-date symlink: /home/jon/ws11/install/grid_path_searcher/share/ament_index/resource_index/parent_prefix_path/grid_path_searcher
[7.527s] -- Up-to-date symlink: /home/jon/ws11/install/grid_path_searcher/share/grid_path_searcher/environment/ament_prefix_path.sh
[7.527s] -- Up-to-date symlink: /home/jon/ws11/install/grid_path_searcher/share/grid_path_searcher/environment/ament_prefix_path.dsv
[7.527s] -- Up-to-date symlink: /home/jon/ws11/install/grid_path_searcher/share/grid_path_searcher/environment/path.sh
[7.527s] -- Up-to-date symlink: /home/jon/ws11/install/grid_path_searcher/share/grid_path_searcher/environment/path.dsv
[7.527s] -- Up-to-date symlink: /home/jon/ws11/install/grid_path_searcher/share/grid_path_searcher/local_setup.bash
[7.527s] -- Up-to-date symlink: /home/jon/ws11/install/grid_path_searcher/share/grid_path_searcher/local_setup.sh
[7.527s] -- Up-to-date symlink: /home/jon/ws11/install/grid_path_searcher/share/grid_path_searcher/local_setup.zsh
[7.528s] -- Up-to-date symlink: /home/jon/ws11/install/grid_path_searcher/share/grid_path_searcher/local_setup.dsv
[7.528s] -- Symlinking: /home/jon/ws11/install/grid_path_searcher/share/grid_path_searcher/package.dsv
[7.534s] -- Up-to-date symlink: /home/jon/ws11/install/grid_path_searcher/share/ament_index/resource_index/packages/grid_path_searcher
[7.534s] -- Up-to-date symlink: /home/jon/ws11/install/grid_path_searcher/share/grid_path_searcher/cmake/grid_path_searcherConfig.cmake
[7.534s] -- Up-to-date symlink: /home/jon/ws11/install/grid_path_searcher/share/grid_path_searcher/cmake/grid_path_searcherConfig-version.cmake
[7.534s] -- Up-to-date symlink: /home/jon/ws11/install/grid_path_searcher/share/grid_path_searcher/package.xml
[7.535s] Invoked command in '/home/jon/ws11/build/grid_path_searcher' returned '0': CMAKE_PREFIX_PATH=/home/jon/ws11/install/waypoint_generator:/home/jon/ws11/install/rviz_plugins:/home/jon/ws11/install/grid_path_searcher:/home/jon/ws02/install/cpp02_rosbag:/home/jon/ws02/install/cpp01_launch:/home/jon/ws01/install/tutorails_plumbing:/home/jon/ws01/install/cpp07_exercise:/home/jon/ws01/install/turtlesim:/home/jon/ws01/install/cpp06_time:/home/jon/ws01/install/cpp05_names:/home/jon/ws01/install/cpp04_param:/home/jon/ws01/install/cpp03_action:/home/jon/ws01/install/cpp02_service:/home/jon/ws01/install/cpp01_topic:/home/jon/ws01/install/base_demo:/opt/ros/humble /usr/bin/cmake --install /home/jon/ws11/build/grid_path_searcher
