[0.005s] Invoking command in '/home/jon/ws11/build/grid_path_searcher': AMENT_PREFIX_PATH=/home/jon/ws11/install/waypoint_generator:/home/jon/ws11/install/rviz_plugins:${AMENT_PREFIX_PATH} CMAKE_PREFIX_PATH=/home/jon/ws11/install/waypoint_generator:/home/jon/ws11/install/rviz_plugins:/home/jon/ws02/install/cpp01_launch:/home/jon/ws01/install/tutorails_plumbing:/home/jon/ws01/install/cpp07_exercise:/home/jon/ws01/install/turtlesim:/home/jon/ws01/install/cpp06_time:/home/jon/ws01/install/cpp05_names:/home/jon/ws01/install/cpp04_param:/home/jon/ws01/install/cpp03_action:/home/jon/ws01/install/cpp02_service:/home/jon/ws01/install/cpp01_topic:/home/jon/ws01/install/base_demo:/opt/ros/humble LD_LIBRARY_PATH=/home/jon/ws11/install/rviz_plugins/lib:${LD_LIBRARY_PATH} /usr/bin/cmake --build /home/jon/ws11/build/grid_path_searcher -- -j24 -l24
[0.021s] -- Found ament_cmake: 1.3.14 (/opt/ros/humble/share/ament_cmake/cmake)
[0.091s] -- Override CMake install command with custom implementation using symlinks instead of copying resources
[0.093s] -- Found geometry_msgs: 4.9.2 (/opt/ros/humble/share/geometry_msgs/cmake)
[0.106s] -- Found rosidl_generator_c: 3.1.9 (/opt/ros/humble/share/rosidl_generator_c/cmake)
[0.106s] -- Found rosidl_adapter: 3.1.9 (/opt/ros/humble/share/rosidl_adapter/cmake)
[0.108s] -- Found rosidl_generator_cpp: 3.1.9 (/opt/ros/humble/share/rosidl_generator_cpp/cmake)
[0.111s] -- Using all available rosidl_typesupport_c: rosidl_typesupport_fastrtps_c;rosidl_typesupport_introspection_c
[0.116s] -- Using all available rosidl_typesupport_cpp: rosidl_typesupport_fastrtps_cpp;rosidl_typesupport_introspection_cpp
[0.131s] -- Found nav_msgs: 4.9.2 (/opt/ros/humble/share/nav_msgs/cmake)
[0.140s] -- Found rclcpp: 16.0.21 (/opt/ros/humble/share/rclcpp/cmake)
[0.150s] -- Found rmw_implementation_cmake: 6.1.4 (/opt/ros/humble/share/rmw_implementation_cmake/cmake)
[0.151s] -- Found rmw_fastrtps_cpp: 6.2.10 (/opt/ros/humble/share/rmw_fastrtps_cpp/cmake)
[0.198s] -- Using RMW implementation 'rmw_fastrtps_cpp' as default
[0.215s] -- Found tf2: 0.25.23 (/opt/ros/humble/share/tf2/cmake)
[0.216s] -- Found tf2_geometry_msgs: 0.25.23 (/opt/ros/humble/share/tf2_geometry_msgs/cmake)
[0.218s] -- Found eigen3_cmake_module: 0.1.1 (/opt/ros/humble/share/eigen3_cmake_module/cmake)
[0.218s] -- Ensuring Eigen3 include directory is part of orocos-kdl CMake target
[0.251s] -- Found visualization_msgs: 4.9.2 (/opt/ros/humble/share/visualization_msgs/cmake)
[0.299s] -- Configuring done
[0.305s] -- Generating done
[0.307s] -- Build files have been written to: /home/jon/ws11/build/grid_path_searcher
[0.324s] Consolidate compiler generated dependencies of target demo_node
[0.336s] [100%] Built target demo_node
[0.344s] Invoked command in '/home/jon/ws11/build/grid_path_searcher' returned '0': AMENT_PREFIX_PATH=/home/jon/ws11/install/waypoint_generator:/home/jon/ws11/install/rviz_plugins:${AMENT_PREFIX_PATH} CMAKE_PREFIX_PATH=/home/jon/ws11/install/waypoint_generator:/home/jon/ws11/install/rviz_plugins:/home/jon/ws02/install/cpp01_launch:/home/jon/ws01/install/tutorails_plumbing:/home/jon/ws01/install/cpp07_exercise:/home/jon/ws01/install/turtlesim:/home/jon/ws01/install/cpp06_time:/home/jon/ws01/install/cpp05_names:/home/jon/ws01/install/cpp04_param:/home/jon/ws01/install/cpp03_action:/home/jon/ws01/install/cpp02_service:/home/jon/ws01/install/cpp01_topic:/home/jon/ws01/install/base_demo:/opt/ros/humble LD_LIBRARY_PATH=/home/jon/ws11/install/rviz_plugins/lib:${LD_LIBRARY_PATH} /usr/bin/cmake --build /home/jon/ws11/build/grid_path_searcher -- -j24 -l24
[0.345s] Invoking command in '/home/jon/ws11/build/grid_path_searcher': AMENT_PREFIX_PATH=/home/jon/ws11/install/waypoint_generator:/home/jon/ws11/install/rviz_plugins:${AMENT_PREFIX_PATH} CMAKE_PREFIX_PATH=/home/jon/ws11/install/waypoint_generator:/home/jon/ws11/install/rviz_plugins:/home/jon/ws02/install/cpp01_launch:/home/jon/ws01/install/tutorails_plumbing:/home/jon/ws01/install/cpp07_exercise:/home/jon/ws01/install/turtlesim:/home/jon/ws01/install/cpp06_time:/home/jon/ws01/install/cpp05_names:/home/jon/ws01/install/cpp04_param:/home/jon/ws01/install/cpp03_action:/home/jon/ws01/install/cpp02_service:/home/jon/ws01/install/cpp01_topic:/home/jon/ws01/install/base_demo:/opt/ros/humble LD_LIBRARY_PATH=/home/jon/ws11/install/rviz_plugins/lib:${LD_LIBRARY_PATH} /usr/bin/cmake --install /home/jon/ws11/build/grid_path_searcher
[0.349s] -- Install configuration: ""
[0.349s] -- Execute custom install script
[0.349s] -- Up-to-date symlink: /home/jon/ws11/install/grid_path_searcher/lib/grid_path_searcher/demo_node
[0.349s] -- Up-to-date symlink: /home/jon/ws11/install/grid_path_searcher/share/grid_path_searcher/launch/demo.launch
[0.350s] -- Up-to-date symlink: /home/jon/ws11/install/grid_path_searcher/share/grid_path_searcher/launch/demo.launch.py
[0.350s] -- Symlinking: /home/jon/ws11/install/grid_path_searcher/share/grid_path_searcher/launch/demo_with_data.launch.py
[0.354s] -- Up-to-date symlink: /home/jon/ws11/install/grid_path_searcher/share/grid_path_searcher/launch/rviz_config/demo.rviz
[0.355s] -- Up-to-date symlink: /home/jon/ws11/install/grid_path_searcher/share/grid_path_searcher/launch/rviz_config/demo_wx.rviz
[0.355s] -- Up-to-date symlink: /home/jon/ws11/install/grid_path_searcher/share/grid_path_searcher/launch/rviz_config/jps_demo.rviz
[0.355s] -- Symlinking: /home/jon/ws11/install/grid_path_searcher/share/grid_path_searcher/data/qos_overrides.yaml
[0.361s] -- Symlinking: /home/jon/ws11/install/grid_path_searcher/share/grid_path_searcher/data/tutorial_demo/metadata.yaml
[0.372s] -- Symlinking: /home/jon/ws11/install/grid_path_searcher/share/grid_path_searcher/data/tutorial_demo/tutorial_demo.db3
[0.377s] -- Up-to-date symlink: /home/jon/ws11/install/grid_path_searcher/share/ament_index/resource_index/package_run_dependencies/grid_path_searcher
[0.377s] -- Up-to-date symlink: /home/jon/ws11/install/grid_path_searcher/share/ament_index/resource_index/parent_prefix_path/grid_path_searcher
[0.377s] -- Up-to-date symlink: /home/jon/ws11/install/grid_path_searcher/share/grid_path_searcher/environment/ament_prefix_path.sh
[0.377s] -- Up-to-date symlink: /home/jon/ws11/install/grid_path_searcher/share/grid_path_searcher/environment/ament_prefix_path.dsv
[0.377s] -- Up-to-date symlink: /home/jon/ws11/install/grid_path_searcher/share/grid_path_searcher/environment/path.sh
[0.377s] -- Up-to-date symlink: /home/jon/ws11/install/grid_path_searcher/share/grid_path_searcher/environment/path.dsv
[0.378s] -- Up-to-date symlink: /home/jon/ws11/install/grid_path_searcher/share/grid_path_searcher/local_setup.bash
[0.378s] -- Up-to-date symlink: /home/jon/ws11/install/grid_path_searcher/share/grid_path_searcher/local_setup.sh
[0.378s] -- Up-to-date symlink: /home/jon/ws11/install/grid_path_searcher/share/grid_path_searcher/local_setup.zsh
[0.378s] -- Up-to-date symlink: /home/jon/ws11/install/grid_path_searcher/share/grid_path_searcher/local_setup.dsv
[0.378s] -- Symlinking: /home/jon/ws11/install/grid_path_searcher/share/grid_path_searcher/package.dsv
[0.382s] -- Up-to-date symlink: /home/jon/ws11/install/grid_path_searcher/share/ament_index/resource_index/packages/grid_path_searcher
[0.382s] -- Up-to-date symlink: /home/jon/ws11/install/grid_path_searcher/share/grid_path_searcher/cmake/grid_path_searcherConfig.cmake
[0.382s] -- Up-to-date symlink: /home/jon/ws11/install/grid_path_searcher/share/grid_path_searcher/cmake/grid_path_searcherConfig-version.cmake
[0.382s] -- Up-to-date symlink: /home/jon/ws11/install/grid_path_searcher/share/grid_path_searcher/package.xml
[0.383s] Invoked command in '/home/jon/ws11/build/grid_path_searcher' returned '0': AMENT_PREFIX_PATH=/home/jon/ws11/install/waypoint_generator:/home/jon/ws11/install/rviz_plugins:${AMENT_PREFIX_PATH} CMAKE_PREFIX_PATH=/home/jon/ws11/install/waypoint_generator:/home/jon/ws11/install/rviz_plugins:/home/jon/ws02/install/cpp01_launch:/home/jon/ws01/install/tutorails_plumbing:/home/jon/ws01/install/cpp07_exercise:/home/jon/ws01/install/turtlesim:/home/jon/ws01/install/cpp06_time:/home/jon/ws01/install/cpp05_names:/home/jon/ws01/install/cpp04_param:/home/jon/ws01/install/cpp03_action:/home/jon/ws01/install/cpp02_service:/home/jon/ws01/install/cpp01_topic:/home/jon/ws01/install/base_demo:/opt/ros/humble LD_LIBRARY_PATH=/home/jon/ws11/install/rviz_plugins/lib:${LD_LIBRARY_PATH} /usr/bin/cmake --install /home/jon/ws11/build/grid_path_searcher
