[0.006s] Invoking command in '/home/jon/ws11/build/waypoint_generator': CMAKE_PREFIX_PATH=${CMAKE_PREFIX_PATH}:/opt/ros/humble /usr/bin/cmake /home/jon/ws11/src/waypoint_generator -DCMAKE_INSTALL_PREFIX=/home/jon/ws11/install/waypoint_generator
[0.044s] -- The C compiler identification is GNU 11.4.0
[0.074s] -- The CXX compiler identification is GNU 11.4.0
[0.078s] -- Detecting C compiler ABI info
[0.124s] -- Detecting C compiler ABI info - done
[0.125s] -- Check for working C compiler: /usr/bin/cc - skipped
[0.126s] -- Detecting C compile features
[0.126s] -- Detecting C compile features - done
[0.128s] -- Detecting CXX compiler ABI info
[0.168s] -- Detecting CXX compiler ABI info - done
[0.171s] -- Check for working CXX compiler: /usr/bin/c++ - skipped
[0.171s] -- Detecting CXX compile features
[0.172s] -- Detecting CXX compile features - done
[0.173s] -- Found ament_cmake: 1.3.14 (/opt/ros/humble/share/ament_cmake/cmake)
[0.259s] -- Found Python3: /usr/bin/python3 (found version "3.10.12") found components: Interpreter 
[0.303s] -- Found geometry_msgs: 4.9.2 (/opt/ros/humble/share/geometry_msgs/cmake)
[0.322s] -- Found rosidl_generator_c: 3.1.9 (/opt/ros/humble/share/rosidl_generator_c/cmake)
[0.323s] -- Found rosidl_adapter: 3.1.9 (/opt/ros/humble/share/rosidl_adapter/cmake)
[0.328s] -- Found rosidl_generator_cpp: 3.1.9 (/opt/ros/humble/share/rosidl_generator_cpp/cmake)
[0.333s] -- Using all available rosidl_typesupport_c: rosidl_typesupport_fastrtps_c;rosidl_typesupport_introspection_c
[0.341s] -- Using all available rosidl_typesupport_cpp: rosidl_typesupport_fastrtps_cpp;rosidl_typesupport_introspection_cpp
[0.358s] -- Found nav_msgs: 4.9.2 (/opt/ros/humble/share/nav_msgs/cmake)
[0.366s] -- Found rclcpp: 16.0.21 (/opt/ros/humble/share/rclcpp/cmake)
[0.385s] -- Found rmw_implementation_cmake: 6.1.4 (/opt/ros/humble/share/rmw_implementation_cmake/cmake)
[0.386s] -- Found rmw_fastrtps_cpp: 6.2.10 (/opt/ros/humble/share/rmw_fastrtps_cpp/cmake)
[0.437s] -- Found OpenSSL: /usr/lib/x86_64-linux-gnu/libcrypto.so (found version "3.0.2")  
[0.450s] -- Found FastRTPS: /opt/ros/humble/include  
[0.472s] -- Using RMW implementation 'rmw_fastrtps_cpp' as default
[0.476s] -- Looking for pthread.h
[0.533s] -- Looking for pthread.h - found
[0.533s] -- Performing Test CMAKE_HAVE_LIBC_PTHREAD
[0.582s] -- Performing Test CMAKE_HAVE_LIBC_PTHREAD - Success
[0.583s] -- Found Threads: TRUE  
[0.606s] -- Found tf2: 0.25.23 (/opt/ros/humble/share/tf2/cmake)
[0.608s] -- Found tf2_geometry_msgs: 0.25.23 (/opt/ros/humble/share/tf2_geometry_msgs/cmake)
[0.615s] -- Found eigen3_cmake_module: 0.1.1 (/opt/ros/humble/share/eigen3_cmake_module/cmake)
[0.616s] -- Found Eigen3: TRUE (found version "3.4.0") 
[0.616s] -- Ensuring Eigen3 include directory is part of orocos-kdl CMake target
[0.689s] -- Configuring done
[0.694s] -- Generating done
[0.696s] -- Build files have been written to: /home/jon/ws11/build/waypoint_generator
[0.704s] Invoked command in '/home/jon/ws11/build/waypoint_generator' returned '0': CMAKE_PREFIX_PATH=${CMAKE_PREFIX_PATH}:/opt/ros/humble /usr/bin/cmake /home/jon/ws11/src/waypoint_generator -DCMAKE_INSTALL_PREFIX=/home/jon/ws11/install/waypoint_generator
[0.705s] Invoking command in '/home/jon/ws11/build/waypoint_generator': CMAKE_PREFIX_PATH=${CMAKE_PREFIX_PATH}:/opt/ros/humble /usr/bin/cmake --build /home/jon/ws11/build/waypoint_generator -- -j24 -l24
[0.736s] [ 50%] [32mBuilding CXX object CMakeFiles/waypoint_generator.dir/src/waypoint_generator.cpp.o[0m
[6.435s] [100%] [32m[1mLinking CXX executable waypoint_generator[0m
[6.719s] [100%] Built target waypoint_generator
[6.728s] Invoked command in '/home/jon/ws11/build/waypoint_generator' returned '0': CMAKE_PREFIX_PATH=${CMAKE_PREFIX_PATH}:/opt/ros/humble /usr/bin/cmake --build /home/jon/ws11/build/waypoint_generator -- -j24 -l24
[6.729s] Invoking command in '/home/jon/ws11/build/waypoint_generator': CMAKE_PREFIX_PATH=${CMAKE_PREFIX_PATH}:/opt/ros/humble /usr/bin/cmake --install /home/jon/ws11/build/waypoint_generator
[6.733s] -- Install configuration: ""
[6.733s] -- Installing: /home/jon/ws11/install/waypoint_generator/lib/waypoint_generator/waypoint_generator
[6.737s] -- Set runtime path of "/home/jon/ws11/install/waypoint_generator/lib/waypoint_generator/waypoint_generator" to ""
[6.738s] -- Installing: /home/jon/ws11/install/waypoint_generator/share/ament_index/resource_index/package_run_dependencies/waypoint_generator
[6.738s] -- Installing: /home/jon/ws11/install/waypoint_generator/share/ament_index/resource_index/parent_prefix_path/waypoint_generator
[6.738s] -- Installing: /home/jon/ws11/install/waypoint_generator/share/waypoint_generator/environment/ament_prefix_path.sh
[6.738s] -- Installing: /home/jon/ws11/install/waypoint_generator/share/waypoint_generator/environment/ament_prefix_path.dsv
[6.738s] -- Installing: /home/jon/ws11/install/waypoint_generator/share/waypoint_generator/environment/path.sh
[6.738s] -- Installing: /home/jon/ws11/install/waypoint_generator/share/waypoint_generator/environment/path.dsv
[6.738s] -- Installing: /home/jon/ws11/install/waypoint_generator/share/waypoint_generator/local_setup.bash
[6.739s] -- Installing: /home/jon/ws11/install/waypoint_generator/share/waypoint_generator/local_setup.sh
[6.739s] -- Installing: /home/jon/ws11/install/waypoint_generator/share/waypoint_generator/local_setup.zsh
[6.739s] -- Installing: /home/jon/ws11/install/waypoint_generator/share/waypoint_generator/local_setup.dsv
[6.739s] -- Installing: /home/jon/ws11/install/waypoint_generator/share/waypoint_generator/package.dsv
[6.739s] -- Installing: /home/jon/ws11/install/waypoint_generator/share/ament_index/resource_index/packages/waypoint_generator
[6.739s] -- Installing: /home/jon/ws11/install/waypoint_generator/share/waypoint_generator/cmake/waypoint_generatorConfig.cmake
[6.739s] -- Installing: /home/jon/ws11/install/waypoint_generator/share/waypoint_generator/cmake/waypoint_generatorConfig-version.cmake
[6.739s] -- Installing: /home/jon/ws11/install/waypoint_generator/share/waypoint_generator/package.xml
[6.741s] Invoked command in '/home/jon/ws11/build/waypoint_generator' returned '0': CMAKE_PREFIX_PATH=${CMAKE_PREFIX_PATH}:/opt/ros/humble /usr/bin/cmake --install /home/jon/ws11/build/waypoint_generator
