[0.007s] Invoking command in '/home/jon/ws11/build/grid_path_searcher_2d': CMAKE_PREFIX_PATH=/home/jon/ws11/install/waypoint_generator:/home/jon/ws11/install/rviz_plugins:/home/jon/ws11/install/grid_path_searcher:/home/jon/ws02/install/cpp02_rosbag:/home/jon/ws02/install/cpp01_launch:/home/jon/ws01/install/tutorails_plumbing:/home/jon/ws01/install/cpp07_exercise:/home/jon/ws01/install/turtlesim:/home/jon/ws01/install/cpp06_time:/home/jon/ws01/install/cpp05_names:/home/jon/ws01/install/cpp04_param:/home/jon/ws01/install/cpp03_action:/home/jon/ws01/install/cpp02_service:/home/jon/ws01/install/cpp01_topic:/home/jon/ws01/install/base_demo:/opt/ros/humble /usr/bin/cmake --build /home/jon/ws11/build/grid_path_searcher_2d -- -j24 -l24
[0.021s] -- Found ament_cmake: 1.3.14 (/opt/ros/humble/share/ament_cmake/cmake)
[0.085s] -- Override CMake install command with custom implementation using symlinks instead of copying resources
[0.089s] -- Found geometry_msgs: 4.9.2 (/opt/ros/humble/share/geometry_msgs/cmake)
[0.100s] -- Found rosidl_generator_c: 3.1.9 (/opt/ros/humble/share/rosidl_generator_c/cmake)
[0.100s] -- Found rosidl_adapter: 3.1.9 (/opt/ros/humble/share/rosidl_adapter/cmake)
[0.103s] -- Found rosidl_generator_cpp: 3.1.9 (/opt/ros/humble/share/rosidl_generator_cpp/cmake)
[0.107s] -- Using all available rosidl_typesupport_c: rosidl_typesupport_fastrtps_c;rosidl_typesupport_introspection_c
[0.112s] -- Using all available rosidl_typesupport_cpp: rosidl_typesupport_fastrtps_cpp;rosidl_typesupport_introspection_cpp
[0.126s] -- Found nav_msgs: 4.9.2 (/opt/ros/humble/share/nav_msgs/cmake)
[0.133s] -- Found rclcpp: 16.0.21 (/opt/ros/humble/share/rclcpp/cmake)
[0.144s] -- Found rmw_implementation_cmake: 6.1.4 (/opt/ros/humble/share/rmw_implementation_cmake/cmake)
[0.144s] -- Found rmw_fastrtps_cpp: 6.2.10 (/opt/ros/humble/share/rmw_fastrtps_cpp/cmake)
[0.196s] -- Using RMW implementation 'rmw_fastrtps_cpp' as default
[0.213s] -- Found tf2: 0.25.23 (/opt/ros/humble/share/tf2/cmake)
[0.214s] -- Found tf2_geometry_msgs: 0.25.23 (/opt/ros/humble/share/tf2_geometry_msgs/cmake)
[0.216s] -- Found eigen3_cmake_module: 0.1.1 (/opt/ros/humble/share/eigen3_cmake_module/cmake)
[0.216s] -- Ensuring Eigen3 include directory is part of orocos-kdl CMake target
[0.249s] -- Found visualization_msgs: 4.9.2 (/opt/ros/humble/share/visualization_msgs/cmake)
[0.298s] -- Configuring done
[0.306s] -- Generating done
[0.310s] -- Build files have been written to: /home/jon/ws11/build/grid_path_searcher_2d
[0.331s] Consolidate compiler generated dependencies of target grid_searcher_2d
[0.331s] Consolidate compiler generated dependencies of target random_map_2d
[0.341s] [ 33%] Built target grid_searcher_2d
[0.341s] [ 66%] Built target random_map_2d
[0.353s] Consolidate compiler generated dependencies of target demo_node_2d
[0.364s] [ 83%] Building CXX object CMakeFiles/demo_node_2d.dir/src/demo_node.cpp.o
[6.088s] [100%] Linking CXX executable demo_node_2d
[6.416s] [100%] Built target demo_node_2d
[6.425s] Invoked command in '/home/jon/ws11/build/grid_path_searcher_2d' returned '0': CMAKE_PREFIX_PATH=/home/jon/ws11/install/waypoint_generator:/home/jon/ws11/install/rviz_plugins:/home/jon/ws11/install/grid_path_searcher:/home/jon/ws02/install/cpp02_rosbag:/home/jon/ws02/install/cpp01_launch:/home/jon/ws01/install/tutorails_plumbing:/home/jon/ws01/install/cpp07_exercise:/home/jon/ws01/install/turtlesim:/home/jon/ws01/install/cpp06_time:/home/jon/ws01/install/cpp05_names:/home/jon/ws01/install/cpp04_param:/home/jon/ws01/install/cpp03_action:/home/jon/ws01/install/cpp02_service:/home/jon/ws01/install/cpp01_topic:/home/jon/ws01/install/base_demo:/opt/ros/humble /usr/bin/cmake --build /home/jon/ws11/build/grid_path_searcher_2d -- -j24 -l24
[6.425s] Invoking command in '/home/jon/ws11/build/grid_path_searcher_2d': CMAKE_PREFIX_PATH=/home/jon/ws11/install/waypoint_generator:/home/jon/ws11/install/rviz_plugins:/home/jon/ws11/install/grid_path_searcher:/home/jon/ws02/install/cpp02_rosbag:/home/jon/ws02/install/cpp01_launch:/home/jon/ws01/install/tutorails_plumbing:/home/jon/ws01/install/cpp07_exercise:/home/jon/ws01/install/turtlesim:/home/jon/ws01/install/cpp06_time:/home/jon/ws01/install/cpp05_names:/home/jon/ws01/install/cpp04_param:/home/jon/ws01/install/cpp03_action:/home/jon/ws01/install/cpp02_service:/home/jon/ws01/install/cpp01_topic:/home/jon/ws01/install/base_demo:/opt/ros/humble /usr/bin/cmake --install /home/jon/ws11/build/grid_path_searcher_2d
[6.431s] -- Install configuration: ""
[6.431s] -- Execute custom install script
[6.431s] -- Up-to-date symlink: /home/jon/ws11/install/grid_path_searcher_2d/lib/libgrid_searcher_2d.a
[6.431s] -- Up-to-date symlink: /home/jon/ws11/install/grid_path_searcher_2d/lib/grid_path_searcher_2d/demo_node_2d
[6.431s] -- Up-to-date symlink: /home/jon/ws11/install/grid_path_searcher_2d/lib/grid_path_searcher_2d/random_map_2d
[6.431s] -- Up-to-date symlink: /home/jon/ws11/install/grid_path_searcher_2d/include/grid_path_searcher_2d/grid_searcher_2d.hpp
[6.433s] -- Up-to-date symlink: /home/jon/ws11/install/grid_path_searcher_2d/share/grid_path_searcher_2d/launch/demo_launch.py
[6.433s] -- Up-to-date symlink: /home/jon/ws11/install/grid_path_searcher_2d/share/grid_path_searcher_2d/config/demo_2d.rviz
[6.433s] -- Up-to-date symlink: /home/jon/ws11/install/grid_path_searcher_2d/share/ament_index/resource_index/package_run_dependencies/grid_path_searcher_2d
[6.433s] -- Up-to-date symlink: /home/jon/ws11/install/grid_path_searcher_2d/share/ament_index/resource_index/parent_prefix_path/grid_path_searcher_2d
[6.433s] -- Up-to-date symlink: /home/jon/ws11/install/grid_path_searcher_2d/share/grid_path_searcher_2d/environment/ament_prefix_path.sh
[6.433s] -- Up-to-date symlink: /home/jon/ws11/install/grid_path_searcher_2d/share/grid_path_searcher_2d/environment/ament_prefix_path.dsv
[6.433s] -- Up-to-date symlink: /home/jon/ws11/install/grid_path_searcher_2d/share/grid_path_searcher_2d/environment/path.sh
[6.433s] -- Up-to-date symlink: /home/jon/ws11/install/grid_path_searcher_2d/share/grid_path_searcher_2d/environment/path.dsv
[6.433s] -- Up-to-date symlink: /home/jon/ws11/install/grid_path_searcher_2d/share/grid_path_searcher_2d/local_setup.bash
[6.433s] -- Up-to-date symlink: /home/jon/ws11/install/grid_path_searcher_2d/share/grid_path_searcher_2d/local_setup.sh
[6.433s] -- Up-to-date symlink: /home/jon/ws11/install/grid_path_searcher_2d/share/grid_path_searcher_2d/local_setup.zsh
[6.433s] -- Up-to-date symlink: /home/jon/ws11/install/grid_path_searcher_2d/share/grid_path_searcher_2d/local_setup.dsv
[6.433s] -- Symlinking: /home/jon/ws11/install/grid_path_searcher_2d/share/grid_path_searcher_2d/package.dsv
[6.439s] -- Up-to-date symlink: /home/jon/ws11/install/grid_path_searcher_2d/share/ament_index/resource_index/packages/grid_path_searcher_2d
[6.439s] -- Up-to-date symlink: /home/jon/ws11/install/grid_path_searcher_2d/share/grid_path_searcher_2d/cmake/ament_cmake_export_include_directories-extras.cmake
[6.439s] -- Up-to-date symlink: /home/jon/ws11/install/grid_path_searcher_2d/share/grid_path_searcher_2d/cmake/ament_cmake_export_dependencies-extras.cmake
[6.439s] -- Up-to-date symlink: /home/jon/ws11/install/grid_path_searcher_2d/share/grid_path_searcher_2d/cmake/grid_path_searcher_2dConfig.cmake
[6.439s] -- Up-to-date symlink: /home/jon/ws11/install/grid_path_searcher_2d/share/grid_path_searcher_2d/cmake/grid_path_searcher_2dConfig-version.cmake
[6.439s] -- Up-to-date symlink: /home/jon/ws11/install/grid_path_searcher_2d/share/grid_path_searcher_2d/package.xml
[6.440s] Invoked command in '/home/jon/ws11/build/grid_path_searcher_2d' returned '0': CMAKE_PREFIX_PATH=/home/jon/ws11/install/waypoint_generator:/home/jon/ws11/install/rviz_plugins:/home/jon/ws11/install/grid_path_searcher:/home/jon/ws02/install/cpp02_rosbag:/home/jon/ws02/install/cpp01_launch:/home/jon/ws01/install/tutorails_plumbing:/home/jon/ws01/install/cpp07_exercise:/home/jon/ws01/install/turtlesim:/home/jon/ws01/install/cpp06_time:/home/jon/ws01/install/cpp05_names:/home/jon/ws01/install/cpp04_param:/home/jon/ws01/install/cpp03_action:/home/jon/ws01/install/cpp02_service:/home/jon/ws01/install/cpp01_topic:/home/jon/ws01/install/base_demo:/opt/ros/humble /usr/bin/cmake --install /home/jon/ws11/build/grid_path_searcher_2d
