[0.009s] Invoking command in '/home/jon/ws11/build/waypoint_generator': CMAKE_PREFIX_PATH=${CMAKE_PREFIX_PATH}:/opt/ros/humble /usr/bin/cmake --build /home/jon/ws11/build/waypoint_generator -- -j24 -l24
[0.026s] -- Found ament_cmake: 1.3.14 (/opt/ros/humble/share/ament_cmake/cmake)
[0.095s] -- Override CMake install command with custom implementation using symlinks instead of copying resources
[0.098s] -- Found geometry_msgs: 4.9.2 (/opt/ros/humble/share/geometry_msgs/cmake)
[0.109s] -- Found rosidl_generator_c: 3.1.9 (/opt/ros/humble/share/rosidl_generator_c/cmake)
[0.110s] -- Found rosidl_adapter: 3.1.9 (/opt/ros/humble/share/rosidl_adapter/cmake)
[0.113s] -- Found rosidl_generator_cpp: 3.1.9 (/opt/ros/humble/share/rosidl_generator_cpp/cmake)
[0.117s] -- Using all available rosidl_typesupport_c: rosidl_typesupport_fastrtps_c;rosidl_typesupport_introspection_c
[0.122s] -- Using all available rosidl_typesupport_cpp: rosidl_typesupport_fastrtps_cpp;rosidl_typesupport_introspection_cpp
[0.137s] -- Found nav_msgs: 4.9.2 (/opt/ros/humble/share/nav_msgs/cmake)
[0.143s] -- Found rclcpp: 16.0.21 (/opt/ros/humble/share/rclcpp/cmake)
[0.154s] -- Found rmw_implementation_cmake: 6.1.4 (/opt/ros/humble/share/rmw_implementation_cmake/cmake)
[0.155s] -- Found rmw_fastrtps_cpp: 6.2.10 (/opt/ros/humble/share/rmw_fastrtps_cpp/cmake)
[0.204s] -- Using RMW implementation 'rmw_fastrtps_cpp' as default
[0.222s] -- Found tf2: 0.25.23 (/opt/ros/humble/share/tf2/cmake)
[0.223s] -- Found tf2_geometry_msgs: 0.25.23 (/opt/ros/humble/share/tf2_geometry_msgs/cmake)
[0.224s] -- Found eigen3_cmake_module: 0.1.1 (/opt/ros/humble/share/eigen3_cmake_module/cmake)
[0.224s] -- Ensuring Eigen3 include directory is part of orocos-kdl CMake target
[0.296s] -- Configuring done
[0.301s] -- Generating done
[0.302s] -- Build files have been written to: /home/jon/ws11/build/waypoint_generator
[0.328s] [ 50%] Building CXX object CMakeFiles/waypoint_generator.dir/src/waypoint_generator.hpp.o
[0.335s] /home/jon/ws11/src/waypoint_generator/src/waypoint_generator.hpp:1:9: warning: #pragma once in main file
[0.335s]     1 | #pragma once
[0.335s]       |         ^~~~
[6.575s] [100%] Linking CXX executable waypoint_generator
[6.588s] CMakeFiles/waypoint_generator.dir/src/waypoint_generator.hpp.o: file not recognized: file format not recognized
[6.588s] collect2: error: ld returned 1 exit status
[6.590s] gmake[2]: *** [CMakeFiles/waypoint_generator.dir/build.make:205：waypoint_generator] 错误 1
[6.590s] gmake[1]: *** [CMakeFiles/Makefile2:137：CMakeFiles/waypoint_generator.dir/all] 错误 2
[6.591s] gmake: *** [Makefile:146：all] 错误 2
[6.595s] Invoked command in '/home/jon/ws11/build/waypoint_generator' returned '2': CMAKE_PREFIX_PATH=${CMAKE_PREFIX_PATH}:/opt/ros/humble /usr/bin/cmake --build /home/jon/ws11/build/waypoint_generator -- -j24 -l24
